../Core/Src/atk_mw8266d.c:30:13:atk_mw8266d_hw_init	32	static
../Core/Src/atk_mw8266d.c:48:6:atk_mw8266d_hw_reset	8	static
../Core/Src/atk_mw8266d.c:64:9:atk_mw8266d_send_at_cmd	32	static
../Core/Src/atk_mw8266d.c:105:9:atk_mw8266d_init	8	static
../Core/Src/atk_mw8266d.c:123:9:atk_mw8266d_restore	16	static
../Core/Src/atk_mw8266d.c:144:9:atk_mw8266d_at_test	16	static
../Core/Src/atk_mw8266d.c:170:9:atk_mw8266d_set_mode	24	static
../Core/Src/atk_mw8266d.c:213:9:atk_mw8266d_sw_reset	16	static
../Core/Src/atk_mw8266d.c:236:9:atk_mw8266d_ate_config	24	static
../Core/Src/atk_mw8266d.c:275:9:atk_mw8266d_join_ap	88	static
../Core/Src/atk_mw8266d.c:298:9:atk_mw8266d_get_ip	32	static
../Core/Src/atk_mw8266d.c:325:9:atk_mw8266d_connect_tcp_server	88	static
../Core/Src/atk_mw8266d.c:348:9:atk_mw8266d_enter_unvarnished	16	static
../Core/Src/atk_mw8266d.c:369:6:atk_mw8266d_exit_unvarnished	8	static
../Core/Src/atk_mw8266d.c:381:9:atk_mw8266d_connect_atkcld	88	static
../Core/Src/atk_mw8266d.c:404:9:atk_mw8266d_disconnect_atkcld	16	static
