../Core/Src/lcd_spi_200.c:68:7:LCD_WriteCommand	16	static
../Core/Src/lcd_spi_200.c:84:7:LCD_WriteData_8bit	16	static
../Core/Src/lcd_spi_200.c:100:7:LCD_WriteData_16bit	24	static
../Core/Src/lcd_spi_200.c:120:7:LCD_WriteBuff	16	static
../Core/Src/lcd_spi_200.c:142:6:SPI_LCD_Init	8	static
../Core/Src/lcd_spi_200.c:250:6:LCD_SetAddress	24	static
../Core/Src/lcd_spi_200.c:275:6:LCD_SetColor	24	static
../Core/Src/lcd_spi_200.c:298:6:LCD_SetBackColor	24	static
../Core/Src/lcd_spi_200.c:321:6:LCD_SetDirection	16	static
../Core/Src/lcd_spi_200.c:376:6:LCD_SetAsciiFont	16	static
../Core/Src/lcd_spi_200.c:391:6:LCD_Clear	8	static
../Core/Src/lcd_spi_200.c:423:6:LCD_ClearRect	24	static
../Core/Src/lcd_spi_200.c:454:6:LCD_DrawPoint	16	static
../Core/Src/lcd_spi_200.c:477:6:LCD_DisplayChar	40	static
../Core/Src/lcd_spi_200.c:527:6:LCD_DisplayString	16	static
../Core/Src/lcd_spi_200.c:553:6:LCD_SetTextFont	16	static
../Core/Src/lcd_spi_200.c:582:6:LCD_DisplayChinese	40	static
../Core/Src/lcd_spi_200.c:647:6:LCD_DisplayText	16	static
../Core/Src/lcd_spi_200.c:679:6:LCD_ShowNumMode	16	static
../Core/Src/lcd_spi_200.c:702:7:LCD_DisplayNumber	40	static
../Core/Src/lcd_spi_200.c:743:7:LCD_DisplayDecimals	64	static
../Core/Src/lcd_spi_200.c:777:6:LCD_DrawLine	56	static
../Core/Src/lcd_spi_200.c:858:6:LCD_DrawLine_V	24	static
../Core/Src/lcd_spi_200.c:886:6:LCD_DrawLine_H	24	static
../Core/Src/lcd_spi_200.c:913:6:LCD_DrawRect	24	static
../Core/Src/lcd_spi_200.c:939:6:LCD_DrawCircle	32	static
../Core/Src/lcd_spi_200.c:975:6:LCD_DrawEllipse	56	static
../Core/Src/lcd_spi_200.c:1039:6:LCD_FillCircle	32	static
../Core/Src/lcd_spi_200.c:1094:6:LCD_FillRect	24	static
../Core/Src/lcd_spi_200.c:1128:7:LCD_DrawImage	40	static
../Core/Src/lcd_spi_200.c:1200:6:LCD_CopyBuffer	24	static
../Core/Src/lcd_spi_200.c:1237:19:MY_SPI_WaitOnFlagUntilTimeout	24	static
../Core/Src/lcd_spi_200.c:1260:7:MY_SPI_CloseTransfer	24	static
../Core/Src/lcd_spi_200.c:1322:19:LCD_SPI_Transmit	56	static
../Core/Src/lcd_spi_200.c:1449:19:LCD_SPI_TransmitBuffer	48	static
