Archive member included to satisfy reference by file (symbol)

D:/ST/cubeide/STM32CubeIDE_1.19.0/STM32CubeIDE/plugins/com.st.stm32cube.ide.mcu.externaltools.gnu-tools-for-stm32.13.3.rel1.win32_1.0.0.202411081344/tools/bin/../lib/gcc/arm-none-eabi/13.3.1/../../../../arm-none-eabi/lib/thumb/v7e-m+dp/hard\libc_nano.a(libc_a-exit.o)
                              D:/ST/cubeide/STM32CubeIDE_1.19.0/STM32CubeIDE/plugins/com.st.stm32cube.ide.mcu.externaltools.gnu-tools-for-stm32.13.3.rel1.win32_1.0.0.202411081344/tools/bin/../lib/gcc/arm-none-eabi/13.3.1/../../../../arm-none-eabi/lib/thumb/v7e-m+dp/hard/crt0.o (exit)
D:/ST/cubeide/STM32CubeIDE_1.19.0/STM32CubeIDE/plugins/com.st.stm32cube.ide.mcu.externaltools.gnu-tools-for-stm32.13.3.rel1.win32_1.0.0.202411081344/tools/bin/../lib/gcc/arm-none-eabi/13.3.1/../../../../arm-none-eabi/lib/thumb/v7e-m+dp/hard\libc_nano.a(libc_a-findfp.o)
                              D:/ST/cubeide/STM32CubeIDE_1.19.0/STM32CubeIDE/plugins/com.st.stm32cube.ide.mcu.externaltools.gnu-tools-for-stm32.13.3.rel1.win32_1.0.0.202411081344/tools/bin/../lib/gcc/arm-none-eabi/13.3.1/../../../../arm-none-eabi/lib/thumb/v7e-m+dp/hard\libc_nano.a(libc_a-exit.o) (__stdio_exit_handler)
D:/ST/cubeide/STM32CubeIDE_1.19.0/STM32CubeIDE/plugins/com.st.stm32cube.ide.mcu.externaltools.gnu-tools-for-stm32.13.3.rel1.win32_1.0.0.202411081344/tools/bin/../lib/gcc/arm-none-eabi/13.3.1/../../../../arm-none-eabi/lib/thumb/v7e-m+dp/hard\libc_nano.a(libc_a-fwalk.o)
                              D:/ST/cubeide/STM32CubeIDE_1.19.0/STM32CubeIDE/plugins/com.st.stm32cube.ide.mcu.externaltools.gnu-tools-for-stm32.13.3.rel1.win32_1.0.0.202411081344/tools/bin/../lib/gcc/arm-none-eabi/13.3.1/../../../../arm-none-eabi/lib/thumb/v7e-m+dp/hard\libc_nano.a(libc_a-findfp.o) (_fwalk_sglue)
D:/ST/cubeide/STM32CubeIDE_1.19.0/STM32CubeIDE/plugins/com.st.stm32cube.ide.mcu.externaltools.gnu-tools-for-stm32.13.3.rel1.win32_1.0.0.202411081344/tools/bin/../lib/gcc/arm-none-eabi/13.3.1/../../../../arm-none-eabi/lib/thumb/v7e-m+dp/hard\libc_nano.a(libc_a-sprintf.o)
                              ./Core/Src/lcd_spi_200.o (sprintf)
D:/ST/cubeide/STM32CubeIDE_1.19.0/STM32CubeIDE/plugins/com.st.stm32cube.ide.mcu.externaltools.gnu-tools-for-stm32.13.3.rel1.win32_1.0.0.202411081344/tools/bin/../lib/gcc/arm-none-eabi/13.3.1/../../../../arm-none-eabi/lib/thumb/v7e-m+dp/hard\libc_nano.a(libc_a-stdio.o)
                              D:/ST/cubeide/STM32CubeIDE_1.19.0/STM32CubeIDE/plugins/com.st.stm32cube.ide.mcu.externaltools.gnu-tools-for-stm32.13.3.rel1.win32_1.0.0.202411081344/tools/bin/../lib/gcc/arm-none-eabi/13.3.1/../../../../arm-none-eabi/lib/thumb/v7e-m+dp/hard\libc_nano.a(libc_a-findfp.o) (__sread)
D:/ST/cubeide/STM32CubeIDE_1.19.0/STM32CubeIDE/plugins/com.st.stm32cube.ide.mcu.externaltools.gnu-tools-for-stm32.13.3.rel1.win32_1.0.0.202411081344/tools/bin/../lib/gcc/arm-none-eabi/13.3.1/../../../../arm-none-eabi/lib/thumb/v7e-m+dp/hard\libc_nano.a(libc_a-memset.o)
                              D:/ST/cubeide/STM32CubeIDE_1.19.0/STM32CubeIDE/plugins/com.st.stm32cube.ide.mcu.externaltools.gnu-tools-for-stm32.13.3.rel1.win32_1.0.0.202411081344/tools/bin/../lib/gcc/arm-none-eabi/13.3.1/../../../../arm-none-eabi/lib/thumb/v7e-m+dp/hard/crt0.o (memset)
D:/ST/cubeide/STM32CubeIDE_1.19.0/STM32CubeIDE/plugins/com.st.stm32cube.ide.mcu.externaltools.gnu-tools-for-stm32.13.3.rel1.win32_1.0.0.202411081344/tools/bin/../lib/gcc/arm-none-eabi/13.3.1/../../../../arm-none-eabi/lib/thumb/v7e-m+dp/hard\libc_nano.a(libc_a-closer.o)
                              D:/ST/cubeide/STM32CubeIDE_1.19.0/STM32CubeIDE/plugins/com.st.stm32cube.ide.mcu.externaltools.gnu-tools-for-stm32.13.3.rel1.win32_1.0.0.202411081344/tools/bin/../lib/gcc/arm-none-eabi/13.3.1/../../../../arm-none-eabi/lib/thumb/v7e-m+dp/hard\libc_nano.a(libc_a-stdio.o) (_close_r)
D:/ST/cubeide/STM32CubeIDE_1.19.0/STM32CubeIDE/plugins/com.st.stm32cube.ide.mcu.externaltools.gnu-tools-for-stm32.13.3.rel1.win32_1.0.0.202411081344/tools/bin/../lib/gcc/arm-none-eabi/13.3.1/../../../../arm-none-eabi/lib/thumb/v7e-m+dp/hard\libc_nano.a(libc_a-reent.o)
                              D:/ST/cubeide/STM32CubeIDE_1.19.0/STM32CubeIDE/plugins/com.st.stm32cube.ide.mcu.externaltools.gnu-tools-for-stm32.13.3.rel1.win32_1.0.0.202411081344/tools/bin/../lib/gcc/arm-none-eabi/13.3.1/../../../../arm-none-eabi/lib/thumb/v7e-m+dp/hard\libc_nano.a(libc_a-closer.o) (errno)
D:/ST/cubeide/STM32CubeIDE_1.19.0/STM32CubeIDE/plugins/com.st.stm32cube.ide.mcu.externaltools.gnu-tools-for-stm32.13.3.rel1.win32_1.0.0.202411081344/tools/bin/../lib/gcc/arm-none-eabi/13.3.1/../../../../arm-none-eabi/lib/thumb/v7e-m+dp/hard\libc_nano.a(libc_a-impure.o)
[...]
Memory Configuration

Name             Origin             Length             Attributes
ITCMRAM          0x00000000         0x00010000         xrw
DTCMRAM          0x20000000         0x00020000         xrw
FLASH            0x08000000         0x00100000         xr
RAM_D1           0x24000000         0x00050000         xrw
RAM_D2           0x30000000         0x00008000         xrw
RAM_D3           0x38000000         0x00004000         xrw
*default*        0x00000000         0xffffffff

Linker script and memory map

LOAD D:/ST/cubeide/STM32CubeIDE_1.19.0/STM32CubeIDE/plugins/com.st.stm32cube.ide.mcu.externaltools.gnu-tools-for-stm32.13.3.rel1.win32_1.0.0.202411081344/tools/bin/../lib/gcc/arm-none-eabi/13.3.1/thumb/v7e-m+dp/hard/crti.o
LOAD D:/ST/cubeide/STM32CubeIDE_1.19.0/STM32CubeIDE/plugins/com.st.stm32cube.ide.mcu.externaltools.gnu-tools-for-stm32.13.3.rel1.win32_1.0.0.202411081344/tools/bin/../lib/gcc/arm-none-eabi/13.3.1/thumb/v7e-m+dp/hard/crtbegin.o
LOAD D:/ST/cubeide/STM32CubeIDE_1.19.0/STM32CubeIDE/plugins/com.st.stm32cube.ide.mcu.externaltools.gnu-tools-for-stm32.13.3.rel1.win32_1.0.0.202411081344/tools/bin/../lib/gcc/arm-none-eabi/13.3.1/../../../../arm-none-eabi/lib/thumb/v7e-m+dp/hard/crt0.o
LOAD ./Core/Src/adc.o
LOAD ./Core/Src/gpio.o
LOAD ./Core/Src/lcd_fonts.o
LOAD ./Core/Src/lcd_spi_200.o
LOAD ./Core/Src/main.o
LOAD ./Core/Src/spi.o
LOAD ./Core/Src/stm32h7xx_hal_msp.o
LOAD ./Core/Src/stm32h7xx_it.o
LOAD ./Core/Src/syscalls.o
LOAD ./Core/Src/sysmem.o
LOAD ./Core/Src/system_stm32h7xx.o
LOAD ./Core/Src/usart.o
LOAD ./Core/Startup/startup_stm32h723zgtx.o
LOAD ./Drivers/STM32H7xx_HAL_Driver/Src/stm32h7xx_hal.o
LOAD ./Drivers/STM32H7xx_HAL_Driver/Src/stm32h7xx_hal_adc.o
LOAD ./Drivers/STM32H7xx_HAL_Driver/Src/stm32h7xx_hal_adc_ex.o
LOAD ./Drivers/STM32H7xx_HAL_Driver/Src/stm32h7xx_hal_cortex.o
LOAD ./Drivers/STM32H7xx_HAL_Driver/Src/stm32h7xx_hal_dma.o
LOAD ./Drivers/STM32H7xx_HAL_Driver/Src/stm32h7xx_hal_dma_ex.o
LOAD ./Drivers/STM32H7xx_HAL_Driver/Src/stm32h7xx_hal_exti.o
LOAD ./Drivers/STM32H7xx_HAL_Driver/Src/stm32h7xx_hal_flash.o
LOAD ./Drivers/STM32H7xx_HAL_Driver/Src/stm32h7xx_hal_flash_ex.o
LOAD ./Drivers/STM32H7xx_HAL_Driver/Src/stm32h7xx_hal_gpio.o
LOAD ./Drivers/STM32H7xx_HAL_Driver/Src/stm32h7xx_hal_hsem.o
LOAD ./Drivers/STM32H7xx_HAL_Driver/Src/stm32h7xx_hal_i2c.o
LOAD ./Drivers/STM32H7xx_HAL_Driver/Src/stm32h7xx_hal_i2c_ex.o
LOAD ./Drivers/STM32H7xx_HAL_Driver/Src/stm32h7xx_hal_mdma.o
LOAD ./Drivers/STM32H7xx_HAL_Driver/Src/stm32h7xx_hal_pwr.o
LOAD ./Drivers/STM32H7xx_HAL_Driver/Src/stm32h7xx_hal_pwr_ex.o
LOAD ./Drivers/STM32H7xx_HAL_Driver/Src/stm32h7xx_hal_rcc.o
LOAD ./Drivers/STM32H7xx_HAL_Driver/Src/stm32h7xx_hal_rcc_ex.o
LOAD ./Drivers/STM32H7xx_HAL_Driver/Src/stm32h7xx_hal_spi.o
LOAD ./Drivers/STM32H7xx_HAL_Driver/Src/stm32h7xx_hal_spi_ex.o
LOAD ./Drivers/STM32H7xx_HAL_Driver/Src/stm32h7xx_hal_tim.o
LOAD ./Drivers/STM32H7xx_HAL_Driver/Src/stm32h7xx_hal_tim_ex.o
LOAD ./Drivers/STM32H7xx_HAL_Driver/Src/stm32h7xx_hal_uart.o
LOAD ./Drivers/STM32H7xx_HAL_Driver/Src/stm32h7xx_hal_uart_ex.o
START GROUP
LOAD D:/ST/cubeide/STM32CubeIDE_1.19.0/STM32CubeIDE/plugins/com.st.stm32cube.ide.mcu.externaltools.gnu-tools-for-stm32.13.3.rel1.win32_1.0.0.202411081344/tools/bin/../lib/gcc/arm-none-eabi/13.3.1/../../../../arm-none-eabi/lib/thumb/v7e-m+dp/hard\libc_nano.a
LOAD D:/ST/cubeide/STM32CubeIDE_1.19.0/STM32CubeIDE/plugins/com.st.stm32cube.ide.mcu.externaltools.gnu-tools-for-stm32.13.3.rel1.win32_1.0.0.202411081344/tools/bin/../lib/gcc/arm-none-eabi/13.3.1/../../../../arm-none-eabi/lib/thumb/v7e-m+dp/hard\libm.a
END GROUP
START GROUP
LOAD D:/ST/cubeide/STM32CubeIDE_1.19.0/STM32CubeIDE/plugins/com.st.stm32cube.ide.mcu.externaltools.gnu-tools-for-stm32.13.3.rel1.win32_1.0.0.202411081344/tools/bin/../lib/gcc/arm-none-eabi/13.3.1/thumb/v7e-m+dp/hard\libgcc.a
LOAD D:/ST/cubeide/STM32CubeIDE_1.19.0/STM32CubeIDE/plugins/com.st.stm32cube.ide.mcu.externaltools.gnu-tools-for-stm32.13.3.rel1.win32_1.0.0.202411081344/tools/bin/../lib/gcc/arm-none-eabi/13.3.1/../../../../arm-none-eabi/lib/thumb/v7e-m+dp/hard\libc_nano.a
END GROUP
START GROUP
LOAD D:/ST/cubeide/STM32CubeIDE_1.19.0/STM32CubeIDE/plugins/com.st.stm32cube.ide.mcu.externaltools.gnu-tools-for-stm32.13.3.rel1.win32_1.0.0.202411081344/tools/bin/../lib/gcc/arm-none-eabi/13.3.1/thumb/v7e-m+dp/hard\libgcc.a
LOAD D:/ST/cubeide/STM32CubeIDE_1.19.0/STM32CubeIDE/plugins/com.st.stm32cube.ide.mcu.externaltools.gnu-tools-for-stm32.13.3.rel1.win32_1.0.0.202411081344/tools/bin/../lib/gcc/arm-none-eabi/13.3.1/../../../../arm-none-eabi/lib/thumb/v7e-m+dp/hard\libc_nano.a
LOAD D:/ST/cubeide/STM32CubeIDE_1.19.0/STM32CubeIDE/plugins/com.st.stm32cube.ide.mcu.externaltools.gnu-tools-for-stm32.13.3.rel1.win32_1.0.0.202411081344/tools/bin/../lib/gcc/arm-none-eabi/13.3.1/../../../../arm-none-eabi/lib/thumb/v7e-m+dp/hard\libnosys.a
END GROUP
START GROUP
LOAD D:/ST/cubeide/STM32CubeIDE_1.19.0/STM32CubeIDE/plugins/com.st.stm32cube.ide.mcu.externaltools.gnu-tools-for-stm32.13.3.rel1.win32_1.0.0.202411081344/tools/bin/../lib/gcc/arm-none-eabi/13.3.1/thumb/v7e-m+dp/hard\libgcc.a
LOAD D:/ST/cubeide/STM32CubeIDE_1.19.0/STM32CubeIDE/plugins/com.st.stm32cube.ide.mcu.externaltools.gnu-tools-for-stm32.13.3.rel1.win32_1.0.0.202411081344/tools/bin/../lib/gcc/arm-none-eabi/13.3.1/../../../../arm-none-eabi/lib/thumb/v7e-m+dp/hard\libc_nano.a
LOAD D:/ST/cubeide/STM32CubeIDE_1.19.0/STM32CubeIDE/plugins/com.st.stm32cube.ide.mcu.externaltools.gnu-tools-for-stm32.13.3.rel1.win32_1.0.0.202411081344/tools/bin/../lib/gcc/arm-none-eabi/13.3.1/../../../../arm-none-eabi/lib/thumb/v7e-m+dp/hard\libnosys.a
END GROUP
LOAD D:/ST/cubeide/STM32CubeIDE_1.19.0/STM32CubeIDE/plugins/com.st.stm32cube.ide.mcu.externaltools.gnu-tools-for-stm32.13.3.rel1.win32_1.0.0.202411081344/tools/bin/../lib/gcc/arm-none-eabi/13.3.1/thumb/v7e-m+dp/hard/crtend.o
LOAD D:/ST/cubeide/STM32CubeIDE_1.19.0/STM32CubeIDE/plugins/com.st.stm32cube.ide.mcu.externaltools.gnu-tools-for-stm32.13.3.rel1.win32_1.0.0.202411081344/tools/bin/../lib/gcc/arm-none-eabi/13.3.1/thumb/v7e-m+dp/hard/crtn.o
                0x24050000                        _estack = (ORIGIN (RAM_D1) + LENGTH (RAM_D1))
                0x00000200                        _Min_Heap_Size = 0x200
                0x00000400                        _Min_Stack_Size = 0x400

.isr_vector     0x08000000      0x2cc
                0x08000000                        . = ALIGN (0x4)
 *(.isr_vector)
 .isr_vector    0x08000000      0x2cc ./Core/Startup/startup_stm32h723zgtx.o
                0x08000000                g_pfnVectors
                0x080002cc                        . = ALIGN (0x4)

.text           0x080002cc     0x8c54
                0x080002cc                        . = ALIGN (0x4)
 *(.text)
 .text          0x080002cc       0x40 D:/ST/cubeide/STM32CubeIDE_1.19.0/STM32CubeIDE/plugins/com.st.stm32cube.ide.mcu.externaltools.gnu-tools-for-stm32.13.3.rel1.win32_1.0.0.202411081344/tools/bin/../lib/gcc/arm-none-eabi/13.3.1/thumb/v7e-m+dp/hard/crtbegin.o
 .text          0x0800030c       0x30 D:/ST/cubeide/STM32CubeIDE_1.19.0/STM32CubeIDE/plugins/com.st.stm32cube.ide.mcu.externaltools.gnu-tools-for-stm32.13.3.rel1.win32_1.0.0.202411081344/tools/bin/../lib/gcc/arm-none-eabi/13.3.1/thumb/v7e-m+dp/hard\libgcc.a(_aeabi_uldivmod.o)
                0x0800030c                __aeabi_uldivmod
 .text          0x0800033c      0x2f8 D:/ST/cubeide/STM32CubeIDE_1.19.0/STM32CubeIDE/plugins/com.st.stm32cube.ide.mcu.externaltools.gnu-tools-for-stm32.13.3.rel1.win32_1.0.0.202411081344/tools/bin/../lib/gcc/arm-none-eabi/13.3.1/thumb/v7e-m+dp/hard\libgcc.a(_udivmoddi4.o)
                0x0800033c                __udivmoddi4
 .text          0x08000634        0x4 D:/ST/cubeide/STM32CubeIDE_1.19.0/STM32CubeIDE/plugins/com.st.stm32cube.ide.mcu.externaltools.gnu-tools-for-stm32.13.3.rel1.win32_1.0.0.202411081344/tools/bin/../lib/gcc/arm-none-eabi/13.3.1/thumb/v7e-m+dp/hard\libgcc.a(_dvmd_tls.o)
                0x08000634                __aeabi_idiv0
                0x08000634                __aeabi_ldiv0
 *(.text*)
 .text.MX_ADC1_Init
                0x08000638       0xf4 ./Core/Src/adc.o
                0x08000638                MX_ADC1_Init
 .text.MX_ADC2_Init
                0x0800072c       0xd0 ./Core/Src/adc.o
                0x0800072c                MX_ADC2_Init
 .text.HAL_ADC_MspInit
                0x080007fc      0x188 ./Core/Src/adc.o
                0x080007fc                HAL_ADC_MspInit
 .text.MX_GPIO_Init
                0x08000984       0xd4 ./Core/Src/gpio.o
                0x08000984                MX_GPIO_Init
 .text.LCD_WriteCommand
                0x08000a58       0x34 ./Core/Src/lcd_spi_200.o
                0x08000a58                LCD_WriteCommand
 .text.LCD_WriteData_8bit
                0x08000a8c       0x34 ./Core/Src/lcd_spi_200.o
                0x08000a8c                LCD_WriteData_8bit
 .text.LCD_WriteData_16bit
                0x08000ac0       0x48 ./Core/Src/lcd_spi_200.o
                0x08000ac0                LCD_WriteData_16bit
 .text.LCD_WriteBuff
                0x08000b08       0x50 ./Core/Src/lcd_spi_200.o
                0x08000b08                LCD_WriteBuff
 .text.SPI_LCD_Init
                0x08000b58      0x1b8 ./Core/Src/lcd_spi_200.o
                0x08000b58                SPI_LCD_Init
 .text.LCD_SetAddress
                0x08000d10       0x84 ./Core/Src/lcd_spi_200.o
                0x08000d10                LCD_SetAddress
 .text.LCD_SetColor
                0x08000d94       0x60 ./Core/Src/lcd_spi_200.o
                0x08000d94                LCD_SetColor
 .text.LCD_SetBackColor
                0x08000df4       0x60 ./Core/Src/lcd_spi_200.o
                0x08000df4                LCD_SetBackColor
 .text.LCD_SetDirection
                0x08000e54       0xd4 ./Core/Src/lcd_spi_200.o
                0x08000e54                LCD_SetDirection
 .text.LCD_SetAsciiFont
                0x08000f28       0x20 ./Core/Src/lcd_spi_200.o
                0x08000f28                LCD_SetAsciiFont
 .text.LCD_Clear
                0x08000f48       0x6c ./Core/Src/lcd_spi_200.o
                0x08000f48                LCD_Clear
 .text.LCD_DisplayChar
                0x08000fb4      0x114 ./Core/Src/lcd_spi_200.o
                0x08000fb4                LCD_DisplayChar
 .text.LCD_DisplayString
                0x080010c8       0x54 ./Core/Src/lcd_spi_200.o
                0x080010c8                LCD_DisplayString
 .text.LCD_ShowNumMode
                0x0800111c       0x20 ./Core/Src/lcd_spi_200.o
                0x0800111c                LCD_ShowNumMode
 .text.MY_SPI_WaitOnFlagUntilTimeout
                0x0800113c       0x5c ./Core/Src/lcd_spi_200.o
                0x0800113c                MY_SPI_WaitOnFlagUntilTimeout
 .text.MY_SPI_CloseTransfer
                0x08001198      0x140 ./Core/Src/lcd_spi_200.o
                0x08001198                MY_SPI_CloseTransfer
 .text.LCD_SPI_Transmit
                0x080012d8      0x220 ./Core/Src/lcd_spi_200.o
                0x080012d8                LCD_SPI_Transmit
 .text.main     0x080014f8       0x44 ./Core/Src/main.o
                0x080014f8                main
 .text.SystemClock_Config
                0x0800153c       0xe4 ./Core/Src/main.o
                0x0800153c                SystemClock_Config
 .text.PeriphCommonClock_Config
                0x08001620       0x3c ./Core/Src/main.o
                0x08001620                PeriphCommonClock_Config
 .text.MPU_Config
                0x0800165c       0x58 ./Core/Src/main.o
 .text.Error_Handler
                0x080016b4        0xc ./Core/Src/main.o
                0x080016b4                Error_Handler
 .text.MX_SPI6_Init
                0x080016c0       0xa0 ./Core/Src/spi.o
                0x080016c0                MX_SPI6_Init
 .text.HAL_SPI_MspInit
                0x08001760      0x134 ./Core/Src/spi.o
                0x08001760                HAL_SPI_MspInit
 .text.HAL_MspInit
                0x08001894       0x34 ./Core/Src/stm32h7xx_hal_msp.o
                0x08001894                HAL_MspInit
 .text.NMI_Handler
                0x080018c8        0x8 ./Core/Src/stm32h7xx_it.o
                0x080018c8                NMI_Handler
 .text.HardFault_Handler
                0x080018d0        0x8 ./Core/Src/stm32h7xx_it.o
                0x080018d0                HardFault_Handler
 .text.MemManage_Handler
                0x080018d8        0x8 ./Core/Src/stm32h7xx_it.o
                0x080018d8                MemManage_Handler
 .text.BusFault_Handler
                0x080018e0        0x8 ./Core/Src/stm32h7xx_it.o
                0x080018e0                BusFault_Handler
 .text.UsageFault_Handler
                0x080018e8        0x8 ./Core/Src/stm32h7xx_it.o
                0x080018e8                UsageFault_Handler
 .text.SVC_Handler
                0x080018f0        0xe ./Core/Src/stm32h7xx_it.o
                0x080018f0                SVC_Handler
 .text.DebugMon_Handler
                0x080018fe        0xe ./Core/Src/stm32h7xx_it.o
                0x080018fe                DebugMon_Handler
 .text.PendSV_Handler
                0x0800190c        0xe ./Core/Src/stm32h7xx_it.o
                0x0800190c                PendSV_Handler
 .text.SysTick_Handler
                0x0800191a        0xc ./Core/Src/stm32h7xx_it.o
                0x0800191a                SysTick_Handler
 *fill*         0x08001926        0x2 
 .text.SystemInit
                0x08001928      0x120 ./Core/Src/system_stm32h7xx.o
                0x08001928                SystemInit
 .text.ExitRun0Mode
                0x08001a48       0x30 ./Core/Src/system_stm32h7xx.o
                0x08001a48                ExitRun0Mode
 .text.MX_UART4_Init
                0x08001a78       0x98 ./Core/Src/usart.o
                0x08001a78                MX_UART4_Init
 .text.MX_UART5_Init
                0x08001b10       0x98 ./Core/Src/usart.o
                0x08001b10                MX_UART5_Init
 .text.HAL_UART_MspInit
                0x08001ba8      0x1a0 ./Core/Src/usart.o
                0x08001ba8                HAL_UART_MspInit
 .text.Reset_Handler
                0x08001d48       0x54 ./Core/Startup/startup_stm32h723zgtx.o
                0x08001d48                Reset_Handler
 .text.Default_Handler
                0x08001d9c        0x2 ./Core/Startup/startup_stm32h723zgtx.o
                0x08001d9c                RTC_Alarm_IRQHandler
                0x08001d9c                EXTI2_IRQHandler
                0x08001d9c                TIM8_CC_IRQHandler
                0x08001d9c                UART8_IRQHandler
                0x08001d9c                SPI4_IRQHandler
                0x08001d9c                FDCAN3_IT0_IRQHandler
                0x08001d9c                TIM1_CC_IRQHandler
                0x08001d9c                BDMA_Channel6_IRQHandler
                0x08001d9c                DMA2_Stream5_IRQHandler
                0x08001d9c                DMA1_Stream5_IRQHandler
                0x08001d9c                CORDIC_IRQHandler
                0x08001d9c                BDMA_Channel1_IRQHandler
                0x08001d9c                TAMP_STAMP_IRQHandler
                0x08001d9c                EXTI3_IRQHandler
                0x08001d9c                LPTIM4_IRQHandler
                0x08001d9c                TIM8_TRG_COM_TIM14_IRQHandler
                0x08001d9c                LPTIM2_IRQHandler
                0x08001d9c                DFSDM1_FLT1_IRQHandler
                0x08001d9c                DMAMUX2_OVR_IRQHandler
                0x08001d9c                TIM8_UP_TIM13_IRQHandler
                0x08001d9c                I2C3_ER_IRQHandler
                0x08001d9c                DFSDM1_FLT2_IRQHandler
                0x08001d9c                I2C5_EV_IRQHandler
                0x08001d9c                USART10_IRQHandler
                0x08001d9c                MDMA_IRQHandler
                0x08001d9c                LPTIM3_IRQHandler
                0x08001d9c                HSEM1_IRQHandler
                0x08001d9c                EXTI0_IRQHandler
                0x08001d9c                I2C2_EV_IRQHandler
                0x08001d9c                DMA1_Stream2_IRQHandler
                0x08001d9c                FPU_IRQHandler
                0x08001d9c                OTG_HS_WKUP_IRQHandler
                0x08001d9c                FDCAN1_IT1_IRQHandler
                0x08001d9c                LTDC_ER_IRQHandler
                0x08001d9c                DMA2_Stream2_IRQHandler
                0x08001d9c                SPI1_IRQHandler
                0x08001d9c                OCTOSPI1_IRQHandler
                0x08001d9c                TIM6_DAC_IRQHandler
                0x08001d9c                DMA2_Stream3_IRQHandler
                0x08001d9c                OCTOSPI2_IRQHandler
                0x08001d9c                DFSDM1_FLT3_IRQHandler
                0x08001d9c                TIM23_IRQHandler
                0x08001d9c                USART6_IRQHandler
                0x08001d9c                TIM17_IRQHandler
                0x08001d9c                USART3_IRQHandler
                0x08001d9c                BDMA_Channel7_IRQHandler
                0x08001d9c                LPTIM5_IRQHandler
                0x08001d9c                UART5_IRQHandler
                0x08001d9c                ADC3_IRQHandler
                0x08001d9c                DMA2_Stream0_IRQHandler
                0x08001d9c                TIM4_IRQHandler
                0x08001d9c                BDMA_Channel2_IRQHandler
                0x08001d9c                I2C1_EV_IRQHandler
                0x08001d9c                DMA1_Stream6_IRQHandler
                0x08001d9c                DMAMUX1_OVR_IRQHandler
                0x08001d9c                DMA1_Stream1_IRQHandler
                0x08001d9c                TIM16_IRQHandler
                0x08001d9c                UART4_IRQHandler
                0x08001d9c                BDMA_Channel5_IRQHandler
                0x08001d9c                TIM3_IRQHandler
                0x08001d9c                RCC_IRQHandler
                0x08001d9c                UART9_IRQHandler
                0x08001d9c                TIM8_BRK_TIM12_IRQHandler
                0x08001d9c                TIM1_TRG_COM_IRQHandler
                0x08001d9c                Default_Handler
                0x08001d9c                ECC_IRQHandler
                0x08001d9c                FMAC_IRQHandler
                0x08001d9c                CEC_IRQHandler
                0x08001d9c                EXTI15_10_IRQHandler
                0x08001d9c                BDMA_Channel0_IRQHandler
                0x08001d9c                ADC_IRQHandler
                0x08001d9c                I2C5_ER_IRQHandler
                0x08001d9c                DMA1_Stream7_IRQHandler
                0x08001d9c                SPI5_IRQHandler
                0x08001d9c                TIM7_IRQHandler
                0x08001d9c                FDCAN3_IT1_IRQHandler
                0x08001d9c                SDMMC1_IRQHandler
                0x08001d9c                TIM5_IRQHandler
                0x08001d9c                DMA2_Stream7_IRQHandler
                0x08001d9c                TIM15_IRQHandler
                0x08001d9c                PVD_AVD_IRQHandler
                0x08001d9c                I2C3_EV_IRQHandler
                0x08001d9c                EXTI9_5_IRQHandler
                0x08001d9c                RTC_WKUP_IRQHandler
                0x08001d9c                LTDC_IRQHandler
                0x08001d9c                ETH_WKUP_IRQHandler
                0x08001d9c                SPDIF_RX_IRQHandler
                0x08001d9c                SPI2_IRQHandler
                0x08001d9c                OTG_HS_EP1_IN_IRQHandler
                0x08001d9c                DMA1_Stream0_IRQHandler
                0x08001d9c                TIM24_IRQHandler
                0x08001d9c                CRS_IRQHandler
                0x08001d9c                EXTI4_IRQHandler
                0x08001d9c                RNG_IRQHandler
                0x08001d9c                FDCAN2_IT1_IRQHandler
                0x08001d9c                ETH_IRQHandler
                0x08001d9c                TIM1_UP_IRQHandler
                0x08001d9c                BDMA_Channel4_IRQHandler
                0x08001d9c                OTG_HS_EP1_OUT_IRQHandler
                0x08001d9c                WWDG_IRQHandler
                0x08001d9c                SPI6_IRQHandler
                0x08001d9c                MDIOS_IRQHandler
                0x08001d9c                I2C4_EV_IRQHandler
                0x08001d9c                FDCAN2_IT0_IRQHandler
                0x08001d9c                LPUART1_IRQHandler
                0x08001d9c                FDCAN1_IT0_IRQHandler
                0x08001d9c                TIM2_IRQHandler
                0x08001d9c                OTG_HS_IRQHandler
                0x08001d9c                DMA2D_IRQHandler
                0x08001d9c                TIM1_BRK_IRQHandler
                0x08001d9c                EXTI1_IRQHandler
                0x08001d9c                SDMMC2_IRQHandler
                0x08001d9c                BDMA_Channel3_IRQHandler
                0x08001d9c                DTS_IRQHandler
                0x08001d9c                UART7_IRQHandler
                0x08001d9c                MDIOS_WKUP_IRQHandler
                0x08001d9c                USART2_IRQHandler
                0x08001d9c                DFSDM1_FLT0_IRQHandler
                0x08001d9c                SAI4_IRQHandler
                0x08001d9c                I2C2_ER_IRQHandler
                0x08001d9c                DMA2_Stream1_IRQHandler
                0x08001d9c                FLASH_IRQHandler
                0x08001d9c                DMA2_Stream4_IRQHandler
                0x08001d9c                USART1_IRQHandler
                0x08001d9c                SPI3_IRQHandler
                0x08001d9c                WAKEUP_PIN_IRQHandler
                0x08001d9c                DMA1_Stream4_IRQHandler
                0x08001d9c                I2C1_ER_IRQHandler
                0x08001d9c                FMC_IRQHandler
                0x08001d9c                FDCAN_CAL_IRQHandler
                0x08001d9c                SWPMI1_IRQHandler
                0x08001d9c                COMP1_IRQHandler
                0x08001d9c                LPTIM1_IRQHandler
                0x08001d9c                DCMI_PSSI_IRQHandler
                0x08001d9c                I2C4_ER_IRQHandler
                0x08001d9c                DMA2_Stream6_IRQHandler
                0x08001d9c                SAI1_IRQHandler
                0x08001d9c                DMA1_Stream3_IRQHandler
 *fill*         0x08001d9e        0x2 
 .text.HAL_Init
                0x08001da0       0x78 ./Drivers/STM32H7xx_HAL_Driver/Src/stm32h7xx_hal.o
                0x08001da0                HAL_Init
 .text.HAL_InitTick
                0x08001e18       0x6c ./Drivers/STM32H7xx_HAL_Driver/Src/stm32h7xx_hal.o
                0x08001e18                HAL_InitTick
 .text.HAL_IncTick
                0x08001e84       0x28 ./Drivers/STM32H7xx_HAL_Driver/Src/stm32h7xx_hal.o
                0x08001e84                HAL_IncTick
 .text.HAL_GetTick
                0x08001eac       0x18 ./Drivers/STM32H7xx_HAL_Driver/Src/stm32h7xx_hal.o
                0x08001eac                HAL_GetTick
 .text.HAL_Delay
                0x08001ec4       0x48 ./Drivers/STM32H7xx_HAL_Driver/Src/stm32h7xx_hal.o
                0x08001ec4                HAL_Delay
 .text.LL_ADC_SetCommonClock
                0x08001f0c       0x26 ./Drivers/STM32H7xx_HAL_Driver/Src/stm32h7xx_hal_adc.o
 .text.LL_ADC_SetCommonPathInternalCh
                0x08001f32       0x26 ./Drivers/STM32H7xx_HAL_Driver/Src/stm32h7xx_hal_adc.o
 .text.LL_ADC_GetCommonPathInternalCh
                0x08001f58       0x1c ./Drivers/STM32H7xx_HAL_Driver/Src/stm32h7xx_hal_adc.o
 .text.LL_ADC_SetChannelPreselection
                0x08001f74       0x74 ./Drivers/STM32H7xx_HAL_Driver/Src/stm32h7xx_hal_adc.o
 .text.LL_ADC_SetOffset
                0x08001fe8       0x64 ./Drivers/STM32H7xx_HAL_Driver/Src/stm32h7xx_hal_adc.o
 .text.LL_ADC_GetOffsetChannel
                0x0800204c       0x2c ./Drivers/STM32H7xx_HAL_Driver/Src/stm32h7xx_hal_adc.o
 .text.LL_ADC_SetDataRightShift
                0x08002078       0x32 ./Drivers/STM32H7xx_HAL_Driver/Src/stm32h7xx_hal_adc.o
 *fill*         0x080020aa        0x2 
 .text.LL_ADC_SetOffsetSignedSaturation
                0x080020ac       0x44 ./Drivers/STM32H7xx_HAL_Driver/Src/stm32h7xx_hal_adc.o
 .text.LL_ADC_SetOffsetSaturation
                0x080020f0       0x44 ./Drivers/STM32H7xx_HAL_Driver/Src/stm32h7xx_hal_adc.o
 .text.LL_ADC_SetOffsetSign
                0x08002134       0x44 ./Drivers/STM32H7xx_HAL_Driver/Src/stm32h7xx_hal_adc.o
 .text.LL_ADC_SetOffsetState
                0x08002178       0x54 ./Drivers/STM32H7xx_HAL_Driver/Src/stm32h7xx_hal_adc.o
 .text.LL_ADC_REG_SetSequencerRanks
                0x080021cc       0x58 ./Drivers/STM32H7xx_HAL_Driver/Src/stm32h7xx_hal_adc.o
 .text.LL_ADC_SetChannelSamplingTime
                0x08002224       0x56 ./Drivers/STM32H7xx_HAL_Driver/Src/stm32h7xx_hal_adc.o
 *fill*         0x0800227a        0x2 
 .text.LL_ADC_SetChannelSingleDiff
                0x0800227c       0x80 ./Drivers/STM32H7xx_HAL_Driver/Src/stm32h7xx_hal_adc.o
 .text.LL_ADC_DisableDeepPowerDown
                0x080022fc       0x24 ./Drivers/STM32H7xx_HAL_Driver/Src/stm32h7xx_hal_adc.o
 .text.LL_ADC_IsDeepPowerDownEnabled
                0x08002320       0x28 ./Drivers/STM32H7xx_HAL_Driver/Src/stm32h7xx_hal_adc.o
 .text.LL_ADC_EnableInternalRegulator
                0x08002348       0x28 ./Drivers/STM32H7xx_HAL_Driver/Src/stm32h7xx_hal_adc.o
 .text.LL_ADC_IsInternalRegulatorEnabled
                0x08002370       0x28 ./Drivers/STM32H7xx_HAL_Driver/Src/stm32h7xx_hal_adc.o
 .text.LL_ADC_IsEnabled
                0x08002398       0x26 ./Drivers/STM32H7xx_HAL_Driver/Src/stm32h7xx_hal_adc.o
 .text.LL_ADC_REG_IsConversionOngoing
                0x080023be       0x26 ./Drivers/STM32H7xx_HAL_Driver/Src/stm32h7xx_hal_adc.o
 .text.LL_ADC_INJ_IsConversionOngoing
                0x080023e4       0x26 ./Drivers/STM32H7xx_HAL_Driver/Src/stm32h7xx_hal_adc.o
 *fill*         0x0800240a        0x2 
 .text.HAL_ADC_Init
                0x0800240c      0x410 ./Drivers/STM32H7xx_HAL_Driver/Src/stm32h7xx_hal_adc.o
                0x0800240c                HAL_ADC_Init
 .text.HAL_ADC_ConfigChannel
                0x0800281c      0x9a8 ./Drivers/STM32H7xx_HAL_Driver/Src/stm32h7xx_hal_adc.o
                0x0800281c                HAL_ADC_ConfigChannel
 .text.ADC_ConfigureBoostMode
                0x080031c4      0x1dc ./Drivers/STM32H7xx_HAL_Driver/Src/stm32h7xx_hal_adc.o
                0x080031c4                ADC_ConfigureBoostMode
 .text.LL_ADC_IsEnabled
                0x080033a0       0x26 ./Drivers/STM32H7xx_HAL_Driver/Src/stm32h7xx_hal_adc_ex.o
 .text.LL_ADC_REG_IsConversionOngoing
                0x080033c6       0x26 ./Drivers/STM32H7xx_HAL_Driver/Src/stm32h7xx_hal_adc_ex.o
 .text.HAL_ADCEx_MultiModeConfigChannel
                0x080033ec      0x1c4 ./Drivers/STM32H7xx_HAL_Driver/Src/stm32h7xx_hal_adc_ex.o
                0x080033ec                HAL_ADCEx_MultiModeConfigChannel
 .text.__NVIC_SetPriorityGrouping
                0x080035b0       0x48 ./Drivers/STM32H7xx_HAL_Driver/Src/stm32h7xx_hal_cortex.o
 .text.__NVIC_GetPriorityGrouping
                0x080035f8       0x1c ./Drivers/STM32H7xx_HAL_Driver/Src/stm32h7xx_hal_cortex.o
 .text.__NVIC_SetPriority
                0x08003614       0x54 ./Drivers/STM32H7xx_HAL_Driver/Src/stm32h7xx_hal_cortex.o
 .text.NVIC_EncodePriority
                0x08003668       0x66 ./Drivers/STM32H7xx_HAL_Driver/Src/stm32h7xx_hal_cortex.o
 *fill*         0x080036ce        0x2 
 .text.SysTick_Config
                0x080036d0       0x44 ./Drivers/STM32H7xx_HAL_Driver/Src/stm32h7xx_hal_cortex.o
 .text.HAL_NVIC_SetPriorityGrouping
                0x08003714       0x16 ./Drivers/STM32H7xx_HAL_Driver/Src/stm32h7xx_hal_cortex.o
                0x08003714                HAL_NVIC_SetPriorityGrouping
 .text.HAL_NVIC_SetPriority
                0x0800372a       0x34 ./Drivers/STM32H7xx_HAL_Driver/Src/stm32h7xx_hal_cortex.o
                0x0800372a                HAL_NVIC_SetPriority
 .text.HAL_SYSTICK_Config
                0x0800375e       0x18 ./Drivers/STM32H7xx_HAL_Driver/Src/stm32h7xx_hal_cortex.o
                0x0800375e                HAL_SYSTICK_Config
 *fill*         0x08003776        0x2 
 .text.HAL_MPU_Disable
                0x08003778       0x30 ./Drivers/STM32H7xx_HAL_Driver/Src/stm32h7xx_hal_cortex.o
                0x08003778                HAL_MPU_Disable
 .text.HAL_MPU_Enable
                0x080037a8       0x40 ./Drivers/STM32H7xx_HAL_Driver/Src/stm32h7xx_hal_cortex.o
                0x080037a8                HAL_MPU_Enable
 .text.HAL_MPU_ConfigRegion
                0x080037e8       0x80 ./Drivers/STM32H7xx_HAL_Driver/Src/stm32h7xx_hal_cortex.o
                0x080037e8                HAL_MPU_ConfigRegion
 .text.HAL_GPIO_Init
                0x08003868      0x350 ./Drivers/STM32H7xx_HAL_Driver/Src/stm32h7xx_hal_gpio.o
                0x08003868                HAL_GPIO_Init
 .text.HAL_GPIO_WritePin
                0x08003bb8       0x32 ./Drivers/STM32H7xx_HAL_Driver/Src/stm32h7xx_hal_gpio.o
                0x08003bb8                HAL_GPIO_WritePin
 *fill*         0x08003bea        0x2 
 .text.HAL_PWREx_ConfigSupply
                0x08003bec       0x74 ./Drivers/STM32H7xx_HAL_Driver/Src/stm32h7xx_hal_pwr_ex.o
                0x08003bec                HAL_PWREx_ConfigSupply
 .text.HAL_RCC_OscConfig
                0x08003c60      0x7b4 ./Drivers/STM32H7xx_HAL_Driver/Src/stm32h7xx_hal_rcc.o
                0x08003c60                HAL_RCC_OscConfig
 .text.HAL_RCC_ClockConfig
                0x08004414      0x36c ./Drivers/STM32H7xx_HAL_Driver/Src/stm32h7xx_hal_rcc.o
                0x08004414                HAL_RCC_ClockConfig
 .text.HAL_RCC_GetSysClockFreq
                0x08004780      0x2f4 ./Drivers/STM32H7xx_HAL_Driver/Src/stm32h7xx_hal_rcc.o
                0x08004780                HAL_RCC_GetSysClockFreq
 .text.HAL_RCC_GetHCLKFreq
                0x08004a74       0x60 ./Drivers/STM32H7xx_HAL_Driver/Src/stm32h7xx_hal_rcc.o
                0x08004a74                HAL_RCC_GetHCLKFreq
 .text.HAL_RCC_GetPCLK1Freq
                0x08004ad4       0x2c ./Drivers/STM32H7xx_HAL_Driver/Src/stm32h7xx_hal_rcc.o
                0x08004ad4                HAL_RCC_GetPCLK1Freq
 .text.HAL_RCC_GetPCLK2Freq
                0x08004b00       0x2c ./Drivers/STM32H7xx_HAL_Driver/Src/stm32h7xx_hal_rcc.o
                0x08004b00                HAL_RCC_GetPCLK2Freq
 .text.HAL_RCCEx_PeriphCLKConfig
                0x08004b2c     0x1340 ./Drivers/STM32H7xx_HAL_Driver/Src/stm32h7xx_hal_rcc_ex.o
                0x08004b2c                HAL_RCCEx_PeriphCLKConfig
 .text.HAL_RCCEx_GetPeriphCLKFreq
                0x08005e6c      0x9a4 ./Drivers/STM32H7xx_HAL_Driver/Src/stm32h7xx_hal_rcc_ex.o
                0x08005e6c                HAL_RCCEx_GetPeriphCLKFreq
 .text.HAL_RCCEx_GetD3PCLK1Freq
                0x08006810       0x2c ./Drivers/STM32H7xx_HAL_Driver/Src/stm32h7xx_hal_rcc_ex.o
                0x08006810                HAL_RCCEx_GetD3PCLK1Freq
 .text.HAL_RCCEx_GetPLL2ClockFreq
                0x0800683c      0x2a8 ./Drivers/STM32H7xx_HAL_Driver/Src/stm32h7xx_hal_rcc_ex.o
                0x0800683c                HAL_RCCEx_GetPLL2ClockFreq
 .text.HAL_RCCEx_GetPLL3ClockFreq
                0x08006ae4      0x2a8 ./Drivers/STM32H7xx_HAL_Driver/Src/stm32h7xx_hal_rcc_ex.o
                0x08006ae4                HAL_RCCEx_GetPLL3ClockFreq
 .text.HAL_RCCEx_GetPLL1ClockFreq
                0x08006d8c      0x2a4 ./Drivers/STM32H7xx_HAL_Driver/Src/stm32h7xx_hal_rcc_ex.o
                0x08006d8c                HAL_RCCEx_GetPLL1ClockFreq
 .text.RCCEx_PLL2_Config
                0x08007030      0x164 ./Drivers/STM32H7xx_HAL_Driver/Src/stm32h7xx_hal_rcc_ex.o
 .text.RCCEx_PLL3_Config
                0x08007194      0x164 ./Drivers/STM32H7xx_HAL_Driver/Src/stm32h7xx_hal_rcc_ex.o
 .text.HAL_SPI_Init
                0x080072f8      0x248 ./Drivers/STM32H7xx_HAL_Driver/Src/stm32h7xx_hal_spi.o
                0x080072f8                HAL_SPI_Init
 .text.HAL_SPI_Transmit
                0x08007540      0x3dc ./Drivers/STM32H7xx_HAL_Driver/Src/stm32h7xx_hal_spi.o
                0x08007540                HAL_SPI_Transmit
 .text.SPI_CloseTransfer
                0x0800791c      0x140 ./Drivers/STM32H7xx_HAL_Driver/Src/stm32h7xx_hal_spi.o
 .text.SPI_WaitOnFlagUntilTimeout
                0x08007a5c       0x5c ./Drivers/STM32H7xx_HAL_Driver/Src/stm32h7xx_hal_spi.o
 .text.SPI_GetPacketSize
                0x08007ab8       0x36 ./Drivers/STM32H7xx_HAL_Driver/Src/stm32h7xx_hal_spi.o
 .text.HAL_UART_Init
                0x08007aee       0xa0 ./Drivers/STM32H7xx_HAL_Driver/Src/stm32h7xx_hal_uart.o
                0x08007aee                HAL_UART_Init
 *fill*         0x08007b8e        0x2 
 .text.UART_SetConfig
                0x08007b90      0xcd8 ./Drivers/STM32H7xx_HAL_Driver/Src/stm32h7xx_hal_uart.o
                0x08007b90                UART_SetConfig
 .text.UART_AdvFeatureConfig
                0x08008868      0x144 ./Drivers/STM32H7xx_HAL_Driver/Src/stm32h7xx_hal_uart.o
                0x08008868                UART_AdvFeatureConfig
 .text.UART_CheckIdleState
                0x080089ac      0x154 ./Drivers/STM32H7xx_HAL_Driver/Src/stm32h7xx_hal_uart.o
                0x080089ac                UART_CheckIdleState
 .text.UART_WaitOnFlagUntilTimeout
                0x08008b00       0xda ./Drivers/STM32H7xx_HAL_Driver/Src/stm32h7xx_hal_uart.o
                0x08008b00                UART_WaitOnFlagUntilTimeout
 *fill*         0x08008bda        0x2 
 .text.UART_EndRxTransfer
                0x08008bdc       0xcc ./Drivers/STM32H7xx_HAL_Driver/Src/stm32h7xx_hal_uart.o
 .text.HAL_UARTEx_DisableFifoMode
                0x08008ca8       0x72 ./Drivers/STM32H7xx_HAL_Driver/Src/stm32h7xx_hal_uart_ex.o
                0x08008ca8                HAL_UARTEx_DisableFifoMode
 .text.HAL_UARTEx_SetTxFifoThreshold
                0x08008d1a       0x7c ./Drivers/STM32H7xx_HAL_Driver/Src/stm32h7xx_hal_uart_ex.o
                0x08008d1a                HAL_UARTEx_SetTxFifoThreshold
 .text.HAL_UARTEx_SetRxFifoThreshold
                0x08008d96       0x7c ./Drivers/STM32H7xx_HAL_Driver/Src/stm32h7xx_hal_uart_ex.o
                0x08008d96                HAL_UARTEx_SetRxFifoThreshold
 *fill*         0x08008e12        0x2 
 .text.UARTEx_SetNbDataToProcess
                0x08008e14       0x9c ./Drivers/STM32H7xx_HAL_Driver/Src/stm32h7xx_hal_uart_ex.o
 .text.memset   0x08008eb0       0x10 D:/ST/cubeide/STM32CubeIDE_1.19.0/STM32CubeIDE/plugins/com.st.stm32cube.ide.mcu.externaltools.gnu-tools-for-stm32.13.3.rel1.win32_1.0.0.202411081344/tools/bin/../lib/gcc/arm-none-eabi/13.3.1/../../../../arm-none-eabi/lib/thumb/v7e-m+dp/hard\libc_nano.a(libc_a-memset.o)
                0x08008eb0                memset
 .text.__libc_init_array
                0x08008ec0       0x48 D:/ST/cubeide/STM32CubeIDE_1.19.0/STM32CubeIDE/plugins/com.st.stm32cube.ide.mcu.externaltools.gnu-tools-for-stm32.13.3.rel1.win32_1.0.0.202411081344/tools/bin/../lib/gcc/arm-none-eabi/13.3.1/../../../../arm-none-eabi/lib/thumb/v7e-m+dp/hard\libc_nano.a(libc_a-init.o)
                0x08008ec0                __libc_init_array
 *(.glue_7)
 .glue_7        0x08008f08        0x0 linker stubs
 *(.glue_7t)
 .glue_7t       0x08008f08        0x0 linker stubs
 *(.eh_frame)
 .eh_frame      0x08008f08        0x0 D:/ST/cubeide/STM32CubeIDE_1.19.0/STM32CubeIDE/plugins/com.st.stm32cube.ide.mcu.externaltools.gnu-tools-for-stm32.13.3.rel1.win32_1.0.0.202411081344/tools/bin/../lib/gcc/arm-none-eabi/13.3.1/thumb/v7e-m+dp/hard/crtbegin.o
 *(.init)
 .init          0x08008f08        0x4 D:/ST/cubeide/STM32CubeIDE_1.19.0/STM32CubeIDE/plugins/com.st.stm32cube.ide.mcu.externaltools.gnu-tools-for-stm32.13.3.rel1.win32_1.0.0.202411081344/tools/bin/../lib/gcc/arm-none-eabi/13.3.1/thumb/v7e-m+dp/hard/crti.o
                0x08008f08                _init
 .init          0x08008f0c        0x8 D:/ST/cubeide/STM32CubeIDE_1.19.0/STM32CubeIDE/plugins/com.st.stm32cube.ide.mcu.externaltools.gnu-tools-for-stm32.13.3.rel1.win32_1.0.0.202411081344/tools/bin/../lib/gcc/arm-none-eabi/13.3.1/thumb/v7e-m+dp/hard/crtn.o
 *(.fini)
 .fini          0x08008f14        0x4 D:/ST/cubeide/STM32CubeIDE_1.19.0/STM32CubeIDE/plugins/com.st.stm32cube.ide.mcu.externaltools.gnu-tools-for-stm32.13.3.rel1.win32_1.0.0.202411081344/tools/bin/../lib/gcc/arm-none-eabi/13.3.1/thumb/v7e-m+dp/hard/crti.o
                0x08008f14                _fini
 .fini          0x08008f18        0x8 D:/ST/cubeide/STM32CubeIDE_1.19.0/STM32CubeIDE/plugins/com.st.stm32cube.ide.mcu.externaltools.gnu-tools-for-stm32.13.3.rel1.win32_1.0.0.202411081344/tools/bin/../lib/gcc/arm-none-eabi/13.3.1/thumb/v7e-m+dp/hard/crtn.o
                0x08008f20                        . = ALIGN (0x4)
                0x08008f20                        _etext = .

.vfp11_veneer   0x08008f20        0x0
 .vfp11_veneer  0x08008f20        0x0 linker stubs

.v4_bx          0x08008f20        0x0
 .v4_bx         0x08008f20        0x0 linker stubs

.iplt           0x08008f20        0x0
 .iplt          0x08008f20        0x0 D:/ST/cubeide/STM32CubeIDE_1.19.0/STM32CubeIDE/plugins/com.st.stm32cube.ide.mcu.externaltools.gnu-tools-for-stm32.13.3.rel1.win32_1.0.0.202411081344/tools/bin/../lib/gcc/arm-none-eabi/13.3.1/thumb/v7e-m+dp/hard/crtbegin.o

.rodata         0x08008f20     0x1210
                0x08008f20                        . = ALIGN (0x4)
 *(.rodata)
 .rodata        0x08008f20        0x5 ./Core/Src/main.o
 *(.rodata*)
 *fill*         0x08008f25        0x3 
 .rodata.ASCII_2412_Table
                0x08008f28     0x11d0 ./Core/Src/lcd_fonts.o
                0x08008f28                ASCII_2412_Table
 .rodata.D1CorePrescTable
                0x0800a0f8       0x10 ./Core/Src/system_stm32h7xx.o
                0x0800a0f8                D1CorePrescTable
 .rodata.UARTPrescTable
                0x0800a108       0x18 ./Drivers/STM32H7xx_HAL_Driver/Src/stm32h7xx_hal_uart.o
                0x0800a108                UARTPrescTable
 .rodata.numerator.1
                0x0800a120        0x8 ./Drivers/STM32H7xx_HAL_Driver/Src/stm32h7xx_hal_uart_ex.o
 .rodata.denominator.0
                0x0800a128        0x8 ./Drivers/STM32H7xx_HAL_Driver/Src/stm32h7xx_hal_uart_ex.o
                0x0800a130                        . = ALIGN (0x4)

.ARM.extab
 *(.ARM.extab* .gnu.linkonce.armextab.*)

.ARM            0x0800a130        0x8
                0x0800a130                        __exidx_start = .
 *(.ARM.exidx*)
 .ARM.exidx     0x0800a130        0x8 D:/ST/cubeide/STM32CubeIDE_1.19.0/STM32CubeIDE/plugins/com.st.stm32cube.ide.mcu.externaltools.gnu-tools-for-stm32.13.3.rel1.win32_1.0.0.202411081344/tools/bin/../lib/gcc/arm-none-eabi/13.3.1/thumb/v7e-m+dp/hard\libgcc.a(_udivmoddi4.o)
                0x0800a138                        __exidx_end = .

.preinit_array  0x0800a138        0x0
                0x0800a138                        PROVIDE (__preinit_array_start = .)
 *(.preinit_array*)
                0x0800a138                        PROVIDE (__preinit_array_end = .)

.init_array     0x0800a138        0x4
                0x0800a138                        PROVIDE (__init_array_start = .)
 *(SORT_BY_NAME(.init_array.*))
 *(.init_array*)
 .init_array    0x0800a138        0x4 D:/ST/cubeide/STM32CubeIDE_1.19.0/STM32CubeIDE/plugins/com.st.stm32cube.ide.mcu.externaltools.gnu-tools-for-stm32.13.3.rel1.win32_1.0.0.202411081344/tools/bin/../lib/gcc/arm-none-eabi/13.3.1/thumb/v7e-m+dp/hard/crtbegin.o
                0x0800a13c                        PROVIDE (__init_array_end = .)

.fini_array     0x0800a13c        0x4
                [!provide]                        PROVIDE (__fini_array_start = .)
 *(SORT_BY_NAME(.fini_array.*))
 *(.fini_array*)
 .fini_array    0x0800a13c        0x4 D:/ST/cubeide/STM32CubeIDE_1.19.0/STM32CubeIDE/plugins/com.st.stm32cube.ide.mcu.externaltools.gnu-tools-for-stm32.13.3.rel1.win32_1.0.0.202411081344/tools/bin/../lib/gcc/arm-none-eabi/13.3.1/thumb/v7e-m+dp/hard/crtbegin.o
                [!provide]                        PROVIDE (__fini_array_end = .)
                0x0800a140                        _sidata = LOADADDR (.data)

.rel.dyn        0x0800a140        0x0
 .rel.iplt      0x0800a140        0x0 D:/ST/cubeide/STM32CubeIDE_1.19.0/STM32CubeIDE/plugins/com.st.stm32cube.ide.mcu.externaltools.gnu-tools-for-stm32.13.3.rel1.win32_1.0.0.202411081344/tools/bin/../lib/gcc/arm-none-eabi/13.3.1/thumb/v7e-m+dp/hard/crtbegin.o

.data           0x24000000       0x1c load address 0x0800a140
                0x24000000                        . = ALIGN (0x4)
                0x24000000                        _sdata = .
 *(.data)
 *(.data*)
 .data.ASCII_Font24
                0x24000000        0xc ./Core/Src/lcd_fonts.o
                0x24000000                ASCII_Font24
 .data.SystemCoreClock
                0x2400000c        0x4 ./Core/Src/system_stm32h7xx.o
                0x2400000c                SystemCoreClock
 .data.SystemD2Clock
                0x24000010        0x4 ./Core/Src/system_stm32h7xx.o
                0x24000010                SystemD2Clock
 .data.uwTickPrio
                0x24000014        0x4 ./Drivers/STM32H7xx_HAL_Driver/Src/stm32h7xx_hal.o
                0x24000014                uwTickPrio
 .data.uwTickFreq
                0x24000018        0x1 ./Drivers/STM32H7xx_HAL_Driver/Src/stm32h7xx_hal.o
                0x24000018                uwTickFreq
 *(.RamFunc)
 *(.RamFunc*)
                0x2400001c                        . = ALIGN (0x4)
 *fill*         0x24000019        0x3 
                0x2400001c                        _edata = .

.igot.plt       0x2400001c        0x0 load address 0x0800a15c
 .igot.plt      0x2400001c        0x0 D:/ST/cubeide/STM32CubeIDE_1.19.0/STM32CubeIDE/plugins/com.st.stm32cube.ide.mcu.externaltools.gnu-tools-for-stm32.13.3.rel1.win32_1.0.0.202411081344/tools/bin/../lib/gcc/arm-none-eabi/13.3.1/thumb/v7e-m+dp/hard/crtbegin.o
                0x2400001c                        . = ALIGN (0x4)

.bss            0x2400001c      0xac8 load address 0x0800a15c
                0x2400001c                        _sbss = .
                0x2400001c                        __bss_start__ = _sbss
 *(.bss)
 .bss           0x2400001c       0x1c D:/ST/cubeide/STM32CubeIDE_1.19.0/STM32CubeIDE/plugins/com.st.stm32cube.ide.mcu.externaltools.gnu-tools-for-stm32.13.3.rel1.win32_1.0.0.202411081344/tools/bin/../lib/gcc/arm-none-eabi/13.3.1/thumb/v7e-m+dp/hard/crtbegin.o
 *(.bss*)
 .bss.hadc1     0x24000038       0x70 ./Core/Src/adc.o
                0x24000038                hadc1
 .bss.hadc2     0x240000a8       0x70 ./Core/Src/adc.o
                0x240000a8                hadc2
 .bss.HAL_RCC_ADC12_CLK_ENABLED
                0x24000118        0x4 ./Core/Src/adc.o
 .bss.LCD_AsciiFonts
                0x2400011c        0x4 ./Core/Src/lcd_spi_200.o
 .bss.LCD_Buff  0x24000120      0x800 ./Core/Src/lcd_spi_200.o
                0x24000120                LCD_Buff
 .bss.LCD       0x24000920       0x10 ./Core/Src/lcd_spi_200.o
                0x24000920                LCD
 .bss.hspi6     0x24000930       0x88 ./Core/Src/spi.o
                0x24000930                hspi6
 .bss.huart4    0x240009b8       0x94 ./Core/Src/usart.o
                0x240009b8                huart4
 .bss.huart5    0x24000a4c       0x94 ./Core/Src/usart.o
                0x24000a4c                huart5
 .bss.uwTick    0x24000ae0        0x4 ./Drivers/STM32H7xx_HAL_Driver/Src/stm32h7xx_hal.o
                0x24000ae0                uwTick
 *(COMMON)
                0x24000ae4                        . = ALIGN (0x4)
                0x24000ae4                        _ebss = .
                0x24000ae4                        __bss_end__ = _ebss

._user_heap_stack
                0x24000ae4      0x604 load address 0x0800a15c
                0x24000ae8                        . = ALIGN (0x8)
 *fill*         0x24000ae4        0x4 
                [!provide]                        PROVIDE (end = .)
                0x24000ae8                        PROVIDE (_end = .)
                0x24000ce8                        . = (. + _Min_Heap_Size)
 *fill*         0x24000ae8      0x200 
                0x240010e8                        . = (. + _Min_Stack_Size)
 *fill*         0x24000ce8      0x400 
                0x240010e8                        . = ALIGN (0x8)

/DISCARD/
 libc.a(*)
 libm.a(*)
 libgcc.a(*)

.ARM.attributes
                0x00000000       0x2e
 *(.ARM.attributes)
 .ARM.attributes
                0x00000000       0x20 D:/ST/cubeide/STM32CubeIDE_1.19.0/STM32CubeIDE/plugins/com.st.stm32cube.ide.mcu.externaltools.gnu-tools-for-stm32.13.3.rel1.win32_1.0.0.202411081344/tools/bin/../lib/gcc/arm-none-eabi/13.3.1/thumb/v7e-m+dp/hard/crti.o
 .ARM.attributes
                0x00000020       0x32 D:/ST/cubeide/STM32CubeIDE_1.19.0/STM32CubeIDE/plugins/com.st.stm32cube.ide.mcu.externaltools.gnu-tools-for-stm32.13.3.rel1.win32_1.0.0.202411081344/tools/bin/../lib/gcc/arm-none-eabi/13.3.1/thumb/v7e-m+dp/hard/crtbegin.o
 .ARM.attributes
                0x00000052       0x32 ./Core/Src/adc.o
 .ARM.attributes
                0x00000084       0x32 ./Core/Src/gpio.o
 .ARM.attributes
                0x000000b6       0x32 ./Core/Src/lcd_fonts.o
 .ARM.attributes
                0x000000e8       0x32 ./Core/Src/lcd_spi_200.o
 .ARM.attributes
                0x0000011a       0x32 ./Core/Src/main.o
 .ARM.attributes
                0x0000014c       0x32 ./Core/Src/spi.o
 .ARM.attributes
                0x0000017e       0x32 ./Core/Src/stm32h7xx_hal_msp.o
 .ARM.attributes
                0x000001b0       0x32 ./Core/Src/stm32h7xx_it.o
 .ARM.attributes
                0x000001e2       0x32 ./Core/Src/system_stm32h7xx.o
 .ARM.attributes
                0x00000214       0x32 ./Core/Src/usart.o
 .ARM.attributes
                0x00000246       0x21 ./Core/Startup/startup_stm32h723zgtx.o
 .ARM.attributes
                0x00000267       0x32 ./Drivers/STM32H7xx_HAL_Driver/Src/stm32h7xx_hal.o
 .ARM.attributes
                0x00000299       0x32 ./Drivers/STM32H7xx_HAL_Driver/Src/stm32h7xx_hal_adc.o
 .ARM.attributes
                0x000002cb       0x32 ./Drivers/STM32H7xx_HAL_Driver/Src/stm32h7xx_hal_adc_ex.o
 .ARM.attributes
                0x000002fd       0x32 ./Drivers/STM32H7xx_HAL_Driver/Src/stm32h7xx_hal_cortex.o
 .ARM.attributes
                0x0000032f       0x32 ./Drivers/STM32H7xx_HAL_Driver/Src/stm32h7xx_hal_gpio.o
 .ARM.attributes
                0x00000361       0x32 ./Drivers/STM32H7xx_HAL_Driver/Src/stm32h7xx_hal_pwr_ex.o
 .ARM.attributes
                0x00000393       0x32 ./Drivers/STM32H7xx_HAL_Driver/Src/stm32h7xx_hal_rcc.o
 .ARM.attributes
                0x000003c5       0x32 ./Drivers/STM32H7xx_HAL_Driver/Src/stm32h7xx_hal_rcc_ex.o
 .ARM.attributes
                0x000003f7       0x32 ./Drivers/STM32H7xx_HAL_Driver/Src/stm32h7xx_hal_spi.o
 .ARM.attributes
                0x00000429       0x32 ./Drivers/STM32H7xx_HAL_Driver/Src/stm32h7xx_hal_uart.o
 .ARM.attributes
                0x0000045b       0x32 ./Drivers/STM32H7xx_HAL_Driver/Src/stm32h7xx_hal_uart_ex.o
 .ARM.attributes
                0x0000048d       0x32 D:/ST/cubeide/STM32CubeIDE_1.19.0/STM32CubeIDE/plugins/com.st.stm32cube.ide.mcu.externaltools.gnu-tools-for-stm32.13.3.rel1.win32_1.0.0.202411081344/tools/bin/../lib/gcc/arm-none-eabi/13.3.1/../../../../arm-none-eabi/lib/thumb/v7e-m+dp/hard\libc_nano.a(libc_a-memset.o)
 .ARM.attributes
                0x000004bf       0x32 D:/ST/cubeide/STM32CubeIDE_1.19.0/STM32CubeIDE/plugins/com.st.stm32cube.ide.mcu.externaltools.gnu-tools-for-stm32.13.3.rel1.win32_1.0.0.202411081344/tools/bin/../lib/gcc/arm-none-eabi/13.3.1/../../../../arm-none-eabi/lib/thumb/v7e-m+dp/hard\libc_nano.a(libc_a-init.o)
 .ARM.attributes
                0x000004f1       0x20 D:/ST/cubeide/STM32CubeIDE_1.19.0/STM32CubeIDE/plugins/com.st.stm32cube.ide.mcu.externaltools.gnu-tools-for-stm32.13.3.rel1.win32_1.0.0.202411081344/tools/bin/../lib/gcc/arm-none-eabi/13.3.1/thumb/v7e-m+dp/hard\libgcc.a(_aeabi_uldivmod.o)
 .ARM.attributes
                0x00000511       0x32 D:/ST/cubeide/STM32CubeIDE_1.19.0/STM32CubeIDE/plugins/com.st.stm32cube.ide.mcu.externaltools.gnu-tools-for-stm32.13.3.rel1.win32_1.0.0.202411081344/tools/bin/../lib/gcc/arm-none-eabi/13.3.1/thumb/v7e-m+dp/hard\libgcc.a(_udivmoddi4.o)
 .ARM.attributes
                0x00000543       0x20 D:/ST/cubeide/STM32CubeIDE_1.19.0/STM32CubeIDE/plugins/com.st.stm32cube.ide.mcu.externaltools.gnu-tools-for-stm32.13.3.rel1.win32_1.0.0.202411081344/tools/bin/../lib/gcc/arm-none-eabi/13.3.1/thumb/v7e-m+dp/hard\libgcc.a(_dvmd_tls.o)
 .ARM.attributes
                0x00000563       0x20 D:/ST/cubeide/STM32CubeIDE_1.19.0/STM32CubeIDE/plugins/com.st.stm32cube.ide.mcu.externaltools.gnu-tools-for-stm32.13.3.rel1.win32_1.0.0.202411081344/tools/bin/../lib/gcc/arm-none-eabi/13.3.1/thumb/v7e-m+dp/hard/crtn.o
OUTPUT(fasong.elf elf32-littlearm)
LOAD linker stubs
LOAD D:/ST/cubeide/STM32CubeIDE_1.19.0/STM32CubeIDE/plugins/com.st.stm32cube.ide.mcu.externaltools.gnu-tools-for-stm32.13.3.rel1.win32_1.0.0.202411081344/tools/bin/../lib/gcc/arm-none-eabi/13.3.1/../../../../arm-none-eabi/lib/thumb/v7e-m+dp/hard\libc.a
LOAD D:/ST/cubeide/STM32CubeIDE_1.19.0/STM32CubeIDE/plugins/com.st.stm32cube.ide.mcu.externaltools.gnu-tools-for-stm32.13.3.rel1.win32_1.0.0.202411081344/tools/bin/../lib/gcc/arm-none-eabi/13.3.1/../../../../arm-none-eabi/lib/thumb/v7e-m+dp/hard\libm.a
LOAD D:/ST/cubeide/STM32CubeIDE_1.19.0/STM32CubeIDE/plugins/com.st.stm32cube.ide.mcu.externaltools.gnu-tools-for-stm32.13.3.rel1.win32_1.0.0.202411081344/tools/bin/../lib/gcc/arm-none-eabi/13.3.1/thumb/v7e-m+dp/hard\libgcc.a

.debug_info     0x00000000    0x185a8
 .debug_info    0x00000000     0x12f5 ./Core/Src/adc.o
 .debug_info    0x000012f5      0x60c ./Core/Src/gpio.o
 .debug_info    0x00001901      0x37a ./Core/Src/lcd_fonts.o
 .debug_info    0x00001c7b     0x170f ./Core/Src/lcd_spi_200.o
 .debug_info    0x0000338a      0x8ae ./Core/Src/main.o
 .debug_info    0x00003c38     0x108d ./Core/Src/spi.o
 .debug_info    0x00004cc5      0x464 ./Core/Src/stm32h7xx_hal_msp.o
 .debug_info    0x00005129      0x128 ./Core/Src/stm32h7xx_it.o
 .debug_info    0x00005251      0xbf0 ./Core/Src/system_stm32h7xx.o
 .debug_info    0x00005e41     0x10f4 ./Core/Src/usart.o
 .debug_info    0x00006f35       0x30 ./Core/Startup/startup_stm32h723zgtx.o
 .debug_info    0x00006f65     0x1698 ./Drivers/STM32H7xx_HAL_Driver/Src/stm32h7xx_hal.o
 .debug_info    0x000085fd     0x2320 ./Drivers/STM32H7xx_HAL_Driver/Src/stm32h7xx_hal_adc.o
 .debug_info    0x0000a91d     0x22fa ./Drivers/STM32H7xx_HAL_Driver/Src/stm32h7xx_hal_adc_ex.o
 .debug_info    0x0000cc17     0x10a5 ./Drivers/STM32H7xx_HAL_Driver/Src/stm32h7xx_hal_cortex.o
 .debug_info    0x0000dcbc      0xc6b ./Drivers/STM32H7xx_HAL_Driver/Src/stm32h7xx_hal_gpio.o
 .debug_info    0x0000e927      0xdce ./Drivers/STM32H7xx_HAL_Driver/Src/stm32h7xx_hal_pwr_ex.o
 .debug_info    0x0000f6f5      0xd82 ./Drivers/STM32H7xx_HAL_Driver/Src/stm32h7xx_hal_rcc.o
 .debug_info    0x00010477     0x120b ./Drivers/STM32H7xx_HAL_Driver/Src/stm32h7xx_hal_rcc_ex.o
 .debug_info    0x00011682     0x144a ./Drivers/STM32H7xx_HAL_Driver/Src/stm32h7xx_hal_spi.o
 .debug_info    0x00012acc     0x4b1d ./Drivers/STM32H7xx_HAL_Driver/Src/stm32h7xx_hal_uart.o
 .debug_info    0x000175e9      0xfbf ./Drivers/STM32H7xx_HAL_Driver/Src/stm32h7xx_hal_uart_ex.o

.debug_abbrev   0x00000000     0x2f50
 .debug_abbrev  0x00000000      0x229 ./Core/Src/adc.o
 .debug_abbrev  0x00000229      0x158 ./Core/Src/gpio.o
 .debug_abbrev  0x00000381       0xe5 ./Core/Src/lcd_fonts.o
 .debug_abbrev  0x00000466      0x31f ./Core/Src/lcd_spi_200.o
 .debug_abbrev  0x00000785      0x213 ./Core/Src/main.o
 .debug_abbrev  0x00000998      0x215 ./Core/Src/spi.o
 .debug_abbrev  0x00000bad       0xdb ./Core/Src/stm32h7xx_hal_msp.o
 .debug_abbrev  0x00000c88       0x73 ./Core/Src/stm32h7xx_it.o
 .debug_abbrev  0x00000cfb      0x153 ./Core/Src/system_stm32h7xx.o
 .debug_abbrev  0x00000e4e      0x247 ./Core/Src/usart.o
 .debug_abbrev  0x00001095       0x24 ./Core/Startup/startup_stm32h723zgtx.o
 .debug_abbrev  0x000010b9      0x29e ./Drivers/STM32H7xx_HAL_Driver/Src/stm32h7xx_hal.o
 .debug_abbrev  0x00001357      0x307 ./Drivers/STM32H7xx_HAL_Driver/Src/stm32h7xx_hal_adc.o
 .debug_abbrev  0x0000165e      0x345 ./Drivers/STM32H7xx_HAL_Driver/Src/stm32h7xx_hal_adc_ex.o
 .debug_abbrev  0x000019a3      0x339 ./Drivers/STM32H7xx_HAL_Driver/Src/stm32h7xx_hal_cortex.o
 .debug_abbrev  0x00001cdc      0x205 ./Drivers/STM32H7xx_HAL_Driver/Src/stm32h7xx_hal_gpio.o
 .debug_abbrev  0x00001ee1      0x295 ./Drivers/STM32H7xx_HAL_Driver/Src/stm32h7xx_hal_pwr_ex.o
 .debug_abbrev  0x00002176      0x2b1 ./Drivers/STM32H7xx_HAL_Driver/Src/stm32h7xx_hal_rcc.o
 .debug_abbrev  0x00002427      0x269 ./Drivers/STM32H7xx_HAL_Driver/Src/stm32h7xx_hal_rcc_ex.o
 .debug_abbrev  0x00002690      0x2b1 ./Drivers/STM32H7xx_HAL_Driver/Src/stm32h7xx_hal_spi.o
 .debug_abbrev  0x00002941      0x33d ./Drivers/STM32H7xx_HAL_Driver/Src/stm32h7xx_hal_uart.o
 .debug_abbrev  0x00002c7e      0x2d2 ./Drivers/STM32H7xx_HAL_Driver/Src/stm32h7xx_hal_uart_ex.o

.debug_aranges  0x00000000     0x1230
 .debug_aranges
                0x00000000       0x38 ./Core/Src/adc.o
 .debug_aranges
                0x00000038       0x20 ./Core/Src/gpio.o
 .debug_aranges
                0x00000058       0x18 ./Core/Src/lcd_fonts.o
 .debug_aranges
                0x00000070      0x130 ./Core/Src/lcd_spi_200.o
 .debug_aranges
                0x000001a0       0x40 ./Core/Src/main.o
 .debug_aranges
                0x000001e0       0x30 ./Core/Src/spi.o
 .debug_aranges
                0x00000210       0x20 ./Core/Src/stm32h7xx_hal_msp.o
 .debug_aranges
                0x00000230       0x60 ./Core/Src/stm32h7xx_it.o
 .debug_aranges
                0x00000290       0x30 ./Core/Src/system_stm32h7xx.o
 .debug_aranges
                0x000002c0       0x38 ./Core/Src/usart.o
 .debug_aranges
                0x000002f8       0x28 ./Core/Startup/startup_stm32h723zgtx.o
 .debug_aranges
                0x00000320      0x1c8 ./Drivers/STM32H7xx_HAL_Driver/Src/stm32h7xx_hal.o
 .debug_aranges
                0x000004e8      0x268 ./Drivers/STM32H7xx_HAL_Driver/Src/stm32h7xx_hal_adc.o
 .debug_aranges
                0x00000750      0x1f8 ./Drivers/STM32H7xx_HAL_Driver/Src/stm32h7xx_hal_adc_ex.o
 .debug_aranges
                0x00000948      0x130 ./Drivers/STM32H7xx_HAL_Driver/Src/stm32h7xx_hal_cortex.o
 .debug_aranges
                0x00000a78       0x58 ./Drivers/STM32H7xx_HAL_Driver/Src/stm32h7xx_hal_gpio.o
 .debug_aranges
                0x00000ad0      0x148 ./Drivers/STM32H7xx_HAL_Driver/Src/stm32h7xx_hal_pwr_ex.o
 .debug_aranges
                0x00000c18       0x88 ./Drivers/STM32H7xx_HAL_Driver/Src/stm32h7xx_hal_rcc.o
 .debug_aranges
                0x00000ca0       0xf8 ./Drivers/STM32H7xx_HAL_Driver/Src/stm32h7xx_hal_rcc_ex.o
 .debug_aranges
                0x00000d98      0x1a8 ./Drivers/STM32H7xx_HAL_Driver/Src/stm32h7xx_hal_spi.o
 .debug_aranges
                0x00000f40      0x248 ./Drivers/STM32H7xx_HAL_Driver/Src/stm32h7xx_hal_uart.o
 .debug_aranges
                0x00001188       0xa8 ./Drivers/STM32H7xx_HAL_Driver/Src/stm32h7xx_hal_uart_ex.o

.debug_rnglists
                0x00000000      0xde8
 .debug_rnglists
                0x00000000       0x29 ./Core/Src/adc.o
 .debug_rnglists
                0x00000029       0x14 ./Core/Src/gpio.o
 .debug_rnglists
                0x0000003d       0xf1 ./Core/Src/lcd_spi_200.o
 .debug_rnglists
                0x0000012e       0x2c ./Core/Src/main.o
 .debug_rnglists
                0x0000015a       0x21 ./Core/Src/spi.o
 .debug_rnglists
                0x0000017b       0x13 ./Core/Src/stm32h7xx_hal_msp.o
 .debug_rnglists
                0x0000018e       0x43 ./Core/Src/stm32h7xx_it.o
 .debug_rnglists
                0x000001d1       0x21 ./Core/Src/system_stm32h7xx.o
 .debug_rnglists
                0x000001f2       0x28 ./Core/Src/usart.o
 .debug_rnglists
                0x0000021a       0x19 ./Core/Startup/startup_stm32h723zgtx.o
 .debug_rnglists
                0x00000233      0x155 ./Drivers/STM32H7xx_HAL_Driver/Src/stm32h7xx_hal.o
 .debug_rnglists
                0x00000388      0x1db ./Drivers/STM32H7xx_HAL_Driver/Src/stm32h7xx_hal_adc.o
 .debug_rnglists
                0x00000563      0x188 ./Drivers/STM32H7xx_HAL_Driver/Src/stm32h7xx_hal_adc_ex.o
 .debug_rnglists
                0x000006eb       0xe0 ./Drivers/STM32H7xx_HAL_Driver/Src/stm32h7xx_hal_cortex.o
 .debug_rnglists
                0x000007cb       0x3f ./Drivers/STM32H7xx_HAL_Driver/Src/stm32h7xx_hal_gpio.o
 .debug_rnglists
                0x0000080a       0xf5 ./Drivers/STM32H7xx_HAL_Driver/Src/stm32h7xx_hal_pwr_ex.o
 .debug_rnglists
                0x000008ff       0x68 ./Drivers/STM32H7xx_HAL_Driver/Src/stm32h7xx_hal_rcc.o
 .debug_rnglists
                0x00000967       0xc0 ./Drivers/STM32H7xx_HAL_Driver/Src/stm32h7xx_hal_rcc_ex.o
 .debug_rnglists
                0x00000a27      0x148 ./Drivers/STM32H7xx_HAL_Driver/Src/stm32h7xx_hal_spi.o
 .debug_rnglists
                0x00000b6f      0x1fa ./Drivers/STM32H7xx_HAL_Driver/Src/stm32h7xx_hal_uart.o
 .debug_rnglists
                0x00000d69       0x7f ./Drivers/STM32H7xx_HAL_Driver/Src/stm32h7xx_hal_uart_ex.o

.debug_macro    0x00000000    0x3566c
 .debug_macro   0x00000000      0x2ea ./Core/Src/adc.o
 .debug_macro   0x000002ea      0xaf6 ./Core/Src/adc.o
 .debug_macro   0x00000de0      0x23e ./Core/Src/adc.o
 .debug_macro   0x0000101e       0x2e ./Core/Src/adc.o
 .debug_macro   0x0000104c       0x3b ./Core/Src/adc.o
 .debug_macro   0x00001087       0x22 ./Core/Src/adc.o
 .debug_macro   0x000010a9       0x8e ./Core/Src/adc.o
 .debug_macro   0x00001137       0x51 ./Core/Src/adc.o
 .debug_macro   0x00001188      0x103 ./Core/Src/adc.o
 .debug_macro   0x0000128b       0x6a ./Core/Src/adc.o
 .debug_macro   0x000012f5      0x1df ./Core/Src/adc.o
 .debug_macro   0x000014d4       0x1c ./Core/Src/adc.o
 .debug_macro   0x000014f0       0x22 ./Core/Src/adc.o
 .debug_macro   0x00001512       0xfb ./Core/Src/adc.o
 .debug_macro   0x0000160d     0x1305 ./Core/Src/adc.o
 .debug_macro   0x00002912      0x11f ./Core/Src/adc.o
 .debug_macro   0x00002a31       0x27 ./Core/Src/adc.o
 .debug_macro   0x00002a58    0x216c1 ./Core/Src/adc.o
 .debug_macro   0x00024119       0x6d ./Core/Src/adc.o
 .debug_macro   0x00024186     0x3d64 ./Core/Src/adc.o
 .debug_macro   0x00027eea      0x190 ./Core/Src/adc.o
 .debug_macro   0x0002807a       0x61 ./Core/Src/adc.o
 .debug_macro   0x000280db       0x29 ./Core/Src/adc.o
 .debug_macro   0x00028104       0x43 ./Core/Src/adc.o
 .debug_macro   0x00028147       0x34 ./Core/Src/adc.o
 .debug_macro   0x0002817b      0x370 ./Core/Src/adc.o
 .debug_macro   0x000284eb       0x16 ./Core/Src/adc.o
 .debug_macro   0x00028501       0x4a ./Core/Src/adc.o
 .debug_macro   0x0002854b       0x34 ./Core/Src/adc.o
 .debug_macro   0x0002857f       0x10 ./Core/Src/adc.o
 .debug_macro   0x0002858f       0x58 ./Core/Src/adc.o
 .debug_macro   0x000285e7       0x8e ./Core/Src/adc.o
 .debug_macro   0x00028675       0x1c ./Core/Src/adc.o
 .debug_macro   0x00028691      0x185 ./Core/Src/adc.o
 .debug_macro   0x00028816      0x19b ./Core/Src/adc.o
 .debug_macro   0x000289b1       0x5d ./Core/Src/adc.o
 .debug_macro   0x00028a0e     0x2462 ./Core/Src/adc.o
 .debug_macro   0x0002ae70     0x1079 ./Core/Src/adc.o
 .debug_macro   0x0002bee9      0x154 ./Core/Src/adc.o
 .debug_macro   0x0002c03d      0x114 ./Core/Src/adc.o
 .debug_macro   0x0002c151      0x3fc ./Core/Src/adc.o
 .debug_macro   0x0002c54d       0xac ./Core/Src/adc.o
 .debug_macro   0x0002c5f9      0x788 ./Core/Src/adc.o
 .debug_macro   0x0002cd81      0x228 ./Core/Src/adc.o
 .debug_macro   0x0002cfa9       0x66 ./Core/Src/adc.o
 .debug_macro   0x0002d00f      0x3a6 ./Core/Src/adc.o
 .debug_macro   0x0002d3b5      0x3f9 ./Core/Src/adc.o
 .debug_macro   0x0002d7ae      0x275 ./Core/Src/adc.o
 .debug_macro   0x0002da23     0x1178 ./Core/Src/adc.o
 .debug_macro   0x0002eb9b      0x7c8 ./Core/Src/adc.o
 .debug_macro   0x0002f363      0x3bb ./Core/Src/adc.o
 .debug_macro   0x0002f71e      0x3ca ./Core/Src/adc.o
 .debug_macro   0x0002fae8      0x45c ./Core/Src/adc.o
 .debug_macro   0x0002ff44       0x3c ./Core/Src/adc.o
 .debug_macro   0x0002ff80       0x4a ./Core/Src/adc.o
 .debug_macro   0x0002ffca      0x22c ./Core/Src/adc.o
 .debug_macro   0x000301f6       0x67 ./Core/Src/adc.o
 .debug_macro   0x0003025d       0xa5 ./Core/Src/adc.o
 .debug_macro   0x00030302      0x1c4 ./Core/Src/adc.o
 .debug_macro   0x000304c6      0x22a ./Core/Src/adc.o
 .debug_macro   0x000306f0       0x35 ./Core/Src/adc.o
 .debug_macro   0x00030725      0x5e4 ./Core/Src/adc.o
 .debug_macro   0x00030d09       0xc1 ./Core/Src/adc.o
 .debug_macro   0x00030dca      0x693 ./Core/Src/adc.o
 .debug_macro   0x0003145d       0xa6 ./Core/Src/adc.o
 .debug_macro   0x00031503      0x5f2 ./Core/Src/adc.o
 .debug_macro   0x00031af5       0x10 ./Core/Src/adc.o
 .debug_macro   0x00031b05      0x2ea ./Core/Src/gpio.o
 .debug_macro   0x00031def       0x6d ./Core/Src/lcd_fonts.o
 .debug_macro   0x00031e5c      0x342 ./Core/Src/lcd_spi_200.o
 .debug_macro   0x0003219e       0x16 ./Core/Src/lcd_spi_200.o
 .debug_macro   0x000321b4      0x100 ./Core/Src/lcd_spi_200.o
 .debug_macro   0x000322b4       0x1c ./Core/Src/lcd_spi_200.o
 .debug_macro   0x000322d0       0x3c ./Core/Src/lcd_spi_200.o
 .debug_macro   0x0003230c       0x10 ./Core/Src/lcd_spi_200.o
 .debug_macro   0x0003231c       0x1c ./Core/Src/lcd_spi_200.o
 .debug_macro   0x00032338       0x16 ./Core/Src/lcd_spi_200.o
 .debug_macro   0x0003234e      0x146 ./Core/Src/lcd_spi_200.o
 .debug_macro   0x00032494      0x329 ./Core/Src/main.o
 .debug_macro   0x000327bd      0x30d ./Core/Src/spi.o
 .debug_macro   0x00032aca      0x2e0 ./Core/Src/stm32h7xx_hal_msp.o
 .debug_macro   0x00032daa      0x2ea ./Core/Src/stm32h7xx_it.o
 .debug_macro   0x00033094      0x2d1 ./Core/Src/system_stm32h7xx.o
 .debug_macro   0x00033365      0x2ea ./Core/Src/usart.o
 .debug_macro   0x0003364f      0x2fb ./Drivers/STM32H7xx_HAL_Driver/Src/stm32h7xx_hal.o
 .debug_macro   0x0003394a      0x2fc ./Drivers/STM32H7xx_HAL_Driver/Src/stm32h7xx_hal_adc.o
 .debug_macro   0x00033c46      0x2dd ./Drivers/STM32H7xx_HAL_Driver/Src/stm32h7xx_hal_adc_ex.o
 .debug_macro   0x00033f23      0x2d1 ./Drivers/STM32H7xx_HAL_Driver/Src/stm32h7xx_hal_cortex.o
 .debug_macro   0x000341f4      0x2d8 ./Drivers/STM32H7xx_HAL_Driver/Src/stm32h7xx_hal_gpio.o
 .debug_macro   0x000344cc      0x30a ./Drivers/STM32H7xx_HAL_Driver/Src/stm32h7xx_hal_pwr_ex.o
 .debug_macro   0x000347d6      0x2f5 ./Drivers/STM32H7xx_HAL_Driver/Src/stm32h7xx_hal_rcc.o
 .debug_macro   0x00034acb      0x2ef ./Drivers/STM32H7xx_HAL_Driver/Src/stm32h7xx_hal_rcc_ex.o
 .debug_macro   0x00034dba      0x2d9 ./Drivers/STM32H7xx_HAL_Driver/Src/stm32h7xx_hal_spi.o
 .debug_macro   0x00035093      0x2fc ./Drivers/STM32H7xx_HAL_Driver/Src/stm32h7xx_hal_uart.o
 .debug_macro   0x0003538f      0x2dd ./Drivers/STM32H7xx_HAL_Driver/Src/stm32h7xx_hal_uart_ex.o

.debug_line     0x00000000    0x1a0e1
 .debug_line    0x00000000      0xba4 ./Core/Src/adc.o
 .debug_line    0x00000ba4      0xa0f ./Core/Src/gpio.o
 .debug_line    0x000015b3      0x402 ./Core/Src/lcd_fonts.o
 .debug_line    0x000019b5     0x169b ./Core/Src/lcd_spi_200.o
 .debug_line    0x00003050      0xb47 ./Core/Src/main.o
 .debug_line    0x00003b97      0xad1 ./Core/Src/spi.o
 .debug_line    0x00004668      0xa01 ./Core/Src/stm32h7xx_hal_msp.o
 .debug_line    0x00005069      0xab1 ./Core/Src/stm32h7xx_it.o
 .debug_line    0x00005b1a      0xbf6 ./Core/Src/system_stm32h7xx.o
 .debug_line    0x00006710      0xb76 ./Core/Src/usart.o
 .debug_line    0x00007286       0x7b ./Core/Startup/startup_stm32h723zgtx.o
 .debug_line    0x00007301     0x106b ./Drivers/STM32H7xx_HAL_Driver/Src/stm32h7xx_hal.o
 .debug_line    0x0000836c     0x28fe ./Drivers/STM32H7xx_HAL_Driver/Src/stm32h7xx_hal_adc.o
 .debug_line    0x0000ac6a     0x238d ./Drivers/STM32H7xx_HAL_Driver/Src/stm32h7xx_hal_adc_ex.o
 .debug_line    0x0000cff7      0xfc4 ./Drivers/STM32H7xx_HAL_Driver/Src/stm32h7xx_hal_cortex.o
 .debug_line    0x0000dfbb      0xe4f ./Drivers/STM32H7xx_HAL_Driver/Src/stm32h7xx_hal_gpio.o
 .debug_line    0x0000ee0a     0x10a9 ./Drivers/STM32H7xx_HAL_Driver/Src/stm32h7xx_hal_pwr_ex.o
 .debug_line    0x0000feb3     0x15e8 ./Drivers/STM32H7xx_HAL_Driver/Src/stm32h7xx_hal_rcc.o
 .debug_line    0x0001149b     0x1e9c ./Drivers/STM32H7xx_HAL_Driver/Src/stm32h7xx_hal_rcc_ex.o
 .debug_line    0x00013337     0x236c ./Drivers/STM32H7xx_HAL_Driver/Src/stm32h7xx_hal_spi.o
 .debug_line    0x000156a3     0x3ace ./Drivers/STM32H7xx_HAL_Driver/Src/stm32h7xx_hal_uart.o
 .debug_line    0x00019171      0xf70 ./Drivers/STM32H7xx_HAL_Driver/Src/stm32h7xx_hal_uart_ex.o

.debug_str      0x00000000   0x15c0a0
 .debug_str     0x00000000   0x15c0a0 ./Core/Src/adc.o
                             0x15623e (size before relaxing)
 .debug_str     0x0015c0a0   0x155707 ./Core/Src/gpio.o
 .debug_str     0x0015c0a0     0x3f67 ./Core/Src/lcd_fonts.o
 .debug_str     0x0015c0a0   0x156b07 ./Core/Src/lcd_spi_200.o
 .debug_str     0x0015c0a0   0x156036 ./Core/Src/main.o
 .debug_str     0x0015c0a0   0x15651e ./Core/Src/spi.o
 .debug_str     0x0015c0a0   0x155678 ./Core/Src/stm32h7xx_hal_msp.o
 .debug_str     0x0015c0a0   0x1554d7 ./Core/Src/stm32h7xx_it.o
 .debug_str     0x0015c0a0   0x155933 ./Core/Src/system_stm32h7xx.o
 .debug_str     0x0015c0a0   0x1560e2 ./Core/Src/usart.o
 .debug_str     0x0015c0a0       0x8b ./Core/Startup/startup_stm32h723zgtx.o
 .debug_str     0x0015c0a0   0x15697e ./Drivers/STM32H7xx_HAL_Driver/Src/stm32h7xx_hal.o
 .debug_str     0x0015c0a0   0x1569a3 ./Drivers/STM32H7xx_HAL_Driver/Src/stm32h7xx_hal_adc.o
 .debug_str     0x0015c0a0   0x1568c3 ./Drivers/STM32H7xx_HAL_Driver/Src/stm32h7xx_hal_adc_ex.o
 .debug_str     0x0015c0a0   0x156298 ./Drivers/STM32H7xx_HAL_Driver/Src/stm32h7xx_hal_cortex.o
 .debug_str     0x0015c0a0   0x15593f ./Drivers/STM32H7xx_HAL_Driver/Src/stm32h7xx_hal_gpio.o
 .debug_str     0x0015c0a0   0x155d47 ./Drivers/STM32H7xx_HAL_Driver/Src/stm32h7xx_hal_pwr_ex.o
 .debug_str     0x0015c0a0   0x155cc2 ./Drivers/STM32H7xx_HAL_Driver/Src/stm32h7xx_hal_rcc.o
 .debug_str     0x0015c0a0   0x1561da ./Drivers/STM32H7xx_HAL_Driver/Src/stm32h7xx_hal_rcc_ex.o
 .debug_str     0x0015c0a0   0x156045 ./Drivers/STM32H7xx_HAL_Driver/Src/stm32h7xx_hal_spi.o
 .debug_str     0x0015c0a0   0x156862 ./Drivers/STM32H7xx_HAL_Driver/Src/stm32h7xx_hal_uart.o
 .debug_str     0x0015c0a0   0x155e22 ./Drivers/STM32H7xx_HAL_Driver/Src/stm32h7xx_hal_uart_ex.o

.comment        0x00000000       0x43
 .comment       0x00000000       0x43 ./Core/Src/adc.o
                                 0x44 (size before relaxing)
 .comment       0x00000043       0x44 ./Core/Src/gpio.o
 .comment       0x00000043       0x44 ./Core/Src/lcd_fonts.o
 .comment       0x00000043       0x44 ./Core/Src/lcd_spi_200.o
 .comment       0x00000043       0x44 ./Core/Src/main.o
 .comment       0x00000043       0x44 ./Core/Src/spi.o
 .comment       0x00000043       0x44 ./Core/Src/stm32h7xx_hal_msp.o
 .comment       0x00000043       0x44 ./Core/Src/stm32h7xx_it.o
 .comment       0x00000043       0x44 ./Core/Src/system_stm32h7xx.o
 .comment       0x00000043       0x44 ./Core/Src/usart.o
 .comment       0x00000043       0x44 ./Drivers/STM32H7xx_HAL_Driver/Src/stm32h7xx_hal.o
 .comment       0x00000043       0x44 ./Drivers/STM32H7xx_HAL_Driver/Src/stm32h7xx_hal_adc.o
 .comment       0x00000043       0x44 ./Drivers/STM32H7xx_HAL_Driver/Src/stm32h7xx_hal_adc_ex.o
 .comment       0x00000043       0x44 ./Drivers/STM32H7xx_HAL_Driver/Src/stm32h7xx_hal_cortex.o
 .comment       0x00000043       0x44 ./Drivers/STM32H7xx_HAL_Driver/Src/stm32h7xx_hal_gpio.o
 .comment       0x00000043       0x44 ./Drivers/STM32H7xx_HAL_Driver/Src/stm32h7xx_hal_pwr_ex.o
 .comment       0x00000043       0x44 ./Drivers/STM32H7xx_HAL_Driver/Src/stm32h7xx_hal_rcc.o
 .comment       0x00000043       0x44 ./Drivers/STM32H7xx_HAL_Driver/Src/stm32h7xx_hal_rcc_ex.o
 .comment       0x00000043       0x44 ./Drivers/STM32H7xx_HAL_Driver/Src/stm32h7xx_hal_spi.o
 .comment       0x00000043       0x44 ./Drivers/STM32H7xx_HAL_Driver/Src/stm32h7xx_hal_uart.o
 .comment       0x00000043       0x44 ./Drivers/STM32H7xx_HAL_Driver/Src/stm32h7xx_hal_uart_ex.o

.debug_frame    0x00000000     0x4cc0
 .debug_frame   0x00000000       0xa4 ./Core/Src/adc.o
 .debug_frame   0x000000a4       0x34 ./Core/Src/gpio.o
 .debug_frame   0x000000d8      0x538 ./Core/Src/lcd_spi_200.o
 .debug_frame   0x00000610       0xb0 ./Core/Src/main.o
 .debug_frame   0x000006c0       0x78 ./Core/Src/spi.o
 .debug_frame   0x00000738       0x38 ./Core/Src/stm32h7xx_hal_msp.o
 .debug_frame   0x00000770      0x104 ./Core/Src/stm32h7xx_it.o
 .debug_frame   0x00000874       0x78 ./Core/Src/system_stm32h7xx.o
 .debug_frame   0x000008ec       0x94 ./Core/Src/usart.o
 .debug_frame   0x00000980      0x760 ./Drivers/STM32H7xx_HAL_Driver/Src/stm32h7xx_hal.o
 .debug_frame   0x000010e0      0xb68 ./Drivers/STM32H7xx_HAL_Driver/Src/stm32h7xx_hal_adc.o
 .debug_frame   0x00001c48      0x92c ./Drivers/STM32H7xx_HAL_Driver/Src/stm32h7xx_hal_adc_ex.o
 .debug_frame   0x00002574      0x508 ./Drivers/STM32H7xx_HAL_Driver/Src/stm32h7xx_hal_cortex.o
 .debug_frame   0x00002a7c      0x14c ./Drivers/STM32H7xx_HAL_Driver/Src/stm32h7xx_hal_gpio.o
 .debug_frame   0x00002bc8      0x540 ./Drivers/STM32H7xx_HAL_Driver/Src/stm32h7xx_hal_pwr_ex.o
 .debug_frame   0x00003108      0x1fc ./Drivers/STM32H7xx_HAL_Driver/Src/stm32h7xx_hal_rcc.o
 .debug_frame   0x00003304      0x414 ./Drivers/STM32H7xx_HAL_Driver/Src/stm32h7xx_hal_rcc_ex.o
 .debug_frame   0x00003718      0x7a8 ./Drivers/STM32H7xx_HAL_Driver/Src/stm32h7xx_hal_spi.o
 .debug_frame   0x00003ec0      0xa94 ./Drivers/STM32H7xx_HAL_Driver/Src/stm32h7xx_hal_uart.o
 .debug_frame   0x00004954      0x2c0 ./Drivers/STM32H7xx_HAL_Driver/Src/stm32h7xx_hal_uart_ex.o
 .debug_frame   0x00004c14       0x20 D:/ST/cubeide/STM32CubeIDE_1.19.0/STM32CubeIDE/plugins/com.st.stm32cube.ide.mcu.externaltools.gnu-tools-for-stm32.13.3.rel1.win32_1.0.0.202411081344/tools/bin/../lib/gcc/arm-none-eabi/13.3.1/../../../../arm-none-eabi/lib/thumb/v7e-m+dp/hard\libc_nano.a(libc_a-memset.o)
 .debug_frame   0x00004c34       0x2c D:/ST/cubeide/STM32CubeIDE_1.19.0/STM32CubeIDE/plugins/com.st.stm32cube.ide.mcu.externaltools.gnu-tools-for-stm32.13.3.rel1.win32_1.0.0.202411081344/tools/bin/../lib/gcc/arm-none-eabi/13.3.1/../../../../arm-none-eabi/lib/thumb/v7e-m+dp/hard\libc_nano.a(libc_a-init.o)
 .debug_frame   0x00004c60       0x2c D:/ST/cubeide/STM32CubeIDE_1.19.0/STM32CubeIDE/plugins/com.st.stm32cube.ide.mcu.externaltools.gnu-tools-for-stm32.13.3.rel1.win32_1.0.0.202411081344/tools/bin/../lib/gcc/arm-none-eabi/13.3.1/thumb/v7e-m+dp/hard\libgcc.a(_aeabi_uldivmod.o)
 .debug_frame   0x00004c8c       0x34 D:/ST/cubeide/STM32CubeIDE_1.19.0/STM32CubeIDE/plugins/com.st.stm32cube.ide.mcu.externaltools.gnu-tools-for-stm32.13.3.rel1.win32_1.0.0.202411081344/tools/bin/../lib/gcc/arm-none-eabi/13.3.1/thumb/v7e-m+dp/hard\libgcc.a(_udivmoddi4.o)

.debug_line_str
                0x00000000       0x6f
 .debug_line_str
                0x00000000       0x6f ./Core/Startup/startup_stm32h723zgtx.o
