14:27:50 **** 项目fasong配置Debug的增量构建 ****
make -j20 all 
arm-none-eabi-gcc "../Core/Src/atk_mw8266d_uart.c" -mcpu=cortex-m7 -std=gnu11 -g3 -DDEBUG -DUSE_PWR_LDO_SUPPLY -DUSE_HAL_DRIVER -DSTM32H723xx -c -I../Core/Inc -I../Drivers/STM32H7xx_HAL_Driver/Inc -I../Drivers/STM32H7xx_HAL_Driver/Inc/Legacy -I../Drivers/CMSIS/Device/ST/STM32H7xx/Include -I../Drivers/CMSIS/Include -O0 -ffunction-sections -fdata-sections -Wall -fstack-usage -fcyclomatic-complexity -MMD -MP -MF"Core/Src/atk_mw8266d_uart.d" -MT"Core/Src/atk_mw8266d_uart.o" --specs=nano.specs -mfpu=fpv5-d16 -mfloat-abi=hard -mthumb -o "Core/Src/atk_mw8266d_uart.o"
arm-none-eabi-gcc -o "fasong.elf" @"objects.list"   -mcpu=cortex-m7 -T"C:\Users\11433\Desktop\target_vehicle_control code\fasong\fasong\STM32H723ZGTX_FLASH.ld" --specs=nosys.specs -Wl,-Map="fasong.map" -Wl,--gc-sections -static --specs=nano.specs -mfpu=fpv5-d16 -mfloat-abi=hard -mthumb -u _printf_float -u _scanf_float -Wl,--start-group -lc -lm -Wl,--end-group
已结束构建目标： fasong.elf
 
arm-none-eabi-size  fasong.elf 
arm-none-eabi-objdump -h -S fasong.elf  > "fasong.list"
   text	   data	    bss	    dec	    hex	filename
  74492	    484	   2812	  77788	  12fdc	fasong.elf
已结束构建： default.size.stdout
 
已结束构建： fasong.list
 

14:27:55 构建完成。 0错误，0警告。(使用5s.720ms)

