12:53:43 **** Clean-only build of configuration Debug for project fasong ****
make -j20 clean 
rm -rf ./Drivers/STM32H7xx_HAL_Driver/Src/stm32h7xx_hal.cyclo ./Drivers/STM32H7xx_HAL_Driver/Src/stm32h7xx_hal.d ./Drivers/STM32H7xx_HAL_Driver/Src/stm32h7xx_hal.o ./Drivers/STM32H7xx_HAL_Driver/Src/stm32h7xx_hal.su ./Drivers/STM32H7xx_HAL_Driver/Src/stm32h7xx_hal_adc.cyclo ./Drivers/STM32H7xx_HAL_Driver/Src/stm32h7xx_hal_adc.d ./Drivers/STM32H7xx_HAL_Driver/Src/stm32h7xx_hal_adc.o ./Drivers/STM32H7xx_HAL_Driver/Src/stm32h7xx_hal_adc.su ./Drivers/STM32H7xx_HAL_Driver/Src/stm32h7xx_hal_adc_ex.cyclo ./Drivers/STM32H7xx_HAL_Driver/Src/stm32h7xx_hal_adc_ex.d ./Drivers/STM32H7xx_HAL_Driver/Src/stm32h7xx_hal_adc_ex.o ./Drivers/STM32H7xx_HAL_Driver/Src/stm32h7xx_hal_adc_ex.su ./Drivers/STM32H7xx_HAL_Driver/Src/stm32h7xx_hal_cortex.cyclo ./Drivers/STM32H7xx_HAL_Driver/Src/stm32h7xx_hal_cortex.d ./Drivers/STM32H7xx_HAL_Driver/Src/stm32h7xx_hal_cortex.o ./Drivers/STM32H7xx_HAL_Driver/Src/stm32h7xx_hal_cortex.su ./Drivers/STM32H7xx_HAL_Driver/Src/stm32h7xx_hal_dma.cyclo ./Drivers/STM32H7xx_HAL_Driver/Src/stm32h7xx_hal_dma.d ./Drivers/STM32H7xx_HAL_Driver/Src/stm32h7xx_hal_dma.o ./Drivers/STM32H7xx_HAL_Driver/Src/stm32h7xx_hal_dma.su ./Drivers/STM32H7xx_HAL_Driver/Src/stm32h7xx_hal_dma_ex.cyclo ./Drivers/STM32H7xx_HAL_Driver/Src/stm32h7xx_hal_dma_ex.d ./Drivers/STM32H7xx_HAL_Driver/Src/stm32h7xx_hal_dma_ex.o ./Drivers/STM32H7xx_HAL_Driver/Src/stm32h7xx_hal_dma_ex.su ./Drivers/STM32H7xx_HAL_Driver/Src/stm32h7xx_hal_exti.cyclo ./Drivers/STM32H7xx_HAL_Driver/Src/stm32h7xx_hal_exti.d ./Drivers/STM32H7xx_HAL_Driver/Src/stm32h7xx_hal_exti.o ./Drivers/STM32H7xx_HAL_Driver/Src/stm32h7xx_hal_exti.su ./Drivers/STM32H7xx_HAL_Driver/Src/stm32h7xx_hal_flash.cyclo ./Drivers/STM32H7xx_HAL_Driver/Src/stm32h7xx_hal_flash.d ./Drivers/STM32H7xx_HAL_Driver/Src/stm32h7xx_hal_flash.o ./Drivers/STM32H7xx_HAL_Driver/Src/stm32h7xx_hal_flash.su ./Drivers/STM32H7xx_HAL_Driver/Src/stm32h7xx_hal_flash_ex.cyclo ./Drivers/STM32H7xx_HAL_Driver/Src/stm32h7xx_hal_flash_ex.d ./Drivers/STM32H7xx_HAL_Driver/Src/stm32h7xx_hal_flash_ex.o ./Drivers/STM32H7xx_HAL_Driver/Src/stm32h7xx_hal_flash_ex.su ./Drivers/STM32H7xx_HAL_Driver/Src/stm32h7xx_hal_gpio.cyclo ./Drivers/STM32H7xx_HAL_Driver/Src/stm32h7xx_hal_gpio.d ./Drivers/STM32H7xx_HAL_Driver/Src/stm32h7xx_hal_gpio.o ./Drivers/STM32H7xx_HAL_Driver/Src/stm32h7xx_hal_gpio.su ./Drivers/STM32H7xx_HAL_Driver/Src/stm32h7xx_hal_hsem.cyclo ./Drivers/STM32H7xx_HAL_Driver/Src/stm32h7xx_hal_hsem.d ./Drivers/STM32H7xx_HAL_Driver/Src/stm32h7xx_hal_hsem.o ./Drivers/STM32H7xx_HAL_Driver/Src/stm32h7xx_hal_hsem.su ./Drivers/STM32H7xx_HAL_Driver/Src/stm32h7xx_hal_i2c.cyclo ./Drivers/STM32H7xx_HAL_Driver/Src/stm32h7xx_hal_i2c.d ./Drivers/STM32H7xx_HAL_Driver/Src/stm32h7xx_hal_i2c.o ./Drivers/STM32H7xx_HAL_Driver/Src/stm32h7xx_hal_i2c.su ./Drivers/STM32H7xx_HAL_Driver/Src/stm32h7xx_hal_i2c_ex.cyclo ./Drivers/STM32H7xx_HAL_Driver/Src/stm32h7xx_hal_i2c_ex.d ./Drivers/STM32H7xx_HAL_Driver/Src/stm32h7xx_hal_i2c_ex.o ./Drivers/STM32H7xx_HAL_Driver/Src/stm32h7xx_hal_i2c_ex.su ./Drivers/STM32H7xx_HAL_Driver/Src/stm32h7xx_hal_mdma.cyclo ./Drivers/STM32H7xx_HAL_Driver/Src/stm32h7xx_hal_mdma.d ./Drivers/STM32H7xx_HAL_Driver/Src/stm32h7xx_hal_mdma.o ./Drivers/STM32H7xx_HAL_Driver/Src/stm32h7xx_hal_mdma.su ./Drivers/STM32H7xx_HAL_Driver/Src/stm32h7xx_hal_pwr.cyclo ./Drivers/STM32H7xx_HAL_Driver/Src/stm32h7xx_hal_pwr.d ./Drivers/STM32H7xx_HAL_Driver/Src/stm32h7xx_hal_pwr.o ./Drivers/STM32H7xx_HAL_Driver/Src/stm32h7xx_hal_pwr.su ./Drivers/STM32H7xx_HAL_Driver/Src/stm32h7xx_hal_pwr_ex.cyclo ./Drivers/STM32H7xx_HAL_Driver/Src/stm32h7xx_hal_pwr_ex.d ./Drivers/STM32H7xx_HAL_Driver/Src/stm32h7xx_hal_pwr_ex.o ./Drivers/STM32H7xx_HAL_Driver/Src/stm32h7xx_hal_pwr_ex.su ./Drivers/STM32H7xx_HAL_Driver/Src/stm32h7xx_hal_rcc.cyclo ./Drivers/STM32H7xx_HAL_Driver/Src/stm32h7xx_hal_rcc.d ./Drivers/STM32H7xx_HAL_Driver/Src/stm32h7xx_hal_rcc.o ./Drivers/STM32H7xx_HAL_Driver/Src/stm32h7xx_hal_rcc.su ./Drivers/STM32H7xx_HAL_Driver/Src/stm32h7xx_hal_rcc_ex.cyclo ./Drivers/STM32H7xx_HAL_Driver/Src/stm32h7xx_hal_rcc_ex.d ./Drivers/STM32H7xx_HAL_Driver/Src/stm32h7xx_hal_rcc_ex.o ./Drivers/STM32H7xx_HAL_Driver/Src/stm32h7xx_hal_rcc_ex.su ./Drivers/STM32H7xx_HAL_Driver/Src/stm32h7xx_hal_spi.cyclo ./Drivers/STM32H7xx_HAL_Driver/Src/stm32h7xx_hal_spi.d ./Drivers/STM32H7xx_HAL_Driver/Src/stm32h7xx_hal_spi.o ./Drivers/STM32H7xx_HAL_Driver/Src/stm32h7xx_hal_spi.su ./Drivers/STM32H7xx_HAL_Driver/Src/stm32h7xx_hal_spi_ex.cyclo ./Drivers/STM32H7xx_HAL_Driver/Src/stm32h7xx_hal_spi_ex.d ./Drivers/STM32H7xx_HAL_Driver/Src/stm32h7xx_hal_spi_ex.o ./Drivers/STM32H7xx_HAL_Driver/Src/stm32h7xx_hal_spi_ex.su ./Drivers/STM32H7xx_HAL_Driver/Src/stm32h7xx_hal_tim.cyclo ./Drivers/STM32H7xx_HAL_Driver/Src/stm32h7xx_hal_tim.d ./Drivers/STM32H7xx_HAL_Driver/Src/stm32h7xx_hal_tim.o ./Drivers/STM32H7xx_HAL_Driver/Src/stm32h7xx_hal_tim.su ./Drivers/STM32H7xx_HAL_Driver/Src/stm32h7xx_hal_tim_ex.cyclo ./Drivers/STM32H7xx_HAL_Driver/Src/stm32h7xx_hal_tim_ex.d ./Drivers/STM32H7xx_HAL_Driver/Src/stm32h7xx_hal_tim_ex.o ./Drivers/STM32H7xx_HAL_Driver/Src/stm32h7xx_hal_tim_ex.su
rm -rf ./Core/Startup/startup_stm32h723zgtx.d ./Core/Startup/startup_stm32h723zgtx.o
rm -rf ./Core/Src/NRF24L01.cyclo ./Core/Src/NRF24L01.d ./Core/Src/NRF24L01.o ./Core/Src/NRF24L01.su ./Core/Src/adc.cyclo ./Core/Src/adc.d ./Core/Src/adc.o ./Core/Src/adc.su ./Core/Src/gpio.cyclo ./Core/Src/gpio.d ./Core/Src/gpio.o ./Core/Src/gpio.su ./Core/Src/lcd_fonts.cyclo ./Core/Src/lcd_fonts.d ./Core/Src/lcd_fonts.o ./Core/Src/lcd_fonts.su ./Core/Src/lcd_spi_200.cyclo ./Core/Src/lcd_spi_200.d ./Core/Src/lcd_spi_200.o ./Core/Src/lcd_spi_200.su ./Core/Src/main.cyclo ./Core/Src/main.d ./Core/Src/main.o ./Core/Src/main.su ./Core/Src/spi.cyclo ./Core/Src/spi.d ./Core/Src/spi.o ./Core/Src/spi.su ./Core/Src/stm32h7xx_hal_msp.cyclo ./Core/Src/stm32h7xx_hal_msp.d ./Core/Src/stm32h7xx_hal_msp.o ./Core/Src/stm32h7xx_hal_msp.su ./Core/Src/stm32h7xx_it.cyclo ./Core/Src/stm32h7xx_it.d ./Core/Src/stm32h7xx_it.o ./Core/Src/stm32h7xx_it.su ./Core/Src/system_stm32h7xx.cyclo ./Core/Src/system_stm32h7xx.d ./Core/Src/system_stm32h7xx.o ./Core/Src/system_stm32h7xx.su
rm -rf default.size.stdout fasong.elf fasong.hex fasong.list fasong.map
 
12:53:44 **** Build of configuration Debug for project fasong ****
make -j20 all 
arm-none-eabi-gcc "../Drivers/STM32H7xx_HAL_Driver/Src/stm32h7xx_hal.c" -mcpu=cortex-m7 -std=gnu11 -g3 -DDEBUG -DUSE_PWR_LDO_SUPPLY -DUSE_HAL_DRIVER -DSTM32H723xx -c -I../Core/Inc -I../Drivers/STM32H7xx_HAL_Driver/Inc -I../Drivers/STM32H7xx_HAL_Driver/Inc/Legacy -I../Drivers/CMSIS/Device/ST/STM32H7xx/Include -I../Drivers/CMSIS/Include -O0 -ffunction-sections -fdata-sections -Wall -fstack-usage -fcyclomatic-complexity -MMD -MP -MF"Drivers/STM32H7xx_HAL_Driver/Src/stm32h7xx_hal.d" -MT"Drivers/STM32H7xx_HAL_Driver/Src/stm32h7xx_hal.o" --specs=nano.specs -mfpu=fpv5-d16 -mfloat-abi=hard -mthumb -o "Drivers/STM32H7xx_HAL_Driver/Src/stm32h7xx_hal.o"
arm-none-eabi-gcc "../Drivers/STM32H7xx_HAL_Driver/Src/stm32h7xx_hal_adc.c" -mcpu=cortex-m7 -std=gnu11 -g3 -DDEBUG -DUSE_PWR_LDO_SUPPLY -DUSE_HAL_DRIVER -DSTM32H723xx -c -I../Core/Inc -I../Drivers/STM32H7xx_HAL_Driver/Inc -I../Drivers/STM32H7xx_HAL_Driver/Inc/Legacy -I../Drivers/CMSIS/Device/ST/STM32H7xx/Include -I../Drivers/CMSIS/Include -O0 -ffunction-sections -fdata-sections -Wall -fstack-usage -fcyclomatic-complexity -MMD -MP -MF"Drivers/STM32H7xx_HAL_Driver/Src/stm32h7xx_hal_adc.d" -MT"Drivers/STM32H7xx_HAL_Driver/Src/stm32h7xx_hal_adc.o" --specs=nano.specs -mfpu=fpv5-d16 -mfloat-abi=hard -mthumb -o "Drivers/STM32H7xx_HAL_Driver/Src/stm32h7xx_hal_adc.o"
arm-none-eabi-gcc "../Drivers/STM32H7xx_HAL_Driver/Src/stm32h7xx_hal_adc_ex.c" -mcpu=cortex-m7 -std=gnu11 -g3 -DDEBUG -DUSE_PWR_LDO_SUPPLY -DUSE_HAL_DRIVER -DSTM32H723xx -c -I../Core/Inc -I../Drivers/STM32H7xx_HAL_Driver/Inc -I../Drivers/STM32H7xx_HAL_Driver/Inc/Legacy -I../Drivers/CMSIS/Device/ST/STM32H7xx/Include -I../Drivers/CMSIS/Include -O0 -ffunction-sections -fdata-sections -Wall -fstack-usage -fcyclomatic-complexity -MMD -MP -MF"Drivers/STM32H7xx_HAL_Driver/Src/stm32h7xx_hal_adc_ex.d" -MT"Drivers/STM32H7xx_HAL_Driver/Src/stm32h7xx_hal_adc_ex.o" --specs=nano.specs -mfpu=fpv5-d16 -mfloat-abi=hard -mthumb -o "Drivers/STM32H7xx_HAL_Driver/Src/stm32h7xx_hal_adc_ex.o"
arm-none-eabi-gcc "../Drivers/STM32H7xx_HAL_Driver/Src/stm32h7xx_hal_cortex.c" -mcpu=cortex-m7 -std=gnu11 -g3 -DDEBUG -DUSE_PWR_LDO_SUPPLY -DUSE_HAL_DRIVER -DSTM32H723xx -c -I../Core/Inc -I../Drivers/STM32H7xx_HAL_Driver/Inc -I../Drivers/STM32H7xx_HAL_Driver/Inc/Legacy -I../Drivers/CMSIS/Device/ST/STM32H7xx/Include -I../Drivers/CMSIS/Include -O0 -ffunction-sections -fdata-sections -Wall -fstack-usage -fcyclomatic-complexity -MMD -MP -MF"Drivers/STM32H7xx_HAL_Driver/Src/stm32h7xx_hal_cortex.d" -MT"Drivers/STM32H7xx_HAL_Driver/Src/stm32h7xx_hal_cortex.o" --specs=nano.specs -mfpu=fpv5-d16 -mfloat-abi=hard -mthumb -o "Drivers/STM32H7xx_HAL_Driver/Src/stm32h7xx_hal_cortex.o"
arm-none-eabi-gcc "../Drivers/STM32H7xx_HAL_Driver/Src/stm32h7xx_hal_dma.c" -mcpu=cortex-m7 -std=gnu11 -g3 -DDEBUG -DUSE_PWR_LDO_SUPPLY -DUSE_HAL_DRIVER -DSTM32H723xx -c -I../Core/Inc -I../Drivers/STM32H7xx_HAL_Driver/Inc -I../Drivers/STM32H7xx_HAL_Driver/Inc/Legacy -I../Drivers/CMSIS/Device/ST/STM32H7xx/Include -I../Drivers/CMSIS/Include -O0 -ffunction-sections -fdata-sections -Wall -fstack-usage -fcyclomatic-complexity -MMD -MP -MF"Drivers/STM32H7xx_HAL_Driver/Src/stm32h7xx_hal_dma.d" -MT"Drivers/STM32H7xx_HAL_Driver/Src/stm32h7xx_hal_dma.o" --specs=nano.specs -mfpu=fpv5-d16 -mfloat-abi=hard -mthumb -o "Drivers/STM32H7xx_HAL_Driver/Src/stm32h7xx_hal_dma.o"
arm-none-eabi-gcc "../Drivers/STM32H7xx_HAL_Driver/Src/stm32h7xx_hal_dma_ex.c" -mcpu=cortex-m7 -std=gnu11 -g3 -DDEBUG -DUSE_PWR_LDO_SUPPLY -DUSE_HAL_DRIVER -DSTM32H723xx -c -I../Core/Inc -I../Drivers/STM32H7xx_HAL_Driver/Inc -I../Drivers/STM32H7xx_HAL_Driver/Inc/Legacy -I../Drivers/CMSIS/Device/ST/STM32H7xx/Include -I../Drivers/CMSIS/Include -O0 -ffunction-sections -fdata-sections -Wall -fstack-usage -fcyclomatic-complexity -MMD -MP -MF"Drivers/STM32H7xx_HAL_Driver/Src/stm32h7xx_hal_dma_ex.d" -MT"Drivers/STM32H7xx_HAL_Driver/Src/stm32h7xx_hal_dma_ex.o" --specs=nano.specs -mfpu=fpv5-d16 -mfloat-abi=hard -mthumb -o "Drivers/STM32H7xx_HAL_Driver/Src/stm32h7xx_hal_dma_ex.o"
arm-none-eabi-gcc "../Drivers/STM32H7xx_HAL_Driver/Src/stm32h7xx_hal_exti.c" -mcpu=cortex-m7 -std=gnu11 -g3 -DDEBUG -DUSE_PWR_LDO_SUPPLY -DUSE_HAL_DRIVER -DSTM32H723xx -c -I../Core/Inc -I../Drivers/STM32H7xx_HAL_Driver/Inc -I../Drivers/STM32H7xx_HAL_Driver/Inc/Legacy -I../Drivers/CMSIS/Device/ST/STM32H7xx/Include -I../Drivers/CMSIS/Include -O0 -ffunction-sections -fdata-sections -Wall -fstack-usage -fcyclomatic-complexity -MMD -MP -MF"Drivers/STM32H7xx_HAL_Driver/Src/stm32h7xx_hal_exti.d" -MT"Drivers/STM32H7xx_HAL_Driver/Src/stm32h7xx_hal_exti.o" --specs=nano.specs -mfpu=fpv5-d16 -mfloat-abi=hard -mthumb -o "Drivers/STM32H7xx_HAL_Driver/Src/stm32h7xx_hal_exti.o"
arm-none-eabi-gcc "../Drivers/STM32H7xx_HAL_Driver/Src/stm32h7xx_hal_flash.c" -mcpu=cortex-m7 -std=gnu11 -g3 -DDEBUG -DUSE_PWR_LDO_SUPPLY -DUSE_HAL_DRIVER -DSTM32H723xx -c -I../Core/Inc -I../Drivers/STM32H7xx_HAL_Driver/Inc -I../Drivers/STM32H7xx_HAL_Driver/Inc/Legacy -I../Drivers/CMSIS/Device/ST/STM32H7xx/Include -I../Drivers/CMSIS/Include -O0 -ffunction-sections -fdata-sections -Wall -fstack-usage -fcyclomatic-complexity -MMD -MP -MF"Drivers/STM32H7xx_HAL_Driver/Src/stm32h7xx_hal_flash.d" -MT"Drivers/STM32H7xx_HAL_Driver/Src/stm32h7xx_hal_flash.o" --specs=nano.specs -mfpu=fpv5-d16 -mfloat-abi=hard -mthumb -o "Drivers/STM32H7xx_HAL_Driver/Src/stm32h7xx_hal_flash.o"
arm-none-eabi-gcc "../Drivers/STM32H7xx_HAL_Driver/Src/stm32h7xx_hal_flash_ex.c" -mcpu=cortex-m7 -std=gnu11 -g3 -DDEBUG -DUSE_PWR_LDO_SUPPLY -DUSE_HAL_DRIVER -DSTM32H723xx -c -I../Core/Inc -I../Drivers/STM32H7xx_HAL_Driver/Inc -I../Drivers/STM32H7xx_HAL_Driver/Inc/Legacy -I../Drivers/CMSIS/Device/ST/STM32H7xx/Include -I../Drivers/CMSIS/Include -O0 -ffunction-sections -fdata-sections -Wall -fstack-usage -fcyclomatic-complexity -MMD -MP -MF"Drivers/STM32H7xx_HAL_Driver/Src/stm32h7xx_hal_flash_ex.d" -MT"Drivers/STM32H7xx_HAL_Driver/Src/stm32h7xx_hal_flash_ex.o" --specs=nano.specs -mfpu=fpv5-d16 -mfloat-abi=hard -mthumb -o "Drivers/STM32H7xx_HAL_Driver/Src/stm32h7xx_hal_flash_ex.o"
arm-none-eabi-gcc "../Drivers/STM32H7xx_HAL_Driver/Src/stm32h7xx_hal_gpio.c" -mcpu=cortex-m7 -std=gnu11 -g3 -DDEBUG -DUSE_PWR_LDO_SUPPLY -DUSE_HAL_DRIVER -DSTM32H723xx -c -I../Core/Inc -I../Drivers/STM32H7xx_HAL_Driver/Inc -I../Drivers/STM32H7xx_HAL_Driver/Inc/Legacy -I../Drivers/CMSIS/Device/ST/STM32H7xx/Include -I../Drivers/CMSIS/Include -O0 -ffunction-sections -fdata-sections -Wall -fstack-usage -fcyclomatic-complexity -MMD -MP -MF"Drivers/STM32H7xx_HAL_Driver/Src/stm32h7xx_hal_gpio.d" -MT"Drivers/STM32H7xx_HAL_Driver/Src/stm32h7xx_hal_gpio.o" --specs=nano.specs -mfpu=fpv5-d16 -mfloat-abi=hard -mthumb -o "Drivers/STM32H7xx_HAL_Driver/Src/stm32h7xx_hal_gpio.o"
arm-none-eabi-gcc "../Drivers/STM32H7xx_HAL_Driver/Src/stm32h7xx_hal_hsem.c" -mcpu=cortex-m7 -std=gnu11 -g3 -DDEBUG -DUSE_PWR_LDO_SUPPLY -DUSE_HAL_DRIVER -DSTM32H723xx -c -I../Core/Inc -I../Drivers/STM32H7xx_HAL_Driver/Inc -I../Drivers/STM32H7xx_HAL_Driver/Inc/Legacy -I../Drivers/CMSIS/Device/ST/STM32H7xx/Include -I../Drivers/CMSIS/Include -O0 -ffunction-sections -fdata-sections -Wall -fstack-usage -fcyclomatic-complexity -MMD -MP -MF"Drivers/STM32H7xx_HAL_Driver/Src/stm32h7xx_hal_hsem.d" -MT"Drivers/STM32H7xx_HAL_Driver/Src/stm32h7xx_hal_hsem.o" --specs=nano.specs -mfpu=fpv5-d16 -mfloat-abi=hard -mthumb -o "Drivers/STM32H7xx_HAL_Driver/Src/stm32h7xx_hal_hsem.o"
arm-none-eabi-gcc "../Drivers/STM32H7xx_HAL_Driver/Src/stm32h7xx_hal_i2c.c" -mcpu=cortex-m7 -std=gnu11 -g3 -DDEBUG -DUSE_PWR_LDO_SUPPLY -DUSE_HAL_DRIVER -DSTM32H723xx -c -I../Core/Inc -I../Drivers/STM32H7xx_HAL_Driver/Inc -I../Drivers/STM32H7xx_HAL_Driver/Inc/Legacy -I../Drivers/CMSIS/Device/ST/STM32H7xx/Include -I../Drivers/CMSIS/Include -O0 -ffunction-sections -fdata-sections -Wall -fstack-usage -fcyclomatic-complexity -MMD -MP -MF"Drivers/STM32H7xx_HAL_Driver/Src/stm32h7xx_hal_i2c.d" -MT"Drivers/STM32H7xx_HAL_Driver/Src/stm32h7xx_hal_i2c.o" --specs=nano.specs -mfpu=fpv5-d16 -mfloat-abi=hard -mthumb -o "Drivers/STM32H7xx_HAL_Driver/Src/stm32h7xx_hal_i2c.o"
arm-none-eabi-gcc "../Drivers/STM32H7xx_HAL_Driver/Src/stm32h7xx_hal_i2c_ex.c" -mcpu=cortex-m7 -std=gnu11 -g3 -DDEBUG -DUSE_PWR_LDO_SUPPLY -DUSE_HAL_DRIVER -DSTM32H723xx -c -I../Core/Inc -I../Drivers/STM32H7xx_HAL_Driver/Inc -I../Drivers/STM32H7xx_HAL_Driver/Inc/Legacy -I../Drivers/CMSIS/Device/ST/STM32H7xx/Include -I../Drivers/CMSIS/Include -O0 -ffunction-sections -fdata-sections -Wall -fstack-usage -fcyclomatic-complexity -MMD -MP -MF"Drivers/STM32H7xx_HAL_Driver/Src/stm32h7xx_hal_i2c_ex.d" -MT"Drivers/STM32H7xx_HAL_Driver/Src/stm32h7xx_hal_i2c_ex.o" --specs=nano.specs -mfpu=fpv5-d16 -mfloat-abi=hard -mthumb -o "Drivers/STM32H7xx_HAL_Driver/Src/stm32h7xx_hal_i2c_ex.o"
arm-none-eabi-gcc "../Drivers/STM32H7xx_HAL_Driver/Src/stm32h7xx_hal_mdma.c" -mcpu=cortex-m7 -std=gnu11 -g3 -DDEBUG -DUSE_PWR_LDO_SUPPLY -DUSE_HAL_DRIVER -DSTM32H723xx -c -I../Core/Inc -I../Drivers/STM32H7xx_HAL_Driver/Inc -I../Drivers/STM32H7xx_HAL_Driver/Inc/Legacy -I../Drivers/CMSIS/Device/ST/STM32H7xx/Include -I../Drivers/CMSIS/Include -O0 -ffunction-sections -fdata-sections -Wall -fstack-usage -fcyclomatic-complexity -MMD -MP -MF"Drivers/STM32H7xx_HAL_Driver/Src/stm32h7xx_hal_mdma.d" -MT"Drivers/STM32H7xx_HAL_Driver/Src/stm32h7xx_hal_mdma.o" --specs=nano.specs -mfpu=fpv5-d16 -mfloat-abi=hard -mthumb -o "Drivers/STM32H7xx_HAL_Driver/Src/stm32h7xx_hal_mdma.o"
arm-none-eabi-gcc "../Drivers/STM32H7xx_HAL_Driver/Src/stm32h7xx_hal_pwr.c" -mcpu=cortex-m7 -std=gnu11 -g3 -DDEBUG -DUSE_PWR_LDO_SUPPLY -DUSE_HAL_DRIVER -DSTM32H723xx -c -I../Core/Inc -I../Drivers/STM32H7xx_HAL_Driver/Inc -I../Drivers/STM32H7xx_HAL_Driver/Inc/Legacy -I../Drivers/CMSIS/Device/ST/STM32H7xx/Include -I../Drivers/CMSIS/Include -O0 -ffunction-sections -fdata-sections -Wall -fstack-usage -fcyclomatic-complexity -MMD -MP -MF"Drivers/STM32H7xx_HAL_Driver/Src/stm32h7xx_hal_pwr.d" -MT"Drivers/STM32H7xx_HAL_Driver/Src/stm32h7xx_hal_pwr.o" --specs=nano.specs -mfpu=fpv5-d16 -mfloat-abi=hard -mthumb -o "Drivers/STM32H7xx_HAL_Driver/Src/stm32h7xx_hal_pwr.o"
arm-none-eabi-gcc "../Drivers/STM32H7xx_HAL_Driver/Src/stm32h7xx_hal_pwr_ex.c" -mcpu=cortex-m7 -std=gnu11 -g3 -DDEBUG -DUSE_PWR_LDO_SUPPLY -DUSE_HAL_DRIVER -DSTM32H723xx -c -I../Core/Inc -I../Drivers/STM32H7xx_HAL_Driver/Inc -I../Drivers/STM32H7xx_HAL_Driver/Inc/Legacy -I../Drivers/CMSIS/Device/ST/STM32H7xx/Include -I../Drivers/CMSIS/Include -O0 -ffunction-sections -fdata-sections -Wall -fstack-usage -fcyclomatic-complexity -MMD -MP -MF"Drivers/STM32H7xx_HAL_Driver/Src/stm32h7xx_hal_pwr_ex.d" -MT"Drivers/STM32H7xx_HAL_Driver/Src/stm32h7xx_hal_pwr_ex.o" --specs=nano.specs -mfpu=fpv5-d16 -mfloat-abi=hard -mthumb -o "Drivers/STM32H7xx_HAL_Driver/Src/stm32h7xx_hal_pwr_ex.o"
arm-none-eabi-gcc "../Drivers/STM32H7xx_HAL_Driver/Src/stm32h7xx_hal_rcc.c" -mcpu=cortex-m7 -std=gnu11 -g3 -DDEBUG -DUSE_PWR_LDO_SUPPLY -DUSE_HAL_DRIVER -DSTM32H723xx -c -I../Core/Inc -I../Drivers/STM32H7xx_HAL_Driver/Inc -I../Drivers/STM32H7xx_HAL_Driver/Inc/Legacy -I../Drivers/CMSIS/Device/ST/STM32H7xx/Include -I../Drivers/CMSIS/Include -O0 -ffunction-sections -fdata-sections -Wall -fstack-usage -fcyclomatic-complexity -MMD -MP -MF"Drivers/STM32H7xx_HAL_Driver/Src/stm32h7xx_hal_rcc.d" -MT"Drivers/STM32H7xx_HAL_Driver/Src/stm32h7xx_hal_rcc.o" --specs=nano.specs -mfpu=fpv5-d16 -mfloat-abi=hard -mthumb -o "Drivers/STM32H7xx_HAL_Driver/Src/stm32h7xx_hal_rcc.o"
arm-none-eabi-gcc "../Drivers/STM32H7xx_HAL_Driver/Src/stm32h7xx_hal_rcc_ex.c" -mcpu=cortex-m7 -std=gnu11 -g3 -DDEBUG -DUSE_PWR_LDO_SUPPLY -DUSE_HAL_DRIVER -DSTM32H723xx -c -I../Core/Inc -I../Drivers/STM32H7xx_HAL_Driver/Inc -I../Drivers/STM32H7xx_HAL_Driver/Inc/Legacy -I../Drivers/CMSIS/Device/ST/STM32H7xx/Include -I../Drivers/CMSIS/Include -O0 -ffunction-sections -fdata-sections -Wall -fstack-usage -fcyclomatic-complexity -MMD -MP -MF"Drivers/STM32H7xx_HAL_Driver/Src/stm32h7xx_hal_rcc_ex.d" -MT"Drivers/STM32H7xx_HAL_Driver/Src/stm32h7xx_hal_rcc_ex.o" --specs=nano.specs -mfpu=fpv5-d16 -mfloat-abi=hard -mthumb -o "Drivers/STM32H7xx_HAL_Driver/Src/stm32h7xx_hal_rcc_ex.o"
arm-none-eabi-gcc "../Drivers/STM32H7xx_HAL_Driver/Src/stm32h7xx_hal_spi.c" -mcpu=cortex-m7 -std=gnu11 -g3 -DDEBUG -DUSE_PWR_LDO_SUPPLY -DUSE_HAL_DRIVER -DSTM32H723xx -c -I../Core/Inc -I../Drivers/STM32H7xx_HAL_Driver/Inc -I../Drivers/STM32H7xx_HAL_Driver/Inc/Legacy -I../Drivers/CMSIS/Device/ST/STM32H7xx/Include -I../Drivers/CMSIS/Include -O0 -ffunction-sections -fdata-sections -Wall -fstack-usage -fcyclomatic-complexity -MMD -MP -MF"Drivers/STM32H7xx_HAL_Driver/Src/stm32h7xx_hal_spi.d" -MT"Drivers/STM32H7xx_HAL_Driver/Src/stm32h7xx_hal_spi.o" --specs=nano.specs -mfpu=fpv5-d16 -mfloat-abi=hard -mthumb -o "Drivers/STM32H7xx_HAL_Driver/Src/stm32h7xx_hal_spi.o"
arm-none-eabi-gcc "../Drivers/STM32H7xx_HAL_Driver/Src/stm32h7xx_hal_spi_ex.c" -mcpu=cortex-m7 -std=gnu11 -g3 -DDEBUG -DUSE_PWR_LDO_SUPPLY -DUSE_HAL_DRIVER -DSTM32H723xx -c -I../Core/Inc -I../Drivers/STM32H7xx_HAL_Driver/Inc -I../Drivers/STM32H7xx_HAL_Driver/Inc/Legacy -I../Drivers/CMSIS/Device/ST/STM32H7xx/Include -I../Drivers/CMSIS/Include -O0 -ffunction-sections -fdata-sections -Wall -fstack-usage -fcyclomatic-complexity -MMD -MP -MF"Drivers/STM32H7xx_HAL_Driver/Src/stm32h7xx_hal_spi_ex.d" -MT"Drivers/STM32H7xx_HAL_Driver/Src/stm32h7xx_hal_spi_ex.o" --specs=nano.specs -mfpu=fpv5-d16 -mfloat-abi=hard -mthumb -o "Drivers/STM32H7xx_HAL_Driver/Src/stm32h7xx_hal_spi_ex.o"
arm-none-eabi-gcc "../Drivers/STM32H7xx_HAL_Driver/Src/stm32h7xx_hal_tim.c" -mcpu=cortex-m7 -std=gnu11 -g3 -DDEBUG -DUSE_PWR_LDO_SUPPLY -DUSE_HAL_DRIVER -DSTM32H723xx -c -I../Core/Inc -I../Drivers/STM32H7xx_HAL_Driver/Inc -I../Drivers/STM32H7xx_HAL_Driver/Inc/Legacy -I../Drivers/CMSIS/Device/ST/STM32H7xx/Include -I../Drivers/CMSIS/Include -O0 -ffunction-sections -fdata-sections -Wall -fstack-usage -fcyclomatic-complexity -MMD -MP -MF"Drivers/STM32H7xx_HAL_Driver/Src/stm32h7xx_hal_tim.d" -MT"Drivers/STM32H7xx_HAL_Driver/Src/stm32h7xx_hal_tim.o" --specs=nano.specs -mfpu=fpv5-d16 -mfloat-abi=hard -mthumb -o "Drivers/STM32H7xx_HAL_Driver/Src/stm32h7xx_hal_tim.o"
arm-none-eabi-gcc "../Drivers/STM32H7xx_HAL_Driver/Src/stm32h7xx_hal_tim_ex.c" -mcpu=cortex-m7 -std=gnu11 -g3 -DDEBUG -DUSE_PWR_LDO_SUPPLY -DUSE_HAL_DRIVER -DSTM32H723xx -c -I../Core/Inc -I../Drivers/STM32H7xx_HAL_Driver/Inc -I../Drivers/STM32H7xx_HAL_Driver/Inc/Legacy -I../Drivers/CMSIS/Device/ST/STM32H7xx/Include -I../Drivers/CMSIS/Include -O0 -ffunction-sections -fdata-sections -Wall -fstack-usage -fcyclomatic-complexity -MMD -MP -MF"Drivers/STM32H7xx_HAL_Driver/Src/stm32h7xx_hal_tim_ex.d" -MT"Drivers/STM32H7xx_HAL_Driver/Src/stm32h7xx_hal_tim_ex.o" --specs=nano.specs -mfpu=fpv5-d16 -mfloat-abi=hard -mthumb -o "Drivers/STM32H7xx_HAL_Driver/Src/stm32h7xx_hal_tim_ex.o"
arm-none-eabi-gcc "../Drivers/STM32H7xx_HAL_Driver/Src/stm32h7xx_hal_uart.c" -mcpu=cortex-m7 -std=gnu11 -g3 -DDEBUG -DUSE_PWR_LDO_SUPPLY -DUSE_HAL_DRIVER -DSTM32H723xx -c -I../Core/Inc -I../Drivers/STM32H7xx_HAL_Driver/Inc -I../Drivers/STM32H7xx_HAL_Driver/Inc/Legacy -I../Drivers/CMSIS/Device/ST/STM32H7xx/Include -I../Drivers/CMSIS/Include -O0 -ffunction-sections -fdata-sections -Wall -fstack-usage -fcyclomatic-complexity -MMD -MP -MF"Drivers/STM32H7xx_HAL_Driver/Src/stm32h7xx_hal_uart.d" -MT"Drivers/STM32H7xx_HAL_Driver/Src/stm32h7xx_hal_uart.o" --specs=nano.specs -mfpu=fpv5-d16 -mfloat-abi=hard -mthumb -o "Drivers/STM32H7xx_HAL_Driver/Src/stm32h7xx_hal_uart.o"
arm-none-eabi-gcc "../Drivers/STM32H7xx_HAL_Driver/Src/stm32h7xx_hal_uart_ex.c" -mcpu=cortex-m7 -std=gnu11 -g3 -DDEBUG -DUSE_PWR_LDO_SUPPLY -DUSE_HAL_DRIVER -DSTM32H723xx -c -I../Core/Inc -I../Drivers/STM32H7xx_HAL_Driver/Inc -I../Drivers/STM32H7xx_HAL_Driver/Inc/Legacy -I../Drivers/CMSIS/Device/ST/STM32H7xx/Include -I../Drivers/CMSIS/Include -O0 -ffunction-sections -fdata-sections -Wall -fstack-usage -fcyclomatic-complexity -MMD -MP -MF"Drivers/STM32H7xx_HAL_Driver/Src/stm32h7xx_hal_uart_ex.d" -MT"Drivers/STM32H7xx_HAL_Driver/Src/stm32h7xx_hal_uart_ex.o" --specs=nano.specs -mfpu=fpv5-d16 -mfloat-abi=hard -mthumb -o "Drivers/STM32H7xx_HAL_Driver/Src/stm32h7xx_hal_uart_ex.o"
arm-none-eabi-gcc -mcpu=cortex-m7 -g3 -DDEBUG -c -x assembler-with-cpp -MMD -MP -MF"Core/Startup/startup_stm32h723zgtx.d" -MT"Core/Startup/startup_stm32h723zgtx.o" --specs=nano.specs -mfpu=fpv5-d16 -mfloat-abi=hard -mthumb -o "Core/Startup/startup_stm32h723zgtx.o" "../Core/Startup/startup_stm32h723zgtx.s"
arm-none-eabi-gcc "../Core/Src/adc.c" -mcpu=cortex-m7 -std=gnu11 -g3 -DDEBUG -DUSE_PWR_LDO_SUPPLY -DUSE_HAL_DRIVER -DSTM32H723xx -c -I../Core/Inc -I../Drivers/STM32H7xx_HAL_Driver/Inc -I../Drivers/STM32H7xx_HAL_Driver/Inc/Legacy -I../Drivers/CMSIS/Device/ST/STM32H7xx/Include -I../Drivers/CMSIS/Include -O0 -ffunction-sections -fdata-sections -Wall -fstack-usage -fcyclomatic-complexity -MMD -MP -MF"Core/Src/adc.d" -MT"Core/Src/adc.o" --specs=nano.specs -mfpu=fpv5-d16 -mfloat-abi=hard -mthumb -o "Core/Src/adc.o"
arm-none-eabi-gcc "../Core/Src/atk_mw8266d.c" -mcpu=cortex-m7 -std=gnu11 -g3 -DDEBUG -DUSE_PWR_LDO_SUPPLY -DUSE_HAL_DRIVER -DSTM32H723xx -c -I../Core/Inc -I../Drivers/STM32H7xx_HAL_Driver/Inc -I../Drivers/STM32H7xx_HAL_Driver/Inc/Legacy -I../Drivers/CMSIS/Device/ST/STM32H7xx/Include -I../Drivers/CMSIS/Include -O0 -ffunction-sections -fdata-sections -Wall -fstack-usage -fcyclomatic-complexity -MMD -MP -MF"Core/Src/atk_mw8266d.d" -MT"Core/Src/atk_mw8266d.o" --specs=nano.specs -mfpu=fpv5-d16 -mfloat-abi=hard -mthumb -o "Core/Src/atk_mw8266d.o"
arm-none-eabi-gcc "../Core/Src/atk_mw8266d_uart.c" -mcpu=cortex-m7 -std=gnu11 -g3 -DDEBUG -DUSE_PWR_LDO_SUPPLY -DUSE_HAL_DRIVER -DSTM32H723xx -c -I../Core/Inc -I../Drivers/STM32H7xx_HAL_Driver/Inc -I../Drivers/STM32H7xx_HAL_Driver/Inc/Legacy -I../Drivers/CMSIS/Device/ST/STM32H7xx/Include -I../Drivers/CMSIS/Include -O0 -ffunction-sections -fdata-sections -Wall -fstack-usage -fcyclomatic-complexity -MMD -MP -MF"Core/Src/atk_mw8266d_uart.d" -MT"Core/Src/atk_mw8266d_uart.o" --specs=nano.specs -mfpu=fpv5-d16 -mfloat-abi=hard -mthumb -o "Core/Src/atk_mw8266d_uart.o"
arm-none-eabi-gcc "../Core/Src/gpio.c" -mcpu=cortex-m7 -std=gnu11 -g3 -DDEBUG -DUSE_PWR_LDO_SUPPLY -DUSE_HAL_DRIVER -DSTM32H723xx -c -I../Core/Inc -I../Drivers/STM32H7xx_HAL_Driver/Inc -I../Drivers/STM32H7xx_HAL_Driver/Inc/Legacy -I../Drivers/CMSIS/Device/ST/STM32H7xx/Include -I../Drivers/CMSIS/Include -O0 -ffunction-sections -fdata-sections -Wall -fstack-usage -fcyclomatic-complexity -MMD -MP -MF"Core/Src/gpio.d" -MT"Core/Src/gpio.o" --specs=nano.specs -mfpu=fpv5-d16 -mfloat-abi=hard -mthumb -o "Core/Src/gpio.o"
arm-none-eabi-gcc "../Core/Src/lcd_fonts.c" -mcpu=cortex-m7 -std=gnu11 -g3 -DDEBUG -DUSE_PWR_LDO_SUPPLY -DUSE_HAL_DRIVER -DSTM32H723xx -c -I../Core/Inc -I../Drivers/STM32H7xx_HAL_Driver/Inc -I../Drivers/STM32H7xx_HAL_Driver/Inc/Legacy -I../Drivers/CMSIS/Device/ST/STM32H7xx/Include -I../Drivers/CMSIS/Include -O0 -ffunction-sections -fdata-sections -Wall -fstack-usage -fcyclomatic-complexity -MMD -MP -MF"Core/Src/lcd_fonts.d" -MT"Core/Src/lcd_fonts.o" --specs=nano.specs -mfpu=fpv5-d16 -mfloat-abi=hard -mthumb -o "Core/Src/lcd_fonts.o"
arm-none-eabi-gcc "../Core/Src/lcd_spi_200.c" -mcpu=cortex-m7 -std=gnu11 -g3 -DDEBUG -DUSE_PWR_LDO_SUPPLY -DUSE_HAL_DRIVER -DSTM32H723xx -c -I../Core/Inc -I../Drivers/STM32H7xx_HAL_Driver/Inc -I../Drivers/STM32H7xx_HAL_Driver/Inc/Legacy -I../Drivers/CMSIS/Device/ST/STM32H7xx/Include -I../Drivers/CMSIS/Include -O0 -ffunction-sections -fdata-sections -Wall -fstack-usage -fcyclomatic-complexity -MMD -MP -MF"Core/Src/lcd_spi_200.d" -MT"Core/Src/lcd_spi_200.o" --specs=nano.specs -mfpu=fpv5-d16 -mfloat-abi=hard -mthumb -o "Core/Src/lcd_spi_200.o"
arm-none-eabi-gcc "../Core/Src/main.c" -mcpu=cortex-m7 -std=gnu11 -g3 -DDEBUG -DUSE_PWR_LDO_SUPPLY -DUSE_HAL_DRIVER -DSTM32H723xx -c -I../Core/Inc -I../Drivers/STM32H7xx_HAL_Driver/Inc -I../Drivers/STM32H7xx_HAL_Driver/Inc/Legacy -I../Drivers/CMSIS/Device/ST/STM32H7xx/Include -I../Drivers/CMSIS/Include -O0 -ffunction-sections -fdata-sections -Wall -fstack-usage -fcyclomatic-complexity -MMD -MP -MF"Core/Src/main.d" -MT"Core/Src/main.o" --specs=nano.specs -mfpu=fpv5-d16 -mfloat-abi=hard -mthumb -o "Core/Src/main.o"
arm-none-eabi-gcc "../Core/Src/spi.c" -mcpu=cortex-m7 -std=gnu11 -g3 -DDEBUG -DUSE_PWR_LDO_SUPPLY -DUSE_HAL_DRIVER -DSTM32H723xx -c -I../Core/Inc -I../Drivers/STM32H7xx_HAL_Driver/Inc -I../Drivers/STM32H7xx_HAL_Driver/Inc/Legacy -I../Drivers/CMSIS/Device/ST/STM32H7xx/Include -I../Drivers/CMSIS/Include -O0 -ffunction-sections -fdata-sections -Wall -fstack-usage -fcyclomatic-complexity -MMD -MP -MF"Core/Src/spi.d" -MT"Core/Src/spi.o" --specs=nano.specs -mfpu=fpv5-d16 -mfloat-abi=hard -mthumb -o "Core/Src/spi.o"
arm-none-eabi-gcc "../Core/Src/stm32h7xx_hal_msp.c" -mcpu=cortex-m7 -std=gnu11 -g3 -DDEBUG -DUSE_PWR_LDO_SUPPLY -DUSE_HAL_DRIVER -DSTM32H723xx -c -I../Core/Inc -I../Drivers/STM32H7xx_HAL_Driver/Inc -I../Drivers/STM32H7xx_HAL_Driver/Inc/Legacy -I../Drivers/CMSIS/Device/ST/STM32H7xx/Include -I../Drivers/CMSIS/Include -O0 -ffunction-sections -fdata-sections -Wall -fstack-usage -fcyclomatic-complexity -MMD -MP -MF"Core/Src/stm32h7xx_hal_msp.d" -MT"Core/Src/stm32h7xx_hal_msp.o" --specs=nano.specs -mfpu=fpv5-d16 -mfloat-abi=hard -mthumb -o "Core/Src/stm32h7xx_hal_msp.o"
arm-none-eabi-gcc "../Core/Src/stm32h7xx_it.c" -mcpu=cortex-m7 -std=gnu11 -g3 -DDEBUG -DUSE_PWR_LDO_SUPPLY -DUSE_HAL_DRIVER -DSTM32H723xx -c -I../Core/Inc -I../Drivers/STM32H7xx_HAL_Driver/Inc -I../Drivers/STM32H7xx_HAL_Driver/Inc/Legacy -I../Drivers/CMSIS/Device/ST/STM32H7xx/Include -I../Drivers/CMSIS/Include -O0 -ffunction-sections -fdata-sections -Wall -fstack-usage -fcyclomatic-complexity -MMD -MP -MF"Core/Src/stm32h7xx_it.d" -MT"Core/Src/stm32h7xx_it.o" --specs=nano.specs -mfpu=fpv5-d16 -mfloat-abi=hard -mthumb -o "Core/Src/stm32h7xx_it.o"
arm-none-eabi-gcc "../Core/Src/sys.c" -mcpu=cortex-m7 -std=gnu11 -g3 -DDEBUG -DUSE_PWR_LDO_SUPPLY -DUSE_HAL_DRIVER -DSTM32H723xx -c -I../Core/Inc -I../Drivers/STM32H7xx_HAL_Driver/Inc -I../Drivers/STM32H7xx_HAL_Driver/Inc/Legacy -I../Drivers/CMSIS/Device/ST/STM32H7xx/Include -I../Drivers/CMSIS/Include -O0 -ffunction-sections -fdata-sections -Wall -fstack-usage -fcyclomatic-complexity -MMD -MP -MF"Core/Src/sys.d" -MT"Core/Src/sys.o" --specs=nano.specs -mfpu=fpv5-d16 -mfloat-abi=hard -mthumb -o "Core/Src/sys.o"
../Core/Src/lcd_spi_200.c: In function 'LCD_DisplayNumber':
../Core/Src/lcd_spi_200.c:706:42: warning: '0' flag ignored with precision and '%d' gnu_printf format [-Wformat=]
arm-none-eabi-gcc "../Core/Src/system_stm32h7xx.c" -mcpu=cortex-m7 -std=gnu11 -g3 -DDEBUG -DUSE_PWR_LDO_SUPPLY -DUSE_HAL_DRIVER -DSTM32H723xx -c -I../Core/Inc -I../Drivers/STM32H7xx_HAL_Driver/Inc -I../Drivers/STM32H7xx_HAL_Driver/Inc/Legacy -I../Drivers/CMSIS/Device/ST/STM32H7xx/Include -I../Drivers/CMSIS/Include -O0 -ffunction-sections -fdata-sections -Wall -fstack-usage -fcyclomatic-complexity -MMD -MP -MF"Core/Src/system_stm32h7xx.d" -MT"Core/Src/system_stm32h7xx.o" --specs=nano.specs -mfpu=fpv5-d16 -mfloat-abi=hard -mthumb -o "Core/Src/system_stm32h7xx.o"
  706 |                 sprintf( Number_Buffer , "%0.*ld",len, number );        // 将 number 转换成字符串，便于显示
      |                                          ^~~~~~~~
../Core/Src/main.c: In function 'main':
../Core/Src/main.c:105:3: warning: implicit declaration of function 'SPI_LCD_Init' [-Wimplicit-function-declaration]
  105 |   SPI_LCD_Init();
      |   ^~~~~~~~~~~~
../Core/Src/main.c:106:3: warning: implicit declaration of function 'LCD_SetColor' [-Wimplicit-function-declaration]
  106 |   LCD_SetColor(LCD_WHITE);
      |   ^~~~~~~~~~~~
../Core/Src/spi.c: In function 'MX_SPI6_Init':
../Core/Src/spi.c:39:9: error: 'LCD_SPI' undeclared (first use in this function)
   39 |         LCD_SPI.Instance                                                                        = SPI6;                                                                                         //      使用SPI
      |         ^~~~~~~
../Core/Src/spi.c:39:9: note: each undeclared identifier is reported only once for each function it appears in
In file included from ../Core/Src/atk_mw8266d.c:21:
../Core/Src/atk_mw8266d.c: In function 'atk_mw8266d_hw_init':
../Core/Inc/atk_mw8266d.h:30:49: warning: implicit declaration of function '__HAL_RCC_GPIOI_CLK_ENABLE' [-Wimplicit-function-declaration]
   30 | #define ATK_MW8266D_RST_GPIO_CLK_ENABLE()   do{ __HAL_RCC_GPIOI_CLK_ENABLE(); }while(0) /* PA口时钟使能 */
      |                                                 ^~~~~~~~~~~~~~~~~~~~~~~~~~
../Core/Src/atk_mw8266d.c:34:5: note: in expansion of macro 'ATK_MW8266D_RST_GPIO_CLK_ENABLE'
   34 |     ATK_MW8266D_RST_GPIO_CLK_ENABLE();
      |     ^~~~~~~~~~~~~~~~~~~~~~~~~~~~~~~
../Core/Src/main.c:106:16: error: 'LCD_WHITE' undeclared (first use in this function)
  106 |   LCD_SetColor(LCD_WHITE);
      |                ^~~~~~~~~
../Core/Src/main.c:106:16: note: each undeclared identifier is reported only once for each function it appears in
../Core/Inc/atk_mw8266d.h:28:45: error: 'GPIOI' undeclared (first use in this function); did you mean 'GPIOE'?
   28 | #define ATK_MW8266D_RST_GPIO_PORT           GPIOI
      |                                             ^~~~~
../Core/Src/atk_mw8266d.c:40:19: note: in expansion of macro 'ATK_MW8266D_RST_GPIO_PORT'
   40 |     HAL_GPIO_Init(ATK_MW8266D_RST_GPIO_PORT, &gpio_init_struct);
      |                   ^~~~~~~~~~~~~~~~~~~~~~~~~
../Core/Inc/atk_mw8266d.h:28:45: note: each undeclared identifier is reported only once for each function it appears in
   28 | #define ATK_MW8266D_RST_GPIO_PORT           GPIOI
      |                                             ^~~~~
../Core/Src/atk_mw8266d.c:40:19: note: in expansion of macro 'ATK_MW8266D_RST_GPIO_PORT'
   40 |     HAL_GPIO_Init(ATK_MW8266D_RST_GPIO_PORT, &gpio_init_struct);
      |                   ^~~~~~~~~~~~~~~~~~~~~~~~~
../Core/Src/atk_mw8266d.c: In function 'atk_mw8266d_hw_reset':
../Core/Inc/atk_mw8266d.h:28:45: error: 'GPIOI' undeclared (first use in this function); did you mean 'GPIOE'?
   28 | #define ATK_MW8266D_RST_GPIO_PORT           GPIOI
      |                                             ^~~~~
../Core/Inc/atk_mw8266d.h:34:67: note: in expansion of macro 'ATK_MW8266D_RST_GPIO_PORT'
   34 |                                                 HAL_GPIO_WritePin(ATK_MW8266D_RST_GPIO_PORT, ATK_MW8266D_RST_GPIO_PIN, GPIO_PIN_SET) :  \
      |                                                                   ^~~~~~~~~~~~~~~~~~~~~~~~~
../Core/Src/atk_mw8266d.c:50:5: note: in expansion of macro 'ATK_MW8266D_RST'
   50 |     ATK_MW8266D_RST(0);
      |     ^~~~~~~~~~~~~~~
make: *** [Core/Src/subdir.mk:55: Core/Src/atk_mw8266d.o] Error 1
make: *** Waiting for unfinished jobs....
../Core/Src/main.c:107:3: warning: implicit declaration of function 'LCD_SetBackColor' [-Wimplicit-function-declaration]
  107 |   LCD_SetBackColor(LCD_BLACK);
      |   ^~~~~~~~~~~~~~~~
../Core/Src/main.c:107:20: error: 'LCD_BLACK' undeclared (first use in this function)
  107 |   LCD_SetBackColor(LCD_BLACK);
      |                    ^~~~~~~~~
../Core/Src/spi.c: In function 'HAL_SPI_MspInit':
../Core/Src/spi.c:87:17: error: 'GPIO_LDC_Backlight_CLK_ENABLE' undeclared (first use in this function)
   87 |                 GPIO_LDC_Backlight_CLK_ENABLE;   // 使能 背光        引脚时钟
      |                 ^~~~~~~~~~~~~~~~~~~~~~~~~~~~~
../Core/Src/main.c:108:3: warning: implicit declaration of function 'LCD_SetDirection' [-Wimplicit-function-declaration]
  108 |   LCD_SetDirection(Direction_V);
      |   ^~~~~~~~~~~~~~~~
../Core/Src/spi.c:88:17: error: 'GPIO_LDC_DC_CLK_ENABLE' undeclared (first use in this function)
   88 |                 GPIO_LDC_DC_CLK_ENABLE;          // 使能 数据指令选择 引脚时钟
      |                 ^~~~~~~~~~~~~~~~~~~~~~
../Core/Src/main.c:108:20: error: 'Direction_V' undeclared (first use in this function)
  108 |   LCD_SetDirection(Direction_V);
      |                    ^~~~~~~~~~~
make: *** [Core/Src/subdir.mk:55: Core/Src/main.o] Error 1
../Core/Src/spi.c:108:59: error: 'LCD_Backlight_PIN' undeclared (first use in this function)
  108 |                         GPIO_InitStruct.Pin             = LCD_Backlight_PIN;                            // 背光 引脚
      |                                                           ^~~~~~~~~~~~~~~~~
../Core/Src/spi.c:112:39: error: 'LCD_Backlight_PORT' undeclared (first use in this function)
  112 |                         HAL_GPIO_Init(LCD_Backlight_PORT, &GPIO_InitStruct);    // 初始化
      |                                       ^~~~~~~~~~~~~~~~~~
../Core/Src/spi.c:115:59: error: 'LCD_DC_PIN' undeclared (first use in this function)
  115 |                         GPIO_InitStruct.Pin             = LCD_DC_PIN;                                 // 数据指令选择 引脚
      |                                                           ^~~~~~~~~~
../Core/Src/spi.c:119:39: error: 'LCD_DC_PORT' undeclared (first use in this function)
  119 |                         HAL_GPIO_Init(LCD_DC_PORT, &GPIO_InitStruct);         // 初始化
      |                                       ^~~~~~~~~~~
../Core/Src/spi.c:75:28: warning: unused variable 'PeriphClkInitStruct' [-Wunused-variable]
   75 |   RCC_PeriphCLKInitTypeDef PeriphClkInitStruct = {0};
      |                            ^~~~~~~~~~~~~~~~~~~
make: *** [Core/Src/subdir.mk:55: Core/Src/spi.o] Error 1
"make -j20 all" terminated with exit code 2. Build might be incomplete.
12:56:20 **** Incremental Build of configuration Debug for project fasong ****
make -j20 all 
arm-none-eabi-gcc "../Core/Src/atk_mw8266d.c" -mcpu=cortex-m7 -std=gnu11 -g3 -DDEBUG -DUSE_PWR_LDO_SUPPLY -DUSE_HAL_DRIVER -DSTM32H723xx -c -I../Core/Inc -I../Drivers/STM32H7xx_HAL_Driver/Inc -I../Drivers/STM32H7xx_HAL_Driver/Inc/Legacy -I../Drivers/CMSIS/Device/ST/STM32H7xx/Include -I../Drivers/CMSIS/Include -O0 -ffunction-sections -fdata-sections -Wall -fstack-usage -fcyclomatic-complexity -MMD -MP -MF"Core/Src/atk_mw8266d.d" -MT"Core/Src/atk_mw8266d.o" --specs=nano.specs -mfpu=fpv5-d16 -mfloat-abi=hard -mthumb -o "Core/Src/atk_mw8266d.o"
arm-none-eabi-gcc "../Core/Src/main.c" -mcpu=cortex-m7 -std=gnu11 -g3 -DDEBUG -DUSE_PWR_LDO_SUPPLY -DUSE_HAL_DRIVER -DSTM32H723xx -c -I../Core/Inc -I../Drivers/STM32H7xx_HAL_Driver/Inc -I../Drivers/STM32H7xx_HAL_Driver/Inc/Legacy -I../Drivers/CMSIS/Device/ST/STM32H7xx/Include -I../Drivers/CMSIS/Include -O0 -ffunction-sections -fdata-sections -Wall -fstack-usage -fcyclomatic-complexity -MMD -MP -MF"Core/Src/main.d" -MT"Core/Src/main.o" --specs=nano.specs -mfpu=fpv5-d16 -mfloat-abi=hard -mthumb -o "Core/Src/main.o"
arm-none-eabi-gcc "../Core/Src/spi.c" -mcpu=cortex-m7 -std=gnu11 -g3 -DDEBUG -DUSE_PWR_LDO_SUPPLY -DUSE_HAL_DRIVER -DSTM32H723xx -c -I../Core/Inc -I../Drivers/STM32H7xx_HAL_Driver/Inc -I../Drivers/STM32H7xx_HAL_Driver/Inc/Legacy -I../Drivers/CMSIS/Device/ST/STM32H7xx/Include -I../Drivers/CMSIS/Include -O0 -ffunction-sections -fdata-sections -Wall -fstack-usage -fcyclomatic-complexity -MMD -MP -MF"Core/Src/spi.d" -MT"Core/Src/spi.o" --specs=nano.specs -mfpu=fpv5-d16 -mfloat-abi=hard -mthumb -o "Core/Src/spi.o"
arm-none-eabi-gcc "../Core/Src/usart.c" -mcpu=cortex-m7 -std=gnu11 -g3 -DDEBUG -DUSE_PWR_LDO_SUPPLY -DUSE_HAL_DRIVER -DSTM32H723xx -c -I../Core/Inc -I../Drivers/STM32H7xx_HAL_Driver/Inc -I../Drivers/STM32H7xx_HAL_Driver/Inc/Legacy -I../Drivers/CMSIS/Device/ST/STM32H7xx/Include -I../Drivers/CMSIS/Include -O0 -ffunction-sections -fdata-sections -Wall -fstack-usage -fcyclomatic-complexity -MMD -MP -MF"Core/Src/usart.d" -MT"Core/Src/usart.o" --specs=nano.specs -mfpu=fpv5-d16 -mfloat-abi=hard -mthumb -o "Core/Src/usart.o"
../Core/Src/spi.c: In function 'MX_SPI6_Init':
../Core/Src/spi.c:39:9: error: 'LCD_SPI' undeclared (first use in this function)
   39 |         LCD_SPI.Instance                                                                        = SPI6;                                                                                         //      使用SPI
      |         ^~~~~~~
../Core/Src/spi.c:39:9: note: each undeclared identifier is reported only once for each function it appears in
In file included from ../Core/Src/atk_mw8266d.c:21:
../Core/Src/atk_mw8266d.c: In function 'atk_mw8266d_hw_init':
../Core/Inc/atk_mw8266d.h:30:49: warning: implicit declaration of function '__HAL_RCC_GPIOI_CLK_ENABLE' [-Wimplicit-function-declaration]
   30 | #define ATK_MW8266D_RST_GPIO_CLK_ENABLE()   do{ __HAL_RCC_GPIOI_CLK_ENABLE(); }while(0) /* PA口时钟使能 */
      |                                                 ^~~~~~~~~~~~~~~~~~~~~~~~~~
../Core/Src/atk_mw8266d.c:34:5: note: in expansion of macro 'ATK_MW8266D_RST_GPIO_CLK_ENABLE'
   34 |     ATK_MW8266D_RST_GPIO_CLK_ENABLE();
      |     ^~~~~~~~~~~~~~~~~~~~~~~~~~~~~~~
../Core/Inc/atk_mw8266d.h:28:45: error: 'GPIOI' undeclared (first use in this function); did you mean 'GPIOE'?
   28 | #define ATK_MW8266D_RST_GPIO_PORT           GPIOI
      |                                             ^~~~~
../Core/Src/atk_mw8266d.c:40:19: note: in expansion of macro 'ATK_MW8266D_RST_GPIO_PORT'
   40 |     HAL_GPIO_Init(ATK_MW8266D_RST_GPIO_PORT, &gpio_init_struct);
      |                   ^~~~~~~~~~~~~~~~~~~~~~~~~
../Core/Inc/atk_mw8266d.h:28:45: note: each undeclared identifier is reported only once for each function it appears in
   28 | #define ATK_MW8266D_RST_GPIO_PORT           GPIOI
      |                                             ^~~~~
../Core/Src/atk_mw8266d.c:40:19: note: in expansion of macro 'ATK_MW8266D_RST_GPIO_PORT'
   40 |     HAL_GPIO_Init(ATK_MW8266D_RST_GPIO_PORT, &gpio_init_struct);
      |                   ^~~~~~~~~~~~~~~~~~~~~~~~~
../Core/Src/atk_mw8266d.c: In function 'atk_mw8266d_hw_reset':
../Core/Inc/atk_mw8266d.h:28:45: error: 'GPIOI' undeclared (first use in this function); did you mean 'GPIOE'?
   28 | #define ATK_MW8266D_RST_GPIO_PORT           GPIOI
      |                                             ^~~~~
../Core/Inc/atk_mw8266d.h:34:67: note: in expansion of macro 'ATK_MW8266D_RST_GPIO_PORT'
   34 |                                                 HAL_GPIO_WritePin(ATK_MW8266D_RST_GPIO_PORT, ATK_MW8266D_RST_GPIO_PIN, GPIO_PIN_SET) :  \
      |                                                                   ^~~~~~~~~~~~~~~~~~~~~~~~~
../Core/Src/atk_mw8266d.c:50:5: note: in expansion of macro 'ATK_MW8266D_RST'
   50 |     ATK_MW8266D_RST(0);
      |     ^~~~~~~~~~~~~~~
../Core/Src/spi.c: In function 'HAL_SPI_MspInit':
../Core/Src/spi.c:87:17: error: 'GPIO_LDC_Backlight_CLK_ENABLE' undeclared (first use in this function)
   87 |                 GPIO_LDC_Backlight_CLK_ENABLE;   // 使能 背光        引脚时钟
      |                 ^~~~~~~~~~~~~~~~~~~~~~~~~~~~~
make: *** [Core/Src/subdir.mk:55: Core/Src/atk_mw8266d.o] Error 1
make: *** Waiting for unfinished jobs....
../Core/Src/spi.c:88:17: error: 'GPIO_LDC_DC_CLK_ENABLE' undeclared (first use in this function)
   88 |                 GPIO_LDC_DC_CLK_ENABLE;          // 使能 数据指令选择 引脚时钟
      |                 ^~~~~~~~~~~~~~~~~~~~~~
../Core/Src/spi.c:108:59: error: 'LCD_Backlight_PIN' undeclared (first use in this function)
  108 |                         GPIO_InitStruct.Pin             = LCD_Backlight_PIN;                            // 背光 引脚
      |                                                           ^~~~~~~~~~~~~~~~~
../Core/Src/spi.c:112:39: error: 'LCD_Backlight_PORT' undeclared (first use in this function)
  112 |                         HAL_GPIO_Init(LCD_Backlight_PORT, &GPIO_InitStruct);    // 初始化
      |                                       ^~~~~~~~~~~~~~~~~~
../Core/Src/spi.c:115:59: error: 'LCD_DC_PIN' undeclared (first use in this function)
  115 |                         GPIO_InitStruct.Pin             = LCD_DC_PIN;                                 // 数据指令选择 引脚
      |                                                           ^~~~~~~~~~
../Core/Src/spi.c:119:39: error: 'LCD_DC_PORT' undeclared (first use in this function)
  119 |                         HAL_GPIO_Init(LCD_DC_PORT, &GPIO_InitStruct);         // 初始化
      |                                       ^~~~~~~~~~~
../Core/Src/spi.c:75:28: warning: unused variable 'PeriphClkInitStruct' [-Wunused-variable]
   75 |   RCC_PeriphCLKInitTypeDef PeriphClkInitStruct = {0};
      |                            ^~~~~~~~~~~~~~~~~~~
make: *** [Core/Src/subdir.mk:55: Core/Src/spi.o] Error 1
"make -j20 all" terminated with exit code 2. Build might be incomplete.
12:57:06 **** Incremental Build of configuration Debug for project fasong ****
make -j20 all 
arm-none-eabi-gcc "../Core/Src/atk_mw8266d.c" -mcpu=cortex-m7 -std=gnu11 -g3 -DDEBUG -DUSE_PWR_LDO_SUPPLY -DUSE_HAL_DRIVER -DSTM32H723xx -c -I../Core/Inc -I../Drivers/STM32H7xx_HAL_Driver/Inc -I../Drivers/STM32H7xx_HAL_Driver/Inc/Legacy -I../Drivers/CMSIS/Device/ST/STM32H7xx/Include -I../Drivers/CMSIS/Include -O0 -ffunction-sections -fdata-sections -Wall -fstack-usage -fcyclomatic-complexity -MMD -MP -MF"Core/Src/atk_mw8266d.d" -MT"Core/Src/atk_mw8266d.o" --specs=nano.specs -mfpu=fpv5-d16 -mfloat-abi=hard -mthumb -o "Core/Src/atk_mw8266d.o"
arm-none-eabi-gcc "../Core/Src/spi.c" -mcpu=cortex-m7 -std=gnu11 -g3 -DDEBUG -DUSE_PWR_LDO_SUPPLY -DUSE_HAL_DRIVER -DSTM32H723xx -c -I../Core/Inc -I../Drivers/STM32H7xx_HAL_Driver/Inc -I../Drivers/STM32H7xx_HAL_Driver/Inc/Legacy -I../Drivers/CMSIS/Device/ST/STM32H7xx/Include -I../Drivers/CMSIS/Include -O0 -ffunction-sections -fdata-sections -Wall -fstack-usage -fcyclomatic-complexity -MMD -MP -MF"Core/Src/spi.d" -MT"Core/Src/spi.o" --specs=nano.specs -mfpu=fpv5-d16 -mfloat-abi=hard -mthumb -o "Core/Src/spi.o"
../Core/Src/spi.c:24:10: fatal error: spi_lcd_200.h: No such file or directory
   24 | #include "spi_lcd_200.h"
      |          ^~~~~~~~~~~~~~~
compilation terminated.
make: *** [Core/Src/subdir.mk:55: Core/Src/spi.o] Error 1
make: *** Waiting for unfinished jobs....
In file included from ../Core/Src/atk_mw8266d.c:21:
../Core/Src/atk_mw8266d.c: In function 'atk_mw8266d_hw_init':
../Core/Inc/atk_mw8266d.h:30:49: warning: implicit declaration of function '__HAL_RCC_GPIOI_CLK_ENABLE' [-Wimplicit-function-declaration]
   30 | #define ATK_MW8266D_RST_GPIO_CLK_ENABLE()   do{ __HAL_RCC_GPIOI_CLK_ENABLE(); }while(0) /* PA口时钟使能 */
      |                                                 ^~~~~~~~~~~~~~~~~~~~~~~~~~
../Core/Src/atk_mw8266d.c:34:5: note: in expansion of macro 'ATK_MW8266D_RST_GPIO_CLK_ENABLE'
   34 |     ATK_MW8266D_RST_GPIO_CLK_ENABLE();
      |     ^~~~~~~~~~~~~~~~~~~~~~~~~~~~~~~
../Core/Inc/atk_mw8266d.h:28:45: error: 'GPIOI' undeclared (first use in this function); did you mean 'GPIOE'?
   28 | #define ATK_MW8266D_RST_GPIO_PORT           GPIOI
      |                                             ^~~~~
../Core/Src/atk_mw8266d.c:40:19: note: in expansion of macro 'ATK_MW8266D_RST_GPIO_PORT'
   40 |     HAL_GPIO_Init(ATK_MW8266D_RST_GPIO_PORT, &gpio_init_struct);
      |                   ^~~~~~~~~~~~~~~~~~~~~~~~~
../Core/Inc/atk_mw8266d.h:28:45: note: each undeclared identifier is reported only once for each function it appears in
   28 | #define ATK_MW8266D_RST_GPIO_PORT           GPIOI
      |                                             ^~~~~
../Core/Src/atk_mw8266d.c:40:19: note: in expansion of macro 'ATK_MW8266D_RST_GPIO_PORT'
   40 |     HAL_GPIO_Init(ATK_MW8266D_RST_GPIO_PORT, &gpio_init_struct);
      |                   ^~~~~~~~~~~~~~~~~~~~~~~~~
../Core/Src/atk_mw8266d.c: In function 'atk_mw8266d_hw_reset':
../Core/Inc/atk_mw8266d.h:28:45: error: 'GPIOI' undeclared (first use in this function); did you mean 'GPIOE'?
   28 | #define ATK_MW8266D_RST_GPIO_PORT           GPIOI
      |                                             ^~~~~
../Core/Inc/atk_mw8266d.h:34:67: note: in expansion of macro 'ATK_MW8266D_RST_GPIO_PORT'
   34 |                                                 HAL_GPIO_WritePin(ATK_MW8266D_RST_GPIO_PORT, ATK_MW8266D_RST_GPIO_PIN, GPIO_PIN_SET) :  \
      |                                                                   ^~~~~~~~~~~~~~~~~~~~~~~~~
../Core/Src/atk_mw8266d.c:50:5: note: in expansion of macro 'ATK_MW8266D_RST'
   50 |     ATK_MW8266D_RST(0);
      |     ^~~~~~~~~~~~~~~
make: *** [Core/Src/subdir.mk:55: Core/Src/atk_mw8266d.o] Error 1
"make -j20 all" terminated with exit code 2. Build might be incomplete.
12:57:42 **** Incremental Build of configuration Debug for project fasong ****
make -j20 all 
arm-none-eabi-gcc "../Core/Src/atk_mw8266d.c" -mcpu=cortex-m7 -std=gnu11 -g3 -DDEBUG -DUSE_PWR_LDO_SUPPLY -DUSE_HAL_DRIVER -DSTM32H723xx -c -I../Core/Inc -I../Drivers/STM32H7xx_HAL_Driver/Inc -I../Drivers/STM32H7xx_HAL_Driver/Inc/Legacy -I../Drivers/CMSIS/Device/ST/STM32H7xx/Include -I../Drivers/CMSIS/Include -O0 -ffunction-sections -fdata-sections -Wall -fstack-usage -fcyclomatic-complexity -MMD -MP -MF"Core/Src/atk_mw8266d.d" -MT"Core/Src/atk_mw8266d.o" --specs=nano.specs -mfpu=fpv5-d16 -mfloat-abi=hard -mthumb -o "Core/Src/atk_mw8266d.o"
arm-none-eabi-gcc "../Core/Src/spi.c" -mcpu=cortex-m7 -std=gnu11 -g3 -DDEBUG -DUSE_PWR_LDO_SUPPLY -DUSE_HAL_DRIVER -DSTM32H723xx -c -I../Core/Inc -I../Drivers/STM32H7xx_HAL_Driver/Inc -I../Drivers/STM32H7xx_HAL_Driver/Inc/Legacy -I../Drivers/CMSIS/Device/ST/STM32H7xx/Include -I../Drivers/CMSIS/Include -O0 -ffunction-sections -fdata-sections -Wall -fstack-usage -fcyclomatic-complexity -MMD -MP -MF"Core/Src/spi.d" -MT"Core/Src/spi.o" --specs=nano.specs -mfpu=fpv5-d16 -mfloat-abi=hard -mthumb -o "Core/Src/spi.o"
../Core/Src/spi.c:24:10: fatal error: spi_lcd_200.h: No such file or directory
   24 | #include "spi_lcd_200.h"
      |          ^~~~~~~~~~~~~~~
compilation terminated.
make: *** [Core/Src/subdir.mk:55: Core/Src/spi.o] Error 1
make: *** Waiting for unfinished jobs....
In file included from ../Core/Src/atk_mw8266d.c:21:
../Core/Src/atk_mw8266d.c: In function 'atk_mw8266d_hw_init':
../Core/Inc/atk_mw8266d.h:30:49: warning: implicit declaration of function '__HAL_RCC_GPIOI_CLK_ENABLE' [-Wimplicit-function-declaration]
   30 | #define ATK_MW8266D_RST_GPIO_CLK_ENABLE()   do{ __HAL_RCC_GPIOI_CLK_ENABLE(); }while(0) /* PA口时钟使能 */
      |                                                 ^~~~~~~~~~~~~~~~~~~~~~~~~~
../Core/Src/atk_mw8266d.c:34:5: note: in expansion of macro 'ATK_MW8266D_RST_GPIO_CLK_ENABLE'
   34 |     ATK_MW8266D_RST_GPIO_CLK_ENABLE();
      |     ^~~~~~~~~~~~~~~~~~~~~~~~~~~~~~~
../Core/Inc/atk_mw8266d.h:28:45: error: 'GPIOI' undeclared (first use in this function); did you mean 'GPIOE'?
   28 | #define ATK_MW8266D_RST_GPIO_PORT           GPIOI
      |                                             ^~~~~
../Core/Src/atk_mw8266d.c:40:19: note: in expansion of macro 'ATK_MW8266D_RST_GPIO_PORT'
   40 |     HAL_GPIO_Init(ATK_MW8266D_RST_GPIO_PORT, &gpio_init_struct);
      |                   ^~~~~~~~~~~~~~~~~~~~~~~~~
../Core/Inc/atk_mw8266d.h:28:45: note: each undeclared identifier is reported only once for each function it appears in
   28 | #define ATK_MW8266D_RST_GPIO_PORT           GPIOI
      |                                             ^~~~~
../Core/Src/atk_mw8266d.c:40:19: note: in expansion of macro 'ATK_MW8266D_RST_GPIO_PORT'
   40 |     HAL_GPIO_Init(ATK_MW8266D_RST_GPIO_PORT, &gpio_init_struct);
      |                   ^~~~~~~~~~~~~~~~~~~~~~~~~
../Core/Src/atk_mw8266d.c: In function 'atk_mw8266d_hw_reset':
../Core/Inc/atk_mw8266d.h:28:45: error: 'GPIOI' undeclared (first use in this function); did you mean 'GPIOE'?
   28 | #define ATK_MW8266D_RST_GPIO_PORT           GPIOI
      |                                             ^~~~~
../Core/Inc/atk_mw8266d.h:34:67: note: in expansion of macro 'ATK_MW8266D_RST_GPIO_PORT'
   34 |                                                 HAL_GPIO_WritePin(ATK_MW8266D_RST_GPIO_PORT, ATK_MW8266D_RST_GPIO_PIN, GPIO_PIN_SET) :  \
      |                                                                   ^~~~~~~~~~~~~~~~~~~~~~~~~
../Core/Src/atk_mw8266d.c:50:5: note: in expansion of macro 'ATK_MW8266D_RST'
   50 |     ATK_MW8266D_RST(0);
      |     ^~~~~~~~~~~~~~~
make: *** [Core/Src/subdir.mk:55: Core/Src/atk_mw8266d.o] Error 1
"make -j20 all" terminated with exit code 2. Build might be incomplete.
12:58:16 **** Incremental Build of configuration Debug for project fasong ****
make -j20 all 
arm-none-eabi-gcc "../Core/Src/atk_mw8266d.c" -mcpu=cortex-m7 -std=gnu11 -g3 -DDEBUG -DUSE_PWR_LDO_SUPPLY -DUSE_HAL_DRIVER -DSTM32H723xx -c -I../Core/Inc -I../Drivers/STM32H7xx_HAL_Driver/Inc -I../Drivers/STM32H7xx_HAL_Driver/Inc/Legacy -I../Drivers/CMSIS/Device/ST/STM32H7xx/Include -I../Drivers/CMSIS/Include -O0 -ffunction-sections -fdata-sections -Wall -fstack-usage -fcyclomatic-complexity -MMD -MP -MF"Core/Src/atk_mw8266d.d" -MT"Core/Src/atk_mw8266d.o" --specs=nano.specs -mfpu=fpv5-d16 -mfloat-abi=hard -mthumb -o "Core/Src/atk_mw8266d.o"
arm-none-eabi-gcc "../Core/Src/spi.c" -mcpu=cortex-m7 -std=gnu11 -g3 -DDEBUG -DUSE_PWR_LDO_SUPPLY -DUSE_HAL_DRIVER -DSTM32H723xx -c -I../Core/Inc -I../Drivers/STM32H7xx_HAL_Driver/Inc -I../Drivers/STM32H7xx_HAL_Driver/Inc/Legacy -I../Drivers/CMSIS/Device/ST/STM32H7xx/Include -I../Drivers/CMSIS/Include -O0 -ffunction-sections -fdata-sections -Wall -fstack-usage -fcyclomatic-complexity -MMD -MP -MF"Core/Src/spi.d" -MT"Core/Src/spi.o" --specs=nano.specs -mfpu=fpv5-d16 -mfloat-abi=hard -mthumb -o "Core/Src/spi.o"
../Core/Src/spi.c: In function 'HAL_SPI_MspInit':
../Core/Src/spi.c:75:28: warning: unused variable 'PeriphClkInitStruct' [-Wunused-variable]
   75 |   RCC_PeriphCLKInitTypeDef PeriphClkInitStruct = {0};
      |                            ^~~~~~~~~~~~~~~~~~~
In file included from ../Core/Src/atk_mw8266d.c:21:
../Core/Src/atk_mw8266d.c: In function 'atk_mw8266d_hw_init':
../Core/Inc/atk_mw8266d.h:30:49: warning: implicit declaration of function '__HAL_RCC_GPIOI_CLK_ENABLE' [-Wimplicit-function-declaration]
   30 | #define ATK_MW8266D_RST_GPIO_CLK_ENABLE()   do{ __HAL_RCC_GPIOI_CLK_ENABLE(); }while(0) /* PA口时钟使能 */
      |                                                 ^~~~~~~~~~~~~~~~~~~~~~~~~~
../Core/Src/atk_mw8266d.c:34:5: note: in expansion of macro 'ATK_MW8266D_RST_GPIO_CLK_ENABLE'
   34 |     ATK_MW8266D_RST_GPIO_CLK_ENABLE();
      |     ^~~~~~~~~~~~~~~~~~~~~~~~~~~~~~~
../Core/Inc/atk_mw8266d.h:28:45: error: 'GPIOI' undeclared (first use in this function); did you mean 'GPIOE'?
   28 | #define ATK_MW8266D_RST_GPIO_PORT           GPIOI
      |                                             ^~~~~
../Core/Src/atk_mw8266d.c:40:19: note: in expansion of macro 'ATK_MW8266D_RST_GPIO_PORT'
   40 |     HAL_GPIO_Init(ATK_MW8266D_RST_GPIO_PORT, &gpio_init_struct);
      |                   ^~~~~~~~~~~~~~~~~~~~~~~~~
../Core/Inc/atk_mw8266d.h:28:45: note: each undeclared identifier is reported only once for each function it appears in
   28 | #define ATK_MW8266D_RST_GPIO_PORT           GPIOI
      |                                             ^~~~~
../Core/Src/atk_mw8266d.c:40:19: note: in expansion of macro 'ATK_MW8266D_RST_GPIO_PORT'
   40 |     HAL_GPIO_Init(ATK_MW8266D_RST_GPIO_PORT, &gpio_init_struct);
      |                   ^~~~~~~~~~~~~~~~~~~~~~~~~
../Core/Src/atk_mw8266d.c: In function 'atk_mw8266d_hw_reset':
../Core/Inc/atk_mw8266d.h:28:45: error: 'GPIOI' undeclared (first use in this function); did you mean 'GPIOE'?
   28 | #define ATK_MW8266D_RST_GPIO_PORT           GPIOI
      |                                             ^~~~~
../Core/Inc/atk_mw8266d.h:34:67: note: in expansion of macro 'ATK_MW8266D_RST_GPIO_PORT'
   34 |                                                 HAL_GPIO_WritePin(ATK_MW8266D_RST_GPIO_PORT, ATK_MW8266D_RST_GPIO_PIN, GPIO_PIN_SET) :  \
      |                                                                   ^~~~~~~~~~~~~~~~~~~~~~~~~
../Core/Src/atk_mw8266d.c:50:5: note: in expansion of macro 'ATK_MW8266D_RST'
   50 |     ATK_MW8266D_RST(0);
      |     ^~~~~~~~~~~~~~~
make: *** [Core/Src/subdir.mk:55: Core/Src/atk_mw8266d.o] Error 1
make: *** Waiting for unfinished jobs....
"make -j20 all" terminated with exit code 2. Build might be incomplete.
12:59:40 **** Incremental Build of configuration Debug for project fasong ****
make -j20 all 
arm-none-eabi-gcc "../Core/Src/atk_mw8266d.c" -mcpu=cortex-m7 -std=gnu11 -g3 -DDEBUG -DUSE_PWR_LDO_SUPPLY -DUSE_HAL_DRIVER -DSTM32H723xx -c -I../Core/Inc -I../Drivers/STM32H7xx_HAL_Driver/Inc -I../Drivers/STM32H7xx_HAL_Driver/Inc/Legacy -I../Drivers/CMSIS/Device/ST/STM32H7xx/Include -I../Drivers/CMSIS/Include -O0 -ffunction-sections -fdata-sections -Wall -fstack-usage -fcyclomatic-complexity -MMD -MP -MF"Core/Src/atk_mw8266d.d" -MT"Core/Src/atk_mw8266d.o" --specs=nano.specs -mfpu=fpv5-d16 -mfloat-abi=hard -mthumb -o "Core/Src/atk_mw8266d.o"
arm-none-eabi-gcc "../Core/Src/main.c" -mcpu=cortex-m7 -std=gnu11 -g3 -DDEBUG -DUSE_PWR_LDO_SUPPLY -DUSE_HAL_DRIVER -DSTM32H723xx -c -I../Core/Inc -I../Drivers/STM32H7xx_HAL_Driver/Inc -I../Drivers/STM32H7xx_HAL_Driver/Inc/Legacy -I../Drivers/CMSIS/Device/ST/STM32H7xx/Include -I../Drivers/CMSIS/Include -O0 -ffunction-sections -fdata-sections -Wall -fstack-usage -fcyclomatic-complexity -MMD -MP -MF"Core/Src/main.d" -MT"Core/Src/main.o" --specs=nano.specs -mfpu=fpv5-d16 -mfloat-abi=hard -mthumb -o "Core/Src/main.o"
In file included from ../Core/Src/atk_mw8266d.c:21:
../Core/Src/atk_mw8266d.c: In function 'atk_mw8266d_hw_init':
../Core/Inc/atk_mw8266d.h:30:49: warning: implicit declaration of function '__HAL_RCC_GPIOI_CLK_ENABLE' [-Wimplicit-function-declaration]
   30 | #define ATK_MW8266D_RST_GPIO_CLK_ENABLE()   do{ __HAL_RCC_GPIOI_CLK_ENABLE(); }while(0) /* PA口时钟使能 */
      |                                                 ^~~~~~~~~~~~~~~~~~~~~~~~~~
../Core/Src/atk_mw8266d.c:34:5: note: in expansion of macro 'ATK_MW8266D_RST_GPIO_CLK_ENABLE'
   34 |     ATK_MW8266D_RST_GPIO_CLK_ENABLE();
      |     ^~~~~~~~~~~~~~~~~~~~~~~~~~~~~~~
arm-none-eabi-gcc -o "fasong.elf" @"objects.list"   -mcpu=cortex-m7 -T"C:\Users\11433\Desktop\target_vehicle_control code\remote_control(H7)\fasong\STM32H723ZGTX_FLASH.ld" --specs=nosys.specs -Wl,-Map="fasong.map" -Wl,--gc-sections -static --specs=nano.specs -mfpu=fpv5-d16 -mfloat-abi=hard -mthumb -u _printf_float -Wl,--start-group -lc -lm -Wl,--end-group
D:/ST/cubeide/STM32CubeIDE_1.19.0/STM32CubeIDE/plugins/com.st.stm32cube.ide.mcu.externaltools.gnu-tools-for-stm32.13.3.rel1.win32_1.0.0.202411081344/tools/bin/../lib/gcc/arm-none-eabi/13.3.1/../../../../arm-none-eabi/bin/ld.exe: D:/ST/cubeide/STM32CubeIDE_1.19.0/STM32CubeIDE/plugins/com.st.stm32cube.ide.mcu.externaltools.gnu-tools-for-stm32.13.3.rel1.win32_1.0.0.202411081344/tools/bin/../lib/gcc/arm-none-eabi/13.3.1/../../../../arm-none-eabi/lib/thumb/v7e-m+dp/hard\libc_nano.a(libc_a-closer.o): note: the message above does not take linker garbage collection into account
D:/ST/cubeide/STM32CubeIDE_1.19.0/STM32CubeIDE/plugins/com.st.stm32cube.ide.mcu.externaltools.gnu-tools-for-stm32.13.3.rel1.win32_1.0.0.202411081344/tools/bin/../lib/gcc/arm-none-eabi/13.3.1/../../../../arm-none-eabi/bin/ld.exe: D:/ST/cubeide/STM32CubeIDE_1.19.0/STM32CubeIDE/plugins/com.st.stm32cube.ide.mcu.externaltools.gnu-tools-for-stm32.13.3.rel1.win32_1.0.0.202411081344/tools/bin/../lib/gcc/arm-none-eabi/13.3.1/../../../../arm-none-eabi/lib/thumb/v7e-m+dp/hard\libc_nano.a(libc_a-closer.o): in function `_close_r':
(.text._close_r+0xc): warning: _close is not implemented and will always fail
D:/ST/cubeide/STM32CubeIDE_1.19.0/STM32CubeIDE/plugins/com.st.stm32cube.ide.mcu.externaltools.gnu-tools-for-stm32.13.3.rel1.win32_1.0.0.202411081344/tools/bin/../lib/gcc/arm-none-eabi/13.3.1/../../../../arm-none-eabi/bin/ld.exe: D:/ST/cubeide/STM32CubeIDE_1.19.0/STM32CubeIDE/plugins/com.st.stm32cube.ide.mcu.externaltools.gnu-tools-for-stm32.13.3.rel1.win32_1.0.0.202411081344/tools/bin/../lib/gcc/arm-none-eabi/13.3.1/../../../../arm-none-eabi/lib/thumb/v7e-m+dp/hard\libc_nano.a(libc_a-fstatr.o): in function `_fstat_r':
(.text._fstat_r+0xe): warning: _fstat is not implemented and will always fail
D:/ST/cubeide/STM32CubeIDE_1.19.0/STM32CubeIDE/plugins/com.st.stm32cube.ide.mcu.externaltools.gnu-tools-for-stm32.13.3.rel1.win32_1.0.0.202411081344/tools/bin/../lib/gcc/arm-none-eabi/13.3.1/../../../../arm-none-eabi/bin/ld.exe: D:/ST/cubeide/STM32CubeIDE_1.19.0/STM32CubeIDE/plugins/com.st.stm32cube.ide.mcu.externaltools.gnu-tools-for-stm32.13.3.rel1.win32_1.0.0.202411081344/tools/bin/../lib/gcc/arm-none-eabi/13.3.1/../../../../arm-none-eabi/lib/thumb/v7e-m+dp/hard\libc_nano.a(libc_a-fstatr.o): note: the message above does not take linker garbage collection into account
D:/ST/cubeide/STM32CubeIDE_1.19.0/STM32CubeIDE/plugins/com.st.stm32cube.ide.mcu.externaltools.gnu-tools-for-stm32.13.3.rel1.win32_1.0.0.202411081344/tools/bin/../lib/gcc/arm-none-eabi/13.3.1/../../../../arm-none-eabi/bin/ld.exe: D:/ST/cubeide/STM32CubeIDE_1.19.0/STM32CubeIDE/plugins/com.st.stm32cube.ide.mcu.externaltools.gnu-tools-for-stm32.13.3.rel1.win32_1.0.0.202411081344/tools/bin/../lib/gcc/arm-none-eabi/13.3.1/../../../../arm-none-eabi/lib/thumb/v7e-m+dp/hard\libc_nano.a(libc_a-signalr.o): in function `_getpid_r':
(.text._getpid_r+0x0): warning: _getpid is not implemented and will always fail
D:/ST/cubeide/STM32CubeIDE_1.19.0/STM32CubeIDE/plugins/com.st.stm32cube.ide.mcu.externaltools.gnu-tools-for-stm32.13.3.rel1.win32_1.0.0.202411081344/tools/bin/../lib/gcc/arm-none-eabi/13.3.1/../../../../arm-none-eabi/bin/ld.exe: D:/ST/cubeide/STM32CubeIDE_1.19.0/STM32CubeIDE/plugins/com.st.stm32cube.ide.mcu.externaltools.gnu-tools-for-stm32.13.3.rel1.win32_1.0.0.202411081344/tools/bin/../lib/gcc/arm-none-eabi/13.3.1/../../../../arm-none-eabi/lib/thumb/v7e-m+dp/hard\libc_nano.a(libc_a-signalr.o): note: the message above does not take linker garbage collection into account
D:/ST/cubeide/STM32CubeIDE_1.19.0/STM32CubeIDE/plugins/com.st.stm32cube.ide.mcu.externaltools.gnu-tools-for-stm32.13.3.rel1.win32_1.0.0.202411081344/tools/bin/../lib/gcc/arm-none-eabi/13.3.1/../../../../arm-none-eabi/bin/ld.exe: D:/ST/cubeide/STM32CubeIDE_1.19.0/STM32CubeIDE/plugins/com.st.stm32cube.ide.mcu.externaltools.gnu-tools-for-stm32.13.3.rel1.win32_1.0.0.202411081344/tools/bin/../lib/gcc/arm-none-eabi/13.3.1/../../../../arm-none-eabi/lib/thumb/v7e-m+dp/hard\libc_nano.a(libc_a-isattyr.o): in function `_isatty_r':
(.text._isatty_r+0xc): warning: _isatty is not implemented and will always fail
D:/ST/cubeide/STM32CubeIDE_1.19.0/STM32CubeIDE/plugins/com.st.stm32cube.ide.mcu.externaltools.gnu-tools-for-stm32.13.3.rel1.win32_1.0.0.202411081344/tools/bin/../lib/gcc/arm-none-eabi/13.3.1/../../../../arm-none-eabi/bin/ld.exe: D:/ST/cubeide/STM32CubeIDE_1.19.0/STM32CubeIDE/plugins/com.st.stm32cube.ide.mcu.externaltools.gnu-tools-for-stm32.13.3.rel1.win32_1.0.0.202411081344/tools/bin/../lib/gcc/arm-none-eabi/13.3.1/../../../../arm-none-eabi/lib/thumb/v7e-m+dp/hard\libc_nano.a(libc_a-signalr.o): in function `_kill_r':
(.text._kill_r+0xe): warning: _kill is not implemented and will always fail
D:/ST/cubeide/STM32CubeIDE_1.19.0/STM32CubeIDE/plugins/com.st.stm32cube.ide.mcu.externaltools.gnu-tools-for-stm32.13.3.rel1.win32_1.0.0.202411081344/tools/bin/../lib/gcc/arm-none-eabi/13.3.1/../../../../arm-none-eabi/bin/ld.exe: D:/ST/cubeide/STM32CubeIDE_1.19.0/STM32CubeIDE/plugins/com.st.stm32cube.ide.mcu.externaltools.gnu-tools-for-stm32.13.3.rel1.win32_1.0.0.202411081344/tools/bin/../lib/gcc/arm-none-eabi/13.3.1/../../../../arm-none-eabi/lib/thumb/v7e-m+dp/hard\libc_nano.a(libc_a-isattyr.o): note: the message above does not take linker garbage collection into account
D:/ST/cubeide/STM32CubeIDE_1.19.0/STM32CubeIDE/plugins/com.st.stm32cube.ide.mcu.externaltools.gnu-tools-for-stm32.13.3.rel1.win32_1.0.0.202411081344/tools/bin/../lib/gcc/arm-none-eabi/13.3.1/../../../../arm-none-eabi/bin/ld.exe: D:/ST/cubeide/STM32CubeIDE_1.19.0/STM32CubeIDE/plugins/com.st.stm32cube.ide.mcu.externaltools.gnu-tools-for-stm32.13.3.rel1.win32_1.0.0.202411081344/tools/bin/../lib/gcc/arm-none-eabi/13.3.1/../../../../arm-none-eabi/lib/thumb/v7e-m+dp/hard\libc_nano.a(libc_a-signalr.o): note: the message above does not take linker garbage collection into account
D:/ST/cubeide/STM32CubeIDE_1.19.0/STM32CubeIDE/plugins/com.st.stm32cube.ide.mcu.externaltools.gnu-tools-for-stm32.13.3.rel1.win32_1.0.0.202411081344/tools/bin/../lib/gcc/arm-none-eabi/13.3.1/../../../../arm-none-eabi/bin/ld.exe: D:/ST/cubeide/STM32CubeIDE_1.19.0/STM32CubeIDE/plugins/com.st.stm32cube.ide.mcu.externaltools.gnu-tools-for-stm32.13.3.rel1.win32_1.0.0.202411081344/tools/bin/../lib/gcc/arm-none-eabi/13.3.1/../../../../arm-none-eabi/lib/thumb/v7e-m+dp/hard\libc_nano.a(libc_a-lseekr.o): in function `_lseek_r':
(.text._lseek_r+0x10): warning: _lseek is not implemented and will always fail
D:/ST/cubeide/STM32CubeIDE_1.19.0/STM32CubeIDE/plugins/com.st.stm32cube.ide.mcu.externaltools.gnu-tools-for-stm32.13.3.rel1.win32_1.0.0.202411081344/tools/bin/../lib/gcc/arm-none-eabi/13.3.1/../../../../arm-none-eabi/bin/ld.exe: D:/ST/cubeide/STM32CubeIDE_1.19.0/STM32CubeIDE/plugins/com.st.stm32cube.ide.mcu.externaltools.gnu-tools-for-stm32.13.3.rel1.win32_1.0.0.202411081344/tools/bin/../lib/gcc/arm-none-eabi/13.3.1/../../../../arm-none-eabi/lib/thumb/v7e-m+dp/hard\libc_nano.a(libc_a-lseekr.o): note: the message above does not take linker garbage collection into account
D:/ST/cubeide/STM32CubeIDE_1.19.0/STM32CubeIDE/plugins/com.st.stm32cube.ide.mcu.externaltools.gnu-tools-for-stm32.13.3.rel1.win32_1.0.0.202411081344/tools/bin/../lib/gcc/arm-none-eabi/13.3.1/../../../../arm-none-eabi/bin/ld.exe: D:/ST/cubeide/STM32CubeIDE_1.19.0/STM32CubeIDE/plugins/com.st.stm32cube.ide.mcu.externaltools.gnu-tools-for-stm32.13.3.rel1.win32_1.0.0.202411081344/tools/bin/../lib/gcc/arm-none-eabi/13.3.1/../../../../arm-none-eabi/lib/thumb/v7e-m+dp/hard\libc_nano.a(libc_a-readr.o): in function `_read_r':
(.text._read_r+0x10): warning: _read is not implemented and will always fail
D:/ST/cubeide/STM32CubeIDE_1.19.0/STM32CubeIDE/plugins/com.st.stm32cube.ide.mcu.externaltools.gnu-tools-for-stm32.13.3.rel1.win32_1.0.0.202411081344/tools/bin/../lib/gcc/arm-none-eabi/13.3.1/../../../../arm-none-eabi/bin/ld.exe: D:/ST/cubeide/STM32CubeIDE_1.19.0/STM32CubeIDE/plugins/com.st.stm32cube.ide.mcu.externaltools.gnu-tools-for-stm32.13.3.rel1.win32_1.0.0.202411081344/tools/bin/../lib/gcc/arm-none-eabi/13.3.1/../../../../arm-none-eabi/lib/thumb/v7e-m+dp/hard\libc_nano.a(libc_a-readr.o): note: the message above does not take linker garbage collection into account
D:/ST/cubeide/STM32CubeIDE_1.19.0/STM32CubeIDE/plugins/com.st.stm32cube.ide.mcu.externaltools.gnu-tools-for-stm32.13.3.rel1.win32_1.0.0.202411081344/tools/bin/../lib/gcc/arm-none-eabi/13.3.1/../../../../arm-none-eabi/bin/ld.exe: D:/ST/cubeide/STM32CubeIDE_1.19.0/STM32CubeIDE/plugins/com.st.stm32cube.ide.mcu.externaltools.gnu-tools-for-stm32.13.3.rel1.win32_1.0.0.202411081344/tools/bin/../lib/gcc/arm-none-eabi/13.3.1/../../../../arm-none-eabi/lib/thumb/v7e-m+dp/hard\libc_nano.a(libc_a-writer.o): in function `_write_r':
(.text._write_r+0x10): warning: _write is not implemented and will always fail
D:/ST/cubeide/STM32CubeIDE_1.19.0/STM32CubeIDE/plugins/com.st.stm32cube.ide.mcu.externaltools.gnu-tools-for-stm32.13.3.rel1.win32_1.0.0.202411081344/tools/bin/../lib/gcc/arm-none-eabi/13.3.1/../../../../arm-none-eabi/bin/ld.exe: D:/ST/cubeide/STM32CubeIDE_1.19.0/STM32CubeIDE/plugins/com.st.stm32cube.ide.mcu.externaltools.gnu-tools-for-stm32.13.3.rel1.win32_1.0.0.202411081344/tools/bin/../lib/gcc/arm-none-eabi/13.3.1/../../../../arm-none-eabi/lib/thumb/v7e-m+dp/hard\libc_nano.a(libc_a-writer.o): note: the message above does not take linker garbage collection into account
Finished building target: fasong.elf
 
arm-none-eabi-size  fasong.elf 
arm-none-eabi-objdump -h -S fasong.elf  > "fasong.list"
   text	   data	    bss	    dec	    hex	filename
  52476	    484	   2716	  55676	   d97c	fasong.elf
arm-none-eabi-objcopy  -O ihex fasong.elf  "fasong.hex"
Finished building: default.size.stdout
 
Finished building: fasong.hex
 
Finished building: fasong.list
 
15:18:34 **** Incremental Build of configuration Debug for project fasong ****
make -j20 all 
arm-none-eabi-gcc "../Core/Src/main.c" -mcpu=cortex-m7 -std=gnu11 -g3 -DDEBUG -DUSE_PWR_LDO_SUPPLY -DUSE_HAL_DRIVER -DSTM32H723xx -c -I../Core/Inc -I../Drivers/STM32H7xx_HAL_Driver/Inc -I../Drivers/STM32H7xx_HAL_Driver/Inc/Legacy -I../Drivers/CMSIS/Device/ST/STM32H7xx/Include -I../Drivers/CMSIS/Include -O0 -ffunction-sections -fdata-sections -Wall -fstack-usage -fcyclomatic-complexity -MMD -MP -MF"Core/Src/main.d" -MT"Core/Src/main.o" --specs=nano.specs -mfpu=fpv5-d16 -mfloat-abi=hard -mthumb -o "Core/Src/main.o"
arm-none-eabi-gcc -o "fasong.elf" @"objects.list"   -mcpu=cortex-m7 -T"C:\Users\11433\Desktop\target_vehicle_control code\remote_control(H7)\fasong\STM32H723ZGTX_FLASH.ld" --specs=nosys.specs -Wl,-Map="fasong.map" -Wl,--gc-sections -static --specs=nano.specs -mfpu=fpv5-d16 -mfloat-abi=hard -mthumb -u _printf_float -Wl,--start-group -lc -lm -Wl,--end-group
D:/ST/cubeide/STM32CubeIDE_1.19.0/STM32CubeIDE/plugins/com.st.stm32cube.ide.mcu.externaltools.gnu-tools-for-stm32.13.3.rel1.win32_1.0.0.202411081344/tools/bin/../lib/gcc/arm-none-eabi/13.3.1/../../../../arm-none-eabi/bin/ld.exe: D:/ST/cubeide/STM32CubeIDE_1.19.0/STM32CubeIDE/plugins/com.st.stm32cube.ide.mcu.externaltools.gnu-tools-for-stm32.13.3.rel1.win32_1.0.0.202411081344/tools/bin/../lib/gcc/arm-none-eabi/13.3.1/../../../../arm-none-eabi/lib/thumb/v7e-m+dp/hard\libc_nano.a(libc_a-closer.o): in function `_close_r':
(.text._close_r+0xc): warning: _close is not implemented and will always fail
D:/ST/cubeide/STM32CubeIDE_1.19.0/STM32CubeIDE/plugins/com.st.stm32cube.ide.mcu.externaltools.gnu-tools-for-stm32.13.3.rel1.win32_1.0.0.202411081344/tools/bin/../lib/gcc/arm-none-eabi/13.3.1/../../../../arm-none-eabi/bin/ld.exe: D:/ST/cubeide/STM32CubeIDE_1.19.0/STM32CubeIDE/plugins/com.st.stm32cube.ide.mcu.externaltools.gnu-tools-for-stm32.13.3.rel1.win32_1.0.0.202411081344/tools/bin/../lib/gcc/arm-none-eabi/13.3.1/../../../../arm-none-eabi/lib/thumb/v7e-m+dp/hard\libc_nano.a(libc_a-fstatr.o): in function `_fstat_r':
D:/ST/cubeide/STM32CubeIDE_1.19.0/STM32CubeIDE/plugins/com.st.stm32cube.ide.mcu.externaltools.gnu-tools-for-stm32.13.3.rel1.win32_1.0.0.202411081344/tools/bin/../lib/gcc/arm-none-eabi/13.3.1/../../../../arm-none-eabi/bin/ld.exe: D:/ST/cubeide/STM32CubeIDE_1.19.0/STM32CubeIDE/plugins/com.st.stm32cube.ide.mcu.externaltools.gnu-tools-for-stm32.13.3.rel1.win32_1.0.0.202411081344/tools/bin/../lib/gcc/arm-none-eabi/13.3.1/../../../../arm-none-eabi/lib/thumb/v7e-m+dp/hard\libc_nano.a(libc_a-closer.o): note: the message above does not take linker garbage collection into account
(.text._fstat_r+0xe): warning: _fstat is not implemented and will always fail
D:/ST/cubeide/STM32CubeIDE_1.19.0/STM32CubeIDE/plugins/com.st.stm32cube.ide.mcu.externaltools.gnu-tools-for-stm32.13.3.rel1.win32_1.0.0.202411081344/tools/bin/../lib/gcc/arm-none-eabi/13.3.1/../../../../arm-none-eabi/bin/ld.exe: D:/ST/cubeide/STM32CubeIDE_1.19.0/STM32CubeIDE/plugins/com.st.stm32cube.ide.mcu.externaltools.gnu-tools-for-stm32.13.3.rel1.win32_1.0.0.202411081344/tools/bin/../lib/gcc/arm-none-eabi/13.3.1/../../../../arm-none-eabi/lib/thumb/v7e-m+dp/hard\libc_nano.a(libc_a-fstatr.o): note: the message above does not take linker garbage collection into account
D:/ST/cubeide/STM32CubeIDE_1.19.0/STM32CubeIDE/plugins/com.st.stm32cube.ide.mcu.externaltools.gnu-tools-for-stm32.13.3.rel1.win32_1.0.0.202411081344/tools/bin/../lib/gcc/arm-none-eabi/13.3.1/../../../../arm-none-eabi/bin/ld.exe: D:/ST/cubeide/STM32CubeIDE_1.19.0/STM32CubeIDE/plugins/com.st.stm32cube.ide.mcu.externaltools.gnu-tools-for-stm32.13.3.rel1.win32_1.0.0.202411081344/tools/bin/../lib/gcc/arm-none-eabi/13.3.1/../../../../arm-none-eabi/lib/thumb/v7e-m+dp/hard\libc_nano.a(libc_a-signalr.o): in function `_getpid_r':
(.text._getpid_r+0x0): warning: _getpid is not implemented and will always fail
D:/ST/cubeide/STM32CubeIDE_1.19.0/STM32CubeIDE/plugins/com.st.stm32cube.ide.mcu.externaltools.gnu-tools-for-stm32.13.3.rel1.win32_1.0.0.202411081344/tools/bin/../lib/gcc/arm-none-eabi/13.3.1/../../../../arm-none-eabi/bin/ld.exe: D:/ST/cubeide/STM32CubeIDE_1.19.0/STM32CubeIDE/plugins/com.st.stm32cube.ide.mcu.externaltools.gnu-tools-for-stm32.13.3.rel1.win32_1.0.0.202411081344/tools/bin/../lib/gcc/arm-none-eabi/13.3.1/../../../../arm-none-eabi/lib/thumb/v7e-m+dp/hard\libc_nano.a(libc_a-signalr.o): note: the message above does not take linker garbage collection into account
D:/ST/cubeide/STM32CubeIDE_1.19.0/STM32CubeIDE/plugins/com.st.stm32cube.ide.mcu.externaltools.gnu-tools-for-stm32.13.3.rel1.win32_1.0.0.202411081344/tools/bin/../lib/gcc/arm-none-eabi/13.3.1/../../../../arm-none-eabi/bin/ld.exe: D:/ST/cubeide/STM32CubeIDE_1.19.0/STM32CubeIDE/plugins/com.st.stm32cube.ide.mcu.externaltools.gnu-tools-for-stm32.13.3.rel1.win32_1.0.0.202411081344/tools/bin/../lib/gcc/arm-none-eabi/13.3.1/../../../../arm-none-eabi/lib/thumb/v7e-m+dp/hard\libc_nano.a(libc_a-isattyr.o): in function `_isatty_r':
(.text._isatty_r+0xc): warning: _isatty is not implemented and will always fail
D:/ST/cubeide/STM32CubeIDE_1.19.0/STM32CubeIDE/plugins/com.st.stm32cube.ide.mcu.externaltools.gnu-tools-for-stm32.13.3.rel1.win32_1.0.0.202411081344/tools/bin/../lib/gcc/arm-none-eabi/13.3.1/../../../../arm-none-eabi/bin/ld.exe: D:/ST/cubeide/STM32CubeIDE_1.19.0/STM32CubeIDE/plugins/com.st.stm32cube.ide.mcu.externaltools.gnu-tools-for-stm32.13.3.rel1.win32_1.0.0.202411081344/tools/bin/../lib/gcc/arm-none-eabi/13.3.1/../../../../arm-none-eabi/lib/thumb/v7e-m+dp/hard\libc_nano.a(libc_a-isattyr.o): note: the message above does not take linker garbage collection into account
D:/ST/cubeide/STM32CubeIDE_1.19.0/STM32CubeIDE/plugins/com.st.stm32cube.ide.mcu.externaltools.gnu-tools-for-stm32.13.3.rel1.win32_1.0.0.202411081344/tools/bin/../lib/gcc/arm-none-eabi/13.3.1/../../../../arm-none-eabi/bin/ld.exe: D:/ST/cubeide/STM32CubeIDE_1.19.0/STM32CubeIDE/plugins/com.st.stm32cube.ide.mcu.externaltools.gnu-tools-for-stm32.13.3.rel1.win32_1.0.0.202411081344/tools/bin/../lib/gcc/arm-none-eabi/13.3.1/../../../../arm-none-eabi/lib/thumb/v7e-m+dp/hard\libc_nano.a(libc_a-signalr.o): in function `_kill_r':
(.text._kill_r+0xe): warning: _kill is not implemented and will always fail
D:/ST/cubeide/STM32CubeIDE_1.19.0/STM32CubeIDE/plugins/com.st.stm32cube.ide.mcu.externaltools.gnu-tools-for-stm32.13.3.rel1.win32_1.0.0.202411081344/tools/bin/../lib/gcc/arm-none-eabi/13.3.1/../../../../arm-none-eabi/bin/ld.exe: D:/ST/cubeide/STM32CubeIDE_1.19.0/STM32CubeIDE/plugins/com.st.stm32cube.ide.mcu.externaltools.gnu-tools-for-stm32.13.3.rel1.win32_1.0.0.202411081344/tools/bin/../lib/gcc/arm-none-eabi/13.3.1/../../../../arm-none-eabi/lib/thumb/v7e-m+dp/hard\libc_nano.a(libc_a-signalr.o): note: the message above does not take linker garbage collection into account
D:/ST/cubeide/STM32CubeIDE_1.19.0/STM32CubeIDE/plugins/com.st.stm32cube.ide.mcu.externaltools.gnu-tools-for-stm32.13.3.rel1.win32_1.0.0.202411081344/tools/bin/../lib/gcc/arm-none-eabi/13.3.1/../../../../arm-none-eabi/bin/ld.exe: D:/ST/cubeide/STM32CubeIDE_1.19.0/STM32CubeIDE/plugins/com.st.stm32cube.ide.mcu.externaltools.gnu-tools-for-stm32.13.3.rel1.win32_1.0.0.202411081344/tools/bin/../lib/gcc/arm-none-eabi/13.3.1/../../../../arm-none-eabi/lib/thumb/v7e-m+dp/hard\libc_nano.a(libc_a-lseekr.o): in function `_lseek_r':
(.text._lseek_r+0x10): warning: _lseek is not implemented and will always fail
D:/ST/cubeide/STM32CubeIDE_1.19.0/STM32CubeIDE/plugins/com.st.stm32cube.ide.mcu.externaltools.gnu-tools-for-stm32.13.3.rel1.win32_1.0.0.202411081344/tools/bin/../lib/gcc/arm-none-eabi/13.3.1/../../../../arm-none-eabi/bin/ld.exe: D:/ST/cubeide/STM32CubeIDE_1.19.0/STM32CubeIDE/plugins/com.st.stm32cube.ide.mcu.externaltools.gnu-tools-for-stm32.13.3.rel1.win32_1.0.0.202411081344/tools/bin/../lib/gcc/arm-none-eabi/13.3.1/../../../../arm-none-eabi/lib/thumb/v7e-m+dp/hard\libc_nano.a(libc_a-lseekr.o): note: the message above does not take linker garbage collection into account
D:/ST/cubeide/STM32CubeIDE_1.19.0/STM32CubeIDE/plugins/com.st.stm32cube.ide.mcu.externaltools.gnu-tools-for-stm32.13.3.rel1.win32_1.0.0.202411081344/tools/bin/../lib/gcc/arm-none-eabi/13.3.1/../../../../arm-none-eabi/bin/ld.exe: D:/ST/cubeide/STM32CubeIDE_1.19.0/STM32CubeIDE/plugins/com.st.stm32cube.ide.mcu.externaltools.gnu-tools-for-stm32.13.3.rel1.win32_1.0.0.202411081344/tools/bin/../lib/gcc/arm-none-eabi/13.3.1/../../../../arm-none-eabi/lib/thumb/v7e-m+dp/hard\libc_nano.a(libc_a-readr.o): in function `_read_r':
(.text._read_r+0x10): warning: _read is not implemented and will always fail
D:/ST/cubeide/STM32CubeIDE_1.19.0/STM32CubeIDE/plugins/com.st.stm32cube.ide.mcu.externaltools.gnu-tools-for-stm32.13.3.rel1.win32_1.0.0.202411081344/tools/bin/../lib/gcc/arm-none-eabi/13.3.1/../../../../arm-none-eabi/bin/ld.exe: D:/ST/cubeide/STM32CubeIDE_1.19.0/STM32CubeIDE/plugins/com.st.stm32cube.ide.mcu.externaltools.gnu-tools-for-stm32.13.3.rel1.win32_1.0.0.202411081344/tools/bin/../lib/gcc/arm-none-eabi/13.3.1/../../../../arm-none-eabi/lib/thumb/v7e-m+dp/hard\libc_nano.a(libc_a-readr.o): note: the message above does not take linker garbage collection into account
D:/ST/cubeide/STM32CubeIDE_1.19.0/STM32CubeIDE/plugins/com.st.stm32cube.ide.mcu.externaltools.gnu-tools-for-stm32.13.3.rel1.win32_1.0.0.202411081344/tools/bin/../lib/gcc/arm-none-eabi/13.3.1/../../../../arm-none-eabi/bin/ld.exe: D:/ST/cubeide/STM32CubeIDE_1.19.0/STM32CubeIDE/plugins/com.st.stm32cube.ide.mcu.externaltools.gnu-tools-for-stm32.13.3.rel1.win32_1.0.0.202411081344/tools/bin/../lib/gcc/arm-none-eabi/13.3.1/../../../../arm-none-eabi/lib/thumb/v7e-m+dp/hard\libc_nano.a(libc_a-writer.o): in function `_write_r':
(.text._write_r+0x10): warning: _write is not implemented and will always fail
D:/ST/cubeide/STM32CubeIDE_1.19.0/STM32CubeIDE/plugins/com.st.stm32cube.ide.mcu.externaltools.gnu-tools-for-stm32.13.3.rel1.win32_1.0.0.202411081344/tools/bin/../lib/gcc/arm-none-eabi/13.3.1/../../../../arm-none-eabi/bin/ld.exe: D:/ST/cubeide/STM32CubeIDE_1.19.0/STM32CubeIDE/plugins/com.st.stm32cube.ide.mcu.externaltools.gnu-tools-for-stm32.13.3.rel1.win32_1.0.0.202411081344/tools/bin/../lib/gcc/arm-none-eabi/13.3.1/../../../../arm-none-eabi/lib/thumb/v7e-m+dp/hard\libc_nano.a(libc_a-writer.o): note: the message above does not take linker garbage collection into account
Finished building target: fasong.elf
 
arm-none-eabi-size  fasong.elf 
arm-none-eabi-objdump -h -S fasong.elf  > "fasong.list"
arm-none-eabi-objcopy  -O ihex fasong.elf  "fasong.hex"
   text	   data	    bss	    dec	    hex	filename
  52948	    484	   4764	  58196	   e354	fasong.elf
Finished building: default.size.stdout
 
Finished building: fasong.hex
 
Finished building: fasong.list
 
15:20:06 **** Incremental Build of configuration Debug for project fasong ****
make -j20 all 
arm-none-eabi-gcc "../Core/Src/main.c" -mcpu=cortex-m7 -std=gnu11 -g3 -DDEBUG -DUSE_PWR_LDO_SUPPLY -DUSE_HAL_DRIVER -DSTM32H723xx -c -I../Core/Inc -I../Drivers/STM32H7xx_HAL_Driver/Inc -I../Drivers/STM32H7xx_HAL_Driver/Inc/Legacy -I../Drivers/CMSIS/Device/ST/STM32H7xx/Include -I../Drivers/CMSIS/Include -O0 -ffunction-sections -fdata-sections -Wall -fstack-usage -fcyclomatic-complexity -MMD -MP -MF"Core/Src/main.d" -MT"Core/Src/main.o" --specs=nano.specs -mfpu=fpv5-d16 -mfloat-abi=hard -mthumb -o "Core/Src/main.o"
arm-none-eabi-gcc -o "fasong.elf" @"objects.list"   -mcpu=cortex-m7 -T"C:\Users\11433\Desktop\target_vehicle_control code\remote_control(H7)\fasong\STM32H723ZGTX_FLASH.ld" --specs=nosys.specs -Wl,-Map="fasong.map" -Wl,--gc-sections -static --specs=nano.specs -mfpu=fpv5-d16 -mfloat-abi=hard -mthumb -u _printf_float -Wl,--start-group -lc -lm -Wl,--end-group
D:/ST/cubeide/STM32CubeIDE_1.19.0/STM32CubeIDE/plugins/com.st.stm32cube.ide.mcu.externaltools.gnu-tools-for-stm32.13.3.rel1.win32_1.0.0.202411081344/tools/bin/../lib/gcc/arm-none-eabi/13.3.1/../../../../arm-none-eabi/bin/ld.exe: D:/ST/cubeide/STM32CubeIDE_1.19.0/STM32CubeIDE/plugins/com.st.stm32cube.ide.mcu.externaltools.gnu-tools-for-stm32.13.3.rel1.win32_1.0.0.202411081344/tools/bin/../lib/gcc/arm-none-eabi/13.3.1/../../../../arm-none-eabi/lib/thumb/v7e-m+dp/hard\libc_nano.a(libc_a-closer.o): in function `_close_r':
(.text._close_r+0xc): warning: _close is not implemented and will always fail
D:/ST/cubeide/STM32CubeIDE_1.19.0/STM32CubeIDE/plugins/com.st.stm32cube.ide.mcu.externaltools.gnu-tools-for-stm32.13.3.rel1.win32_1.0.0.202411081344/tools/bin/../lib/gcc/arm-none-eabi/13.3.1/../../../../arm-none-eabi/bin/ld.exe: D:/ST/cubeide/STM32CubeIDE_1.19.0/STM32CubeIDE/plugins/com.st.stm32cube.ide.mcu.externaltools.gnu-tools-for-stm32.13.3.rel1.win32_1.0.0.202411081344/tools/bin/../lib/gcc/arm-none-eabi/13.3.1/../../../../arm-none-eabi/lib/thumb/v7e-m+dp/hard\libc_nano.a(libc_a-fstatr.o): in function `_fstat_r':
(.text._fstat_r+0xe): warning: _fstat is not implemented and will always fail
D:/ST/cubeide/STM32CubeIDE_1.19.0/STM32CubeIDE/plugins/com.st.stm32cube.ide.mcu.externaltools.gnu-tools-for-stm32.13.3.rel1.win32_1.0.0.202411081344/tools/bin/../lib/gcc/arm-none-eabi/13.3.1/../../../../arm-none-eabi/bin/ld.exe: D:/ST/cubeide/STM32CubeIDE_1.19.0/STM32CubeIDE/plugins/com.st.stm32cube.ide.mcu.externaltools.gnu-tools-for-stm32.13.3.rel1.win32_1.0.0.202411081344/tools/bin/../lib/gcc/arm-none-eabi/13.3.1/../../../../arm-none-eabi/lib/thumb/v7e-m+dp/hard\libc_nano.a(libc_a-closer.o): note: the message above does not take linker garbage collection into account
[...]
  708 |                 sprintf( Number_Buffer , "%0.*d",len, number ); // 将 number 转换成字符串，便于显示
      |                 ^~~~~~~
../Core/Src/lcd_spi_200.c:708:17: note: include '<stdio.h>' or provide a declaration of 'sprintf'
../Core/Src/lcd_spi_200.c:708:42: warning: '0' flag ignored with precision and '%d' gnu_printf format [-Wformat=]
  708 |                 sprintf( Number_Buffer , "%0.*d",len, number ); // 将 number 转换成字符串，便于显示
      |                                          ^~~~~~~
../Core/Src/lcd_spi_200.c:708:47: warning: format '%d' expects argument of type 'int', but argument 4 has type 'int32_t' {aka 'long int'} [-Wformat=]
  708 |                 sprintf( Number_Buffer , "%0.*d",len, number ); // 将 number 转换成字符串，便于显示
      |                                           ~~~~^       ~~~~~~
      |                                               |       |
      |                                               int     int32_t {aka long int}
      |                                           %0.*ld
../Core/Src/lcd_spi_200.c:712:17: warning: incompatible implicit declaration of built-in function 'sprintf' [-Wbuiltin-declaration-mismatch]
  712 |                 sprintf( Number_Buffer , "%*d",len, number );   // 将 number 转换成字符串，便于显示
      |                 ^~~~~~~
../Core/Src/lcd_spi_200.c:712:17: note: include '<stdio.h>' or provide a declaration of 'sprintf'
../Core/Src/lcd_spi_200.c:712:45: warning: format '%d' expects argument of type 'int', but argument 4 has type 'int32_t' {aka 'long int'} [-Wformat=]
  712 |                 sprintf( Number_Buffer , "%*d",len, number );   // 将 number 转换成字符串，便于显示
      |                                           ~~^       ~~~~~~
      |                                             |       |
      |                                             int     int32_t {aka long int}
      |                                           %*ld
../Core/Src/lcd_spi_200.c: In function 'LCD_DisplayDecimals':
../Core/Src/spi.c: In function 'MX_SPI6_Init':
../Core/Src/lcd_spi_200.c:749:17: warning: incompatible implicit declaration of built-in function 'sprintf' [-Wbuiltin-declaration-mismatch]
  749 |                 sprintf( Number_Buffer , "%0*.*lf",len,decs, decimals );        // 将 number 转换成字符串，便于显示
      |                 ^~~~~~~
../Core/Src/lcd_spi_200.c:749:17: note: include '<stdio.h>' or provide a declaration of 'sprintf'
../Core/Src/spi.c:39:9: error: 'LCD_SPI' undeclared (first use in this function)
   39 |         LCD_SPI.Instance                                                                        = SPI6;                                                                                         //      使用SPI
      |         ^~~~~~~
../Core/Src/spi.c:39:9: note: each undeclared identifier is reported only once for each function it appears in
../Core/Src/lcd_spi_200.c:753:17: warning: incompatible implicit declaration of built-in function 'sprintf' [-Wbuiltin-declaration-mismatch]
  753 |                 sprintf( Number_Buffer , "%*.*lf",len,decs, decimals ); // 将 number 转换成字符串，便于显示
      |                 ^~~~~~~
../Core/Src/lcd_spi_200.c:753:17: note: include '<stdio.h>' or provide a declaration of 'sprintf'
../Core/Src/spi.c: In function 'HAL_SPI_MspInit':
../Core/Src/spi.c:78:17: error: 'GPIO_LDC_Backlight_CLK_ENABLE' undeclared (first use in this function)
   78 |                 GPIO_LDC_Backlight_CLK_ENABLE;   // 使能 背光        引脚时钟
      |                 ^~~~~~~~~~~~~~~~~~~~~~~~~~~~~
../Core/Src/spi.c:79:17: error: 'GPIO_LDC_DC_CLK_ENABLE' undeclared (first use in this function)
   79 |                 GPIO_LDC_DC_CLK_ENABLE;          // 使能 数据指令选择 引脚时钟
      |                 ^~~~~~~~~~~~~~~~~~~~~~
../Core/Src/spi.c:99:59: error: 'LCD_Backlight_PIN' undeclared (first use in this function)
   99 |                         GPIO_InitStruct.Pin             = LCD_Backlight_PIN;                            // 背光 引脚
      |                                                           ^~~~~~~~~~~~~~~~~
../Core/Src/spi.c:103:39: error: 'LCD_Backlight_PORT' undeclared (first use in this function)
  103 |                         HAL_GPIO_Init(LCD_Backlight_PORT, &GPIO_InitStruct);    // 初始化
      |                                       ^~~~~~~~~~~~~~~~~~
../Core/Src/spi.c:106:59: error: 'LCD_DC_PIN' undeclared (first use in this function)
  106 |                         GPIO_InitStruct.Pin             = LCD_DC_PIN;                                 // 数据指令选择 引脚
      |                                                           ^~~~~~~~~~
../Core/Src/spi.c:110:39: error: 'LCD_DC_PORT' undeclared (first use in this function)
  110 |                         HAL_GPIO_Init(LCD_DC_PORT, &GPIO_InitStruct);         // 初始化
      |                                       ^~~~~~~~~~~
../Core/Src/spi.c:72:28: warning: unused variable 'PeriphClkInitStruct' [-Wunused-variable]
   72 |   RCC_PeriphCLKInitTypeDef PeriphClkInitStruct = {0};
      |                            ^~~~~~~~~~~~~~~~~~~
make: *** [Core/Src/subdir.mk:52: Core/Src/spi.o] Error 1
make: *** Waiting for unfinished jobs....
"make -j20 all" terminated with exit code 2. Build might be incomplete.
13:00:01 **** Incremental Build of configuration Debug for project fasong ****
make -j20 all 
arm-none-eabi-gcc "../Core/Src/lcd_spi_200.c" -mcpu=cortex-m7 -std=gnu11 -g3 -DDEBUG -DUSE_PWR_LDO_SUPPLY -DUSE_HAL_DRIVER -DSTM32H723xx -c -I../Core/Inc -I../Drivers/STM32H7xx_HAL_Driver/Inc -I../Drivers/STM32H7xx_HAL_Driver/Inc/Legacy -I../Drivers/CMSIS/Device/ST/STM32H7xx/Include -I../Drivers/CMSIS/Include -O0 -ffunction-sections -fdata-sections -Wall -fstack-usage -fcyclomatic-complexity -MMD -MP -MF"Core/Src/lcd_spi_200.d" -MT"Core/Src/lcd_spi_200.o" --specs=nano.specs -mfpu=fpv5-d16 -mfloat-abi=hard -mthumb -o "Core/Src/lcd_spi_200.o"
arm-none-eabi-gcc "../Core/Src/spi.c" -mcpu=cortex-m7 -std=gnu11 -g3 -DDEBUG -DUSE_PWR_LDO_SUPPLY -DUSE_HAL_DRIVER -DSTM32H723xx -c -I../Core/Inc -I../Drivers/STM32H7xx_HAL_Driver/Inc -I../Drivers/STM32H7xx_HAL_Driver/Inc/Legacy -I../Drivers/CMSIS/Device/ST/STM32H7xx/Include -I../Drivers/CMSIS/Include -O0 -ffunction-sections -fdata-sections -Wall -fstack-usage -fcyclomatic-complexity -MMD -MP -MF"Core/Src/spi.d" -MT"Core/Src/spi.o" --specs=nano.specs -mfpu=fpv5-d16 -mfloat-abi=hard -mthumb -o "Core/Src/spi.o"
../Core/Src/lcd_spi_200.c: In function 'LCD_DisplayNumber':
../Core/Src/lcd_spi_200.c:708:17: warning: implicit declaration of function 'sprintf' [-Wimplicit-function-declaration]
  708 |                 sprintf( Number_Buffer , "%0.*d",len, number ); // 将 number 转换成字符串，便于显示
      |                 ^~~~~~~
../Core/Src/lcd_spi_200.c:26:1: note: include '<stdio.h>' or provide a declaration of 'sprintf'
   25 | #include "spi.h"
  +++ |+#include <stdio.h>
   26 | extern SPI_HandleTypeDef hspi6;                 // SPI_HandleTypeDef 结构体变量
../Core/Src/lcd_spi_200.c:708:17: warning: incompatible implicit declaration of built-in function 'sprintf' [-Wbuiltin-declaration-mismatch]
  708 |                 sprintf( Number_Buffer , "%0.*d",len, number ); // 将 number 转换成字符串，便于显示
      |                 ^~~~~~~
../Core/Src/lcd_spi_200.c:708:17: note: include '<stdio.h>' or provide a declaration of 'sprintf'
../Core/Src/lcd_spi_200.c:708:42: warning: '0' flag ignored with precision and '%d' gnu_printf format [-Wformat=]
  708 |                 sprintf( Number_Buffer , "%0.*d",len, number ); // 将 number 转换成字符串，便于显示
      |                                          ^~~~~~~
../Core/Src/lcd_spi_200.c:708:47: warning: format '%d' expects argument of type 'int', but argument 4 has type 'int32_t' {aka 'long int'} [-Wformat=]
  708 |                 sprintf( Number_Buffer , "%0.*d",len, number ); // 将 number 转换成字符串，便于显示
      |                                           ~~~~^       ~~~~~~
      |                                               |       |
      |                                               int     int32_t {aka long int}
      |                                           %0.*ld
../Core/Src/lcd_spi_200.c:712:17: warning: incompatible implicit declaration of built-in function 'sprintf' [-Wbuiltin-declaration-mismatch]
  712 |                 sprintf( Number_Buffer , "%*d",len, number );   // 将 number 转换成字符串，便于显示
      |                 ^~~~~~~
../Core/Src/lcd_spi_200.c:712:17: note: include '<stdio.h>' or provide a declaration of 'sprintf'
../Core/Src/lcd_spi_200.c:712:45: warning: format '%d' expects argument of type 'int', but argument 4 has type 'int32_t' {aka 'long int'} [-Wformat=]
  712 |                 sprintf( Number_Buffer , "%*d",len, number );   // 将 number 转换成字符串，便于显示
      |                                           ~~^       ~~~~~~
      |                                             |       |
      |                                             int     int32_t {aka long int}
      |                                           %*ld
../Core/Src/lcd_spi_200.c: In function 'LCD_DisplayDecimals':
../Core/Src/lcd_spi_200.c:749:17: warning: incompatible implicit declaration of built-in function 'sprintf' [-Wbuiltin-declaration-mismatch]
  749 |                 sprintf( Number_Buffer , "%0*.*lf",len,decs, decimals );        // 将 number 转换成字符串，便于显示
      |                 ^~~~~~~
../Core/Src/lcd_spi_200.c:749:17: note: include '<stdio.h>' or provide a declaration of 'sprintf'
../Core/Src/lcd_spi_200.c:753:17: warning: incompatible implicit declaration of built-in function 'sprintf' [-Wbuiltin-declaration-mismatch]
  753 |                 sprintf( Number_Buffer , "%*.*lf",len,decs, decimals ); // 将 number 转换成字符串，便于显示
      |                 ^~~~~~~
../Core/Src/lcd_spi_200.c:753:17: note: include '<stdio.h>' or provide a declaration of 'sprintf'
../Core/Src/spi.c: In function 'MX_SPI6_Init':
../Core/Src/spi.c:39:9: error: 'LCD_SPI' undeclared (first use in this function)
   39 |         LCD_SPI.Instance                                                                        = SPI6;                                                                                         //      使用SPI
      |         ^~~~~~~
../Core/Src/spi.c:39:9: note: each undeclared identifier is reported only once for each function it appears in
../Core/Src/spi.c: In function 'HAL_SPI_MspInit':
../Core/Src/spi.c:72:28: warning: unused variable 'PeriphClkInitStruct' [-Wunused-variable]
   72 |   RCC_PeriphCLKInitTypeDef PeriphClkInitStruct = {0};
      |                            ^~~~~~~~~~~~~~~~~~~
make: *** [Core/Src/subdir.mk:52: Core/Src/spi.o] Error 1
make: *** Waiting for unfinished jobs....
"make -j20 all" terminated with exit code 2. Build might be incomplete.
13:00:52 **** Incremental Build of configuration Debug for project fasong ****
make -j20 all 
arm-none-eabi-gcc "../Core/Src/lcd_spi_200.c" -mcpu=cortex-m7 -std=gnu11 -g3 -DDEBUG -DUSE_PWR_LDO_SUPPLY -DUSE_HAL_DRIVER -DSTM32H723xx -c -I../Core/Inc -I../Drivers/STM32H7xx_HAL_Driver/Inc -I../Drivers/STM32H7xx_HAL_Driver/Inc/Legacy -I../Drivers/CMSIS/Device/ST/STM32H7xx/Include -I../Drivers/CMSIS/Include -O0 -ffunction-sections -fdata-sections -Wall -fstack-usage -fcyclomatic-complexity -MMD -MP -MF"Core/Src/lcd_spi_200.d" -MT"Core/Src/lcd_spi_200.o" --specs=nano.specs -mfpu=fpv5-d16 -mfloat-abi=hard -mthumb -o "Core/Src/lcd_spi_200.o"
arm-none-eabi-gcc "../Core/Src/spi.c" -mcpu=cortex-m7 -std=gnu11 -g3 -DDEBUG -DUSE_PWR_LDO_SUPPLY -DUSE_HAL_DRIVER -DSTM32H723xx -c -I../Core/Inc -I../Drivers/STM32H7xx_HAL_Driver/Inc -I../Drivers/STM32H7xx_HAL_Driver/Inc/Legacy -I../Drivers/CMSIS/Device/ST/STM32H7xx/Include -I../Drivers/CMSIS/Include -O0 -ffunction-sections -fdata-sections -Wall -fstack-usage -fcyclomatic-complexity -MMD -MP -MF"Core/Src/spi.d" -MT"Core/Src/spi.o" --specs=nano.specs -mfpu=fpv5-d16 -mfloat-abi=hard -mthumb -o "Core/Src/spi.o"
../Core/Src/spi.c: In function 'HAL_SPI_MspInit':
../Core/Src/spi.c:72:28: warning: unused variable 'PeriphClkInitStruct' [-Wunused-variable]
   72 |   RCC_PeriphCLKInitTypeDef PeriphClkInitStruct = {0};
      |                            ^~~~~~~~~~~~~~~~~~~
../Core/Src/lcd_spi_200.c: In function 'LCD_DisplayNumber':
../Core/Src/lcd_spi_200.c:707:17: warning: implicit declaration of function 'sprintf' [-Wimplicit-function-declaration]
  707 |                 sprintf( Number_Buffer , "%0.*d",len, number ); // 将 number 转换成字符串，便于显示
      |                 ^~~~~~~
../Core/Src/lcd_spi_200.c:26:1: note: include '<stdio.h>' or provide a declaration of 'sprintf'
   25 | #include "spi.h"
  +++ |+#include <stdio.h>
   26 | extern SPI_HandleTypeDef hspi6;                 // SPI_HandleTypeDef 结构体变量
../Core/Src/lcd_spi_200.c:707:17: warning: incompatible implicit declaration of built-in function 'sprintf' [-Wbuiltin-declaration-mismatch]
  707 |                 sprintf( Number_Buffer , "%0.*d",len, number ); // 将 number 转换成字符串，便于显示
      |                 ^~~~~~~
../Core/Src/lcd_spi_200.c:707:17: note: include '<stdio.h>' or provide a declaration of 'sprintf'
../Core/Src/lcd_spi_200.c:707:42: warning: '0' flag ignored with precision and '%d' gnu_printf format [-Wformat=]
  707 |                 sprintf( Number_Buffer , "%0.*d",len, number ); // 将 number 转换成字符串，便于显示
      |                                          ^~~~~~~
../Core/Src/lcd_spi_200.c:707:47: warning: format '%d' expects argument of type 'int', but argument 4 has type 'int32_t' {aka 'long int'} [-Wformat=]
  707 |                 sprintf( Number_Buffer , "%0.*d",len, number ); // 将 number 转换成字符串，便于显示
      |                                           ~~~~^       ~~~~~~
      |                                               |       |
      |                                               int     int32_t {aka long int}
      |                                           %0.*ld
../Core/Src/lcd_spi_200.c:711:17: warning: incompatible implicit declaration of built-in function 'sprintf' [-Wbuiltin-declaration-mismatch]
  711 |                 sprintf( Number_Buffer , "%*d",len, number );   // 将 number 转换成字符串，便于显示
      |                 ^~~~~~~
../Core/Src/lcd_spi_200.c:711:17: note: include '<stdio.h>' or provide a declaration of 'sprintf'
../Core/Src/lcd_spi_200.c:711:45: warning: format '%d' expects argument of type 'int', but argument 4 has type 'int32_t' {aka 'long int'} [-Wformat=]
  711 |                 sprintf( Number_Buffer , "%*d",len, number );   // 将 number 转换成字符串，便于显示
      |                                           ~~^       ~~~~~~
      |                                             |       |
      |                                             int     int32_t {aka long int}
      |                                           %*ld
../Core/Src/lcd_spi_200.c: In function 'LCD_DisplayDecimals':
../Core/Src/lcd_spi_200.c:748:17: warning: incompatible implicit declaration of built-in function 'sprintf' [-Wbuiltin-declaration-mismatch]
  748 |                 sprintf( Number_Buffer , "%0*.*lf",len,decs, decimals );        // 将 number 转换成字符串，便于显示
      |                 ^~~~~~~
../Core/Src/lcd_spi_200.c:748:17: note: include '<stdio.h>' or provide a declaration of 'sprintf'
../Core/Src/lcd_spi_200.c:752:17: warning: incompatible implicit declaration of built-in function 'sprintf' [-Wbuiltin-declaration-mismatch]
  752 |                 sprintf( Number_Buffer , "%*.*lf",len,decs, decimals ); // 将 number 转换成字符串，便于显示
      |                 ^~~~~~~
../Core/Src/lcd_spi_200.c:752:17: note: include '<stdio.h>' or provide a declaration of 'sprintf'
arm-none-eabi-gcc -o "fasong.elf" @"objects.list"   -mcpu=cortex-m7 -T"C:\Users\11433\Desktop\target_vehicle_control code\fasong\fasong\STM32H723ZGTX_FLASH.ld" --specs=nosys.specs -Wl,-Map="fasong.map" -Wl,--gc-sections -static --specs=nano.specs -mfpu=fpv5-d16 -mfloat-abi=hard -mthumb -Wl,--start-group -lc -lm -Wl,--end-group
Finished building target: fasong.elf
 
arm-none-eabi-size  fasong.elf 
arm-none-eabi-objdump -h -S fasong.elf  > "fasong.list"
   text	   data	    bss	    dec	    hex	filename
  36888	    108	   2564	  39560	   9a88	fasong.elf
Finished building: default.size.stdout
 
Finished building: fasong.list
 
13:01:27 **** Incremental Build of configuration Debug for project fasong ****
make -j20 all 
arm-none-eabi-gcc "../Core/Src/lcd_spi_200.c" -mcpu=cortex-m7 -std=gnu11 -g3 -DDEBUG -DUSE_PWR_LDO_SUPPLY -DUSE_HAL_DRIVER -DSTM32H723xx -c -I../Core/Inc -I../Drivers/STM32H7xx_HAL_Driver/Inc -I../Drivers/STM32H7xx_HAL_Driver/Inc/Legacy -I../Drivers/CMSIS/Device/ST/STM32H7xx/Include -I../Drivers/CMSIS/Include -O0 -ffunction-sections -fdata-sections -Wall -fstack-usage -fcyclomatic-complexity -MMD -MP -MF"Core/Src/lcd_spi_200.d" -MT"Core/Src/lcd_spi_200.o" --specs=nano.specs -mfpu=fpv5-d16 -mfloat-abi=hard -mthumb -o "Core/Src/lcd_spi_200.o"
../Core/Src/lcd_spi_200.c: In function 'LCD_DisplayNumber':
../Core/Src/lcd_spi_200.c:708:42: warning: '0' flag ignored with precision and '%d' gnu_printf format [-Wformat=]
  708 |                 sprintf( Number_Buffer , "%0.*d",len, number ); // 将 number 转换成字符串，便于显示
      |                                          ^~~~~~~
../Core/Src/lcd_spi_200.c:708:47: warning: format '%d' expects argument of type 'int', but argument 4 has type 'int32_t' {aka 'long int'} [-Wformat=]
  708 |                 sprintf( Number_Buffer , "%0.*d",len, number ); // 将 number 转换成字符串，便于显示
      |                                           ~~~~^       ~~~~~~
      |                                               |       |
      |                                               int     int32_t {aka long int}
      |                                           %0.*ld
../Core/Src/lcd_spi_200.c:712:45: warning: format '%d' expects argument of type 'int', but argument 4 has type 'int32_t' {aka 'long int'} [-Wformat=]
  712 |                 sprintf( Number_Buffer , "%*d",len, number );   // 将 number 转换成字符串，便于显示
      |                                           ~~^       ~~~~~~
      |                                             |       |
      |                                             int     int32_t {aka long int}
      |                                           %*ld
arm-none-eabi-gcc -o "fasong.elf" @"objects.list"   -mcpu=cortex-m7 -T"C:\Users\11433\Desktop\target_vehicle_control code\fasong\fasong\STM32H723ZGTX_FLASH.ld" --specs=nosys.specs -Wl,-Map="fasong.map" -Wl,--gc-sections -static --specs=nano.specs -mfpu=fpv5-d16 -mfloat-abi=hard -mthumb -Wl,--start-group -lc -lm -Wl,--end-group
Finished building target: fasong.elf
 
arm-none-eabi-size  fasong.elf 
arm-none-eabi-objdump -h -S fasong.elf  > "fasong.list"
   text	   data	    bss	    dec	    hex	filename
  36888	    108	   2564	  39560	   9a88	fasong.elf
Finished building: default.size.stdout
 
Finished building: fasong.list
 
13:03:17 **** Incremental Build of configuration Debug for project fasong ****
make -j20 all 
arm-none-eabi-gcc "../Core/Src/main.c" -mcpu=cortex-m7 -std=gnu11 -g3 -DDEBUG -DUSE_PWR_LDO_SUPPLY -DUSE_HAL_DRIVER -DSTM32H723xx -c -I../Core/Inc -I../Drivers/STM32H7xx_HAL_Driver/Inc -I../Drivers/STM32H7xx_HAL_Driver/Inc/Legacy -I../Drivers/CMSIS/Device/ST/STM32H7xx/Include -I../Drivers/CMSIS/Include -O0 -ffunction-sections -fdata-sections -Wall -fstack-usage -fcyclomatic-complexity -MMD -MP -MF"Core/Src/main.d" -MT"Core/Src/main.o" --specs=nano.specs -mfpu=fpv5-d16 -mfloat-abi=hard -mthumb -o "Core/Src/main.o"
arm-none-eabi-gcc -o "fasong.elf" @"objects.list"   -mcpu=cortex-m7 -T"C:\Users\11433\Desktop\target_vehicle_control code\fasong\fasong\STM32H723ZGTX_FLASH.ld" --specs=nosys.specs -Wl,-Map="fasong.map" -Wl,--gc-sections -static --specs=nano.specs -mfpu=fpv5-d16 -mfloat-abi=hard -mthumb -Wl,--start-group -lc -lm -Wl,--end-group
Finished building target: fasong.elf
 
arm-none-eabi-size  fasong.elf 
arm-none-eabi-objdump -h -S fasong.elf  > "fasong.list"
   text	   data	    bss	    dec	    hex	filename
  41280	     28	   4300	  45608	   b228	fasong.elf
Finished building: default.size.stdout
 
Finished building: fasong.list
 
